Archive member included to satisfy reference by file (symbol)

/home/cartogan/Ac6/SystemWorkbench/plugins/fr.ac6.mcu.externaltools.arm-none.linux64_1.17.0.201812190825/tools/compiler/bin/../lib/gcc/arm-none-eabi/7.3.1/../../../../arm-none-eabi/lib/thumb/v7e-m/fpv4-sp/hard/libc.a(lib_a-errno.o)
                              src/syscalls.o (__errno)
/home/cartogan/Ac6/SystemWorkbench/plugins/fr.ac6.mcu.externaltools.arm-none.linux64_1.17.0.201812190825/tools/compiler/bin/../lib/gcc/arm-none-eabi/7.3.1/../../../../arm-none-eabi/lib/thumb/v7e-m/fpv4-sp/hard/libc.a(lib_a-exit.o)
                              /home/cartogan/Ac6/SystemWorkbench/plugins/fr.ac6.mcu.externaltools.arm-none.linux64_1.17.0.201812190825/tools/compiler/bin/../lib/gcc/arm-none-eabi/7.3.1/../../../../arm-none-eabi/lib/thumb/v7e-m/fpv4-sp/hard/crt0.o (exit)
/home/cartogan/Ac6/SystemWorkbench/plugins/fr.ac6.mcu.externaltools.arm-none.linux64_1.17.0.201812190825/tools/compiler/bin/../lib/gcc/arm-none-eabi/7.3.1/../../../../arm-none-eabi/lib/thumb/v7e-m/fpv4-sp/hard/libc.a(lib_a-impure.o)
                              /home/cartogan/Ac6/SystemWorkbench/plugins/fr.ac6.mcu.externaltools.arm-none.linux64_1.17.0.201812190825/tools/compiler/bin/../lib/gcc/arm-none-eabi/7.3.1/../../../../arm-none-eabi/lib/thumb/v7e-m/fpv4-sp/hard/libc.a(lib_a-exit.o) (_global_impure_ptr)
/home/cartogan/Ac6/SystemWorkbench/plugins/fr.ac6.mcu.externaltools.arm-none.linux64_1.17.0.201812190825/tools/compiler/bin/../lib/gcc/arm-none-eabi/7.3.1/../../../../arm-none-eabi/lib/thumb/v7e-m/fpv4-sp/hard/libc.a(lib_a-init.o)
                              /home/cartogan/Ac6/SystemWorkbench/plugins/fr.ac6.mcu.externaltools.arm-none.linux64_1.17.0.201812190825/tools/compiler/bin/../lib/gcc/arm-none-eabi/7.3.1/../../../../arm-none-eabi/lib/thumb/v7e-m/fpv4-sp/hard/crt0.o (__libc_init_array)
/home/cartogan/Ac6/SystemWorkbench/plugins/fr.ac6.mcu.externaltools.arm-none.linux64_1.17.0.201812190825/tools/compiler/bin/../lib/gcc/arm-none-eabi/7.3.1/../../../../arm-none-eabi/lib/thumb/v7e-m/fpv4-sp/hard/libc.a(lib_a-malloc.o)
                              src/motor_control.o (malloc)
/home/cartogan/Ac6/SystemWorkbench/plugins/fr.ac6.mcu.externaltools.arm-none.linux64_1.17.0.201812190825/tools/compiler/bin/../lib/gcc/arm-none-eabi/7.3.1/../../../../arm-none-eabi/lib/thumb/v7e-m/fpv4-sp/hard/libc.a(lib_a-mallocr.o)
                              /home/cartogan/Ac6/SystemWorkbench/plugins/fr.ac6.mcu.externaltools.arm-none.linux64_1.17.0.201812190825/tools/compiler/bin/../lib/gcc/arm-none-eabi/7.3.1/../../../../arm-none-eabi/lib/thumb/v7e-m/fpv4-sp/hard/libc.a(lib_a-malloc.o) (_malloc_r)
/home/cartogan/Ac6/SystemWorkbench/plugins/fr.ac6.mcu.externaltools.arm-none.linux64_1.17.0.201812190825/tools/compiler/bin/../lib/gcc/arm-none-eabi/7.3.1/../../../../arm-none-eabi/lib/thumb/v7e-m/fpv4-sp/hard/libc.a(lib_a-memset.o)
                              /home/cartogan/Ac6/SystemWorkbench/plugins/fr.ac6.mcu.externaltools.arm-none.linux64_1.17.0.201812190825/tools/compiler/bin/../lib/gcc/arm-none-eabi/7.3.1/../../../../arm-none-eabi/lib/thumb/v7e-m/fpv4-sp/hard/crt0.o (memset)
/home/cartogan/Ac6/SystemWorkbench/plugins/fr.ac6.mcu.externaltools.arm-none.linux64_1.17.0.201812190825/tools/compiler/bin/../lib/gcc/arm-none-eabi/7.3.1/../../../../arm-none-eabi/lib/thumb/v7e-m/fpv4-sp/hard/libc.a(lib_a-mlock.o)
                              /home/cartogan/Ac6/SystemWorkbench/plugins/fr.ac6.mcu.externaltools.arm-none.linux64_1.17.0.201812190825/tools/compiler/bin/../lib/gcc/arm-none-eabi/7.3.1/../../../../arm-none-eabi/lib/thumb/v7e-m/fpv4-sp/hard/libc.a(lib_a-mallocr.o) (__malloc_lock)
/home/cartogan/Ac6/SystemWorkbench/plugins/fr.ac6.mcu.externaltools.arm-none.linux64_1.17.0.201812190825/tools/compiler/bin/../lib/gcc/arm-none-eabi/7.3.1/../../../../arm-none-eabi/lib/thumb/v7e-m/fpv4-sp/hard/libc.a(lib_a-sbrkr.o)
                              /home/cartogan/Ac6/SystemWorkbench/plugins/fr.ac6.mcu.externaltools.arm-none.linux64_1.17.0.201812190825/tools/compiler/bin/../lib/gcc/arm-none-eabi/7.3.1/../../../../arm-none-eabi/lib/thumb/v7e-m/fpv4-sp/hard/libc.a(lib_a-mallocr.o) (_sbrk_r)
/home/cartogan/Ac6/SystemWorkbench/plugins/fr.ac6.mcu.externaltools.arm-none.linux64_1.17.0.201812190825/tools/compiler/bin/../lib/gcc/arm-none-eabi/7.3.1/../../../../arm-none-eabi/lib/thumb/v7e-m/fpv4-sp/hard/libc.a(lib_a-strcmp.o)
                              src/test_functions.o (strcmp)
/home/cartogan/Ac6/SystemWorkbench/plugins/fr.ac6.mcu.externaltools.arm-none.linux64_1.17.0.201812190825/tools/compiler/bin/../lib/gcc/arm-none-eabi/7.3.1/../../../../arm-none-eabi/lib/thumb/v7e-m/fpv4-sp/hard/libc.a(lib_a-strlen.o)
                              src/test_functions.o (strlen)
/home/cartogan/Ac6/SystemWorkbench/plugins/fr.ac6.mcu.externaltools.arm-none.linux64_1.17.0.201812190825/tools/compiler/bin/../lib/gcc/arm-none-eabi/7.3.1/../../../../arm-none-eabi/lib/thumb/v7e-m/fpv4-sp/hard/libc.a(lib_a-__call_atexit.o)
[...]
Memory Configuration

Name             Origin             Length             Attributes
FLASH            0x0000000008000000 0x0000000000100000 xr
RAM              0x0000000020000000 0x0000000000018000 xrw
RAM2             0x0000000010000000 0x0000000000008000 xrw
*default*        0x0000000000000000 0xffffffffffffffff

Linker script and memory map

LOAD /home/cartogan/Ac6/SystemWorkbench/plugins/fr.ac6.mcu.externaltools.arm-none.linux64_1.17.0.201812190825/tools/compiler/bin/../lib/gcc/arm-none-eabi/7.3.1/thumb/v7e-m/fpv4-sp/hard/crti.o
LOAD /home/cartogan/Ac6/SystemWorkbench/plugins/fr.ac6.mcu.externaltools.arm-none.linux64_1.17.0.201812190825/tools/compiler/bin/../lib/gcc/arm-none-eabi/7.3.1/thumb/v7e-m/fpv4-sp/hard/crtbegin.o
LOAD /home/cartogan/Ac6/SystemWorkbench/plugins/fr.ac6.mcu.externaltools.arm-none.linux64_1.17.0.201812190825/tools/compiler/bin/../lib/gcc/arm-none-eabi/7.3.1/../../../../arm-none-eabi/lib/thumb/v7e-m/fpv4-sp/hard/crt0.o
LOAD HAL_Driver/Src/stm32l4xx_hal.o
LOAD HAL_Driver/Src/stm32l4xx_hal_cortex.o
LOAD HAL_Driver/Src/stm32l4xx_hal_dma.o
LOAD HAL_Driver/Src/stm32l4xx_hal_dma2d.o
LOAD HAL_Driver/Src/stm32l4xx_hal_flash.o
LOAD HAL_Driver/Src/stm32l4xx_hal_flash_ex.o
LOAD HAL_Driver/Src/stm32l4xx_hal_flash_ramfunc.o
LOAD HAL_Driver/Src/stm32l4xx_hal_gpio.o
LOAD HAL_Driver/Src/stm32l4xx_hal_pwr.o
LOAD HAL_Driver/Src/stm32l4xx_hal_pwr_ex.o
LOAD HAL_Driver/Src/stm32l4xx_hal_rcc.o
LOAD HAL_Driver/Src/stm32l4xx_hal_rcc_ex.o
LOAD HAL_Driver/Src/stm32l4xx_hal_tim.o
LOAD HAL_Driver/Src/stm32l4xx_hal_tim_ex.o
LOAD HAL_Driver/Src/stm32l4xx_hal_timebase_tim_template.o
LOAD HAL_Driver/Src/stm32l4xx_ll_adc.o
LOAD HAL_Driver/Src/stm32l4xx_ll_comp.o
LOAD HAL_Driver/Src/stm32l4xx_ll_crc.o
LOAD HAL_Driver/Src/stm32l4xx_ll_crs.o
LOAD HAL_Driver/Src/stm32l4xx_ll_dac.o
LOAD HAL_Driver/Src/stm32l4xx_ll_dma.o
LOAD HAL_Driver/Src/stm32l4xx_ll_dma2d.o
LOAD HAL_Driver/Src/stm32l4xx_ll_exti.o
LOAD HAL_Driver/Src/stm32l4xx_ll_fmc.o
LOAD HAL_Driver/Src/stm32l4xx_ll_gpio.o
LOAD HAL_Driver/Src/stm32l4xx_ll_i2c.o
LOAD HAL_Driver/Src/stm32l4xx_ll_lptim.o
LOAD HAL_Driver/Src/stm32l4xx_ll_lpuart.o
LOAD HAL_Driver/Src/stm32l4xx_ll_opamp.o
LOAD HAL_Driver/Src/stm32l4xx_ll_pwr.o
LOAD HAL_Driver/Src/stm32l4xx_ll_rcc.o
LOAD HAL_Driver/Src/stm32l4xx_ll_rng.o
LOAD HAL_Driver/Src/stm32l4xx_ll_rtc.o
LOAD HAL_Driver/Src/stm32l4xx_ll_sdmmc.o
LOAD HAL_Driver/Src/stm32l4xx_ll_spi.o
LOAD HAL_Driver/Src/stm32l4xx_ll_swpmi.o
LOAD HAL_Driver/Src/stm32l4xx_ll_tim.o
LOAD HAL_Driver/Src/stm32l4xx_ll_usart.o
LOAD HAL_Driver/Src/stm32l4xx_ll_usb.o
LOAD HAL_Driver/Src/stm32l4xx_ll_utils.o
LOAD Utilities/STM32L4xx_Nucleo/stm32l4xx_nucleo.o
LOAD src/main.o
LOAD src/motor_control.o
LOAD src/stm32l4xx_it.o
LOAD src/syscalls.o
LOAD src/system_stm32l4xx.o
LOAD src/test_functions.o
LOAD startup/startup_stm32l476xx.o
LOAD /home/cartogan/Ac6/SystemWorkbench/plugins/fr.ac6.mcu.externaltools.arm-none.linux64_1.17.0.201812190825/tools/compiler/bin/../lib/gcc/arm-none-eabi/7.3.1/../../../../arm-none-eabi/lib/thumb/v7e-m/fpv4-sp/hard/libm.a
START GROUP
LOAD /home/cartogan/Ac6/SystemWorkbench/plugins/fr.ac6.mcu.externaltools.arm-none.linux64_1.17.0.201812190825/tools/compiler/bin/../lib/gcc/arm-none-eabi/7.3.1/thumb/v7e-m/fpv4-sp/hard/libgcc.a
LOAD /home/cartogan/Ac6/SystemWorkbench/plugins/fr.ac6.mcu.externaltools.arm-none.linux64_1.17.0.201812190825/tools/compiler/bin/../lib/gcc/arm-none-eabi/7.3.1/../../../../arm-none-eabi/lib/thumb/v7e-m/fpv4-sp/hard/libc.a
END GROUP
LOAD /home/cartogan/Ac6/SystemWorkbench/plugins/fr.ac6.mcu.externaltools.arm-none.linux64_1.17.0.201812190825/tools/compiler/bin/../lib/gcc/arm-none-eabi/7.3.1/thumb/v7e-m/fpv4-sp/hard/crtend.o
LOAD /home/cartogan/Ac6/SystemWorkbench/plugins/fr.ac6.mcu.externaltools.arm-none.linux64_1.17.0.201812190825/tools/compiler/bin/../lib/gcc/arm-none-eabi/7.3.1/thumb/v7e-m/fpv4-sp/hard/crtn.o
                0x0000000020018000                _estack = 0x20018000
                0x0000000000000200                _Min_Heap_Size = 0x200
                0x0000000000000400                _Min_Stack_Size = 0x400

.isr_vector     0x0000000008000000      0x188
                0x0000000008000000                . = ALIGN (0x8)
 *(.isr_vector)
 .isr_vector    0x0000000008000000      0x188 startup/startup_stm32l476xx.o
                0x0000000008000000                g_pfnVectors
                0x0000000008000188                . = ALIGN (0x8)

.text           0x0000000008000188     0x44c8
                0x0000000008000188                . = ALIGN (0x8)
 *(.text)
 .text          0x0000000008000188       0x40 /home/cartogan/Ac6/SystemWorkbench/plugins/fr.ac6.mcu.externaltools.arm-none.linux64_1.17.0.201812190825/tools/compiler/bin/../lib/gcc/arm-none-eabi/7.3.1/thumb/v7e-m/fpv4-sp/hard/crtbegin.o
 *(.text*)
 .text.HAL_IncTick
                0x00000000080001c8       0x1c HAL_Driver/Src/stm32l4xx_hal.o
                0x00000000080001c8                HAL_IncTick
 .text.HAL_SYSTICK_IRQHandler
                0x00000000080001e4        0xc HAL_Driver/Src/stm32l4xx_hal_cortex.o
                0x00000000080001e4                HAL_SYSTICK_IRQHandler
 .text.HAL_SYSTICK_Callback
                0x00000000080001f0        0xe HAL_Driver/Src/stm32l4xx_hal_cortex.o
                0x00000000080001f0                HAL_SYSTICK_Callback
 .text.HAL_TIM_IRQHandler
                0x00000000080001fe      0x210 HAL_Driver/Src/stm32l4xx_hal_tim.o
                0x00000000080001fe                HAL_TIM_IRQHandler
 .text.HAL_TIM_OC_DelayElapsedCallback
                0x000000000800040e       0x14 HAL_Driver/Src/stm32l4xx_hal_tim.o
                0x000000000800040e                HAL_TIM_OC_DelayElapsedCallback
 .text.HAL_TIM_IC_CaptureCallback
                0x0000000008000422       0x14 HAL_Driver/Src/stm32l4xx_hal_tim.o
                0x0000000008000422                HAL_TIM_IC_CaptureCallback
 .text.HAL_TIM_PWM_PulseFinishedCallback
                0x0000000008000436       0x14 HAL_Driver/Src/stm32l4xx_hal_tim.o
                0x0000000008000436                HAL_TIM_PWM_PulseFinishedCallback
 .text.HAL_TIM_TriggerCallback
                0x000000000800044a       0x14 HAL_Driver/Src/stm32l4xx_hal_tim.o
                0x000000000800044a                HAL_TIM_TriggerCallback
 .text.HAL_TIMEx_CommutationCallback
                0x000000000800045e       0x14 HAL_Driver/Src/stm32l4xx_hal_tim_ex.o
                0x000000000800045e                HAL_TIMEx_CommutationCallback
 .text.HAL_TIMEx_BreakCallback
                0x0000000008000472       0x14 HAL_Driver/Src/stm32l4xx_hal_tim_ex.o
                0x0000000008000472                HAL_TIMEx_BreakCallback
 .text.HAL_TIM_PeriodElapsedCallback
                0x0000000008000486       0x14 HAL_Driver/Src/stm32l4xx_hal_timebase_tim_template.o
                0x0000000008000486                HAL_TIM_PeriodElapsedCallback
 *fill*         0x000000000800049a        0x2 
 .text.TIM6_DAC_IRQHandler
                0x000000000800049c       0x14 HAL_Driver/Src/stm32l4xx_hal_timebase_tim_template.o
                0x000000000800049c                TIM6_DAC_IRQHandler
 .text.LL_ADC_REG_SetSequencerLength
                0x00000000080004b0       0x26 HAL_Driver/Src/stm32l4xx_ll_adc.o
 .text.LL_ADC_IsEnabled
                0x00000000080004d6       0x26 HAL_Driver/Src/stm32l4xx_ll_adc.o
 .text.LL_ADC_CommonInit
                0x00000000080004fc       0x90 HAL_Driver/Src/stm32l4xx_ll_adc.o
                0x00000000080004fc                LL_ADC_CommonInit
 .text.LL_ADC_Init
                0x000000000800058c       0x4c HAL_Driver/Src/stm32l4xx_ll_adc.o
                0x000000000800058c                LL_ADC_Init
 .text.LL_ADC_REG_Init
                0x00000000080005d8       0x94 HAL_Driver/Src/stm32l4xx_ll_adc.o
                0x00000000080005d8                LL_ADC_REG_Init
 .text.LL_DMA_ConfigTransfer
                0x000000000800066c       0x4c HAL_Driver/Src/stm32l4xx_ll_dma.o
 .text.LL_DMA_SetDataLength
                0x00000000080006b8       0x48 HAL_Driver/Src/stm32l4xx_ll_dma.o
 .text.LL_DMA_SetMemoryAddress
                0x0000000008000700       0x30 HAL_Driver/Src/stm32l4xx_ll_dma.o
 .text.LL_DMA_SetPeriphAddress
                0x0000000008000730       0x30 HAL_Driver/Src/stm32l4xx_ll_dma.o
 .text.LL_DMA_SetPeriphRequest
                0x0000000008000760       0x62 HAL_Driver/Src/stm32l4xx_ll_dma.o
 .text.LL_DMA_ClearFlag_GI1
                0x00000000080007c2       0x1a HAL_Driver/Src/stm32l4xx_ll_dma.o
 .text.LL_DMA_ClearFlag_GI2
                0x00000000080007dc       0x1a HAL_Driver/Src/stm32l4xx_ll_dma.o
 .text.LL_DMA_ClearFlag_GI3
                0x00000000080007f6       0x1c HAL_Driver/Src/stm32l4xx_ll_dma.o
 .text.LL_DMA_ClearFlag_GI4
                0x0000000008000812       0x1c HAL_Driver/Src/stm32l4xx_ll_dma.o
 .text.LL_DMA_ClearFlag_GI5
                0x000000000800082e       0x1c HAL_Driver/Src/stm32l4xx_ll_dma.o
 .text.LL_DMA_ClearFlag_GI6
                0x000000000800084a       0x1c HAL_Driver/Src/stm32l4xx_ll_dma.o
 .text.LL_DMA_ClearFlag_GI7
                0x0000000008000866       0x1c HAL_Driver/Src/stm32l4xx_ll_dma.o
 *fill*         0x0000000008000882        0x2 
 .text.LL_AHB1_GRP1_ForceReset
                0x0000000008000884       0x24 HAL_Driver/Src/stm32l4xx_ll_dma.o
 .text.LL_AHB1_GRP1_ReleaseReset
                0x00000000080008a8       0x28 HAL_Driver/Src/stm32l4xx_ll_dma.o
 .text.LL_DMA_DeInit
                0x00000000080008d0      0x230 HAL_Driver/Src/stm32l4xx_ll_dma.o
                0x00000000080008d0                LL_DMA_DeInit
 .text.LL_DMA_Init
                0x0000000008000b00       0x80 HAL_Driver/Src/stm32l4xx_ll_dma.o
                0x0000000008000b00                LL_DMA_Init
 .text.LL_GPIO_SetPinMode
                0x0000000008000b80       0x5a HAL_Driver/Src/stm32l4xx_ll_gpio.o
 .text.LL_GPIO_SetPinOutputType
                0x0000000008000bda       0x30 HAL_Driver/Src/stm32l4xx_ll_gpio.o
 .text.LL_GPIO_SetPinSpeed
                0x0000000008000c0a       0x5a HAL_Driver/Src/stm32l4xx_ll_gpio.o
 .text.LL_GPIO_SetPinPull
                0x0000000008000c64       0x5a HAL_Driver/Src/stm32l4xx_ll_gpio.o
 .text.LL_GPIO_SetAFPin_0_7
                0x0000000008000cbe       0x5a HAL_Driver/Src/stm32l4xx_ll_gpio.o
 .text.LL_GPIO_SetAFPin_8_15
                0x0000000008000d18       0x5e HAL_Driver/Src/stm32l4xx_ll_gpio.o
 .text.LL_GPIO_Init
                0x0000000008000d76       0xf4 HAL_Driver/Src/stm32l4xx_ll_gpio.o
                0x0000000008000d76                LL_GPIO_Init
 *fill*         0x0000000008000e6a        0x2 
 .text.LL_RCC_HSI_IsReady
                0x0000000008000e6c       0x28 HAL_Driver/Src/stm32l4xx_ll_rcc.o
 .text.LL_RCC_LSE_IsReady
                0x0000000008000e94       0x28 HAL_Driver/Src/stm32l4xx_ll_rcc.o
 .text.LL_RCC_MSI_IsEnabledRangeSelect
                0x0000000008000ebc       0x24 HAL_Driver/Src/stm32l4xx_ll_rcc.o
 .text.LL_RCC_MSI_GetRange
                0x0000000008000ee0       0x1c HAL_Driver/Src/stm32l4xx_ll_rcc.o
 .text.LL_RCC_MSI_GetRangeAfterStandby
                0x0000000008000efc       0x1c HAL_Driver/Src/stm32l4xx_ll_rcc.o
 .text.LL_RCC_GetSysClkSource
                0x0000000008000f18       0x1c HAL_Driver/Src/stm32l4xx_ll_rcc.o
 .text.LL_RCC_GetAHBPrescaler
                0x0000000008000f34       0x1c HAL_Driver/Src/stm32l4xx_ll_rcc.o
 .text.LL_RCC_GetAPB1Prescaler
                0x0000000008000f50       0x1c HAL_Driver/Src/stm32l4xx_ll_rcc.o
 .text.LL_RCC_GetAPB2Prescaler
                0x0000000008000f6c       0x1c HAL_Driver/Src/stm32l4xx_ll_rcc.o
 .text.LL_RCC_GetUSARTClockSource
                0x0000000008000f88       0x28 HAL_Driver/Src/stm32l4xx_ll_rcc.o
 .text.LL_RCC_GetUARTClockSource
                0x0000000008000fb0       0x28 HAL_Driver/Src/stm32l4xx_ll_rcc.o
 .text.LL_RCC_PLL_GetN
                0x0000000008000fd8       0x1c HAL_Driver/Src/stm32l4xx_ll_rcc.o
 .text.LL_RCC_PLL_GetR
                0x0000000008000ff4       0x1c HAL_Driver/Src/stm32l4xx_ll_rcc.o
 .text.LL_RCC_PLL_GetMainSource
                0x0000000008001010       0x1c HAL_Driver/Src/stm32l4xx_ll_rcc.o
 .text.LL_RCC_PLL_GetDivider
                0x000000000800102c       0x1c HAL_Driver/Src/stm32l4xx_ll_rcc.o
 .text.LL_RCC_GetUSARTClockFreq
                0x0000000008001048      0x174 HAL_Driver/Src/stm32l4xx_ll_rcc.o
                0x0000000008001048                LL_RCC_GetUSARTClockFreq
 .text.LL_RCC_GetUARTClockFreq
                0x00000000080011bc       0xfc HAL_Driver/Src/stm32l4xx_ll_rcc.o
                0x00000000080011bc                LL_RCC_GetUARTClockFreq
 .text.RCC_GetSystemClockFreq
                0x00000000080012b8      0x124 HAL_Driver/Src/stm32l4xx_ll_rcc.o
                0x00000000080012b8                RCC_GetSystemClockFreq
 .text.RCC_GetHCLKClockFreq
                0x00000000080013dc       0x2c HAL_Driver/Src/stm32l4xx_ll_rcc.o
                0x00000000080013dc                RCC_GetHCLKClockFreq
 .text.RCC_GetPCLK1ClockFreq
                0x0000000008001408       0x28 HAL_Driver/Src/stm32l4xx_ll_rcc.o
                0x0000000008001408                RCC_GetPCLK1ClockFreq
 .text.RCC_GetPCLK2ClockFreq
                0x0000000008001430       0x28 HAL_Driver/Src/stm32l4xx_ll_rcc.o
                0x0000000008001430                RCC_GetPCLK2ClockFreq
 .text.RCC_PLL_GetFreqDomain_SYS
                0x0000000008001458      0x114 HAL_Driver/Src/stm32l4xx_ll_rcc.o
                0x0000000008001458                RCC_PLL_GetFreqDomain_SYS
 .text.LL_USART_IsEnabled
                0x000000000800156c       0x26 HAL_Driver/Src/stm32l4xx_ll_usart.o
 .text.LL_USART_SetStopBitsLength
                0x0000000008001592       0x26 HAL_Driver/Src/stm32l4xx_ll_usart.o
 .text.LL_USART_SetHWFlowCtrl
                0x00000000080015b8       0x26 HAL_Driver/Src/stm32l4xx_ll_usart.o
 .text.LL_USART_SetBaudRate
                0x00000000080015de       0x64 HAL_Driver/Src/stm32l4xx_ll_usart.o
 *fill*         0x0000000008001642        0x2 
 .text.LL_USART_Init
                0x0000000008001644       0xf8 HAL_Driver/Src/stm32l4xx_ll_usart.o
                0x0000000008001644                LL_USART_Init
 .text.LL_InitTick
                0x000000000800173c       0x34 HAL_Driver/Src/stm32l4xx_ll_utils.o
 .text.LL_Init1msTick
                0x0000000008001770       0x1a HAL_Driver/Src/stm32l4xx_ll_utils.o
                0x0000000008001770                LL_Init1msTick
 *fill*         0x000000000800178a        0x2 
 .text.LL_mDelay
                0x000000000800178c       0x48 HAL_Driver/Src/stm32l4xx_ll_utils.o
                0x000000000800178c                LL_mDelay
 .text.LL_SetSystemCoreClock
                0x00000000080017d4       0x20 HAL_Driver/Src/stm32l4xx_ll_utils.o
                0x00000000080017d4                LL_SetSystemCoreClock
 .text.NVIC_SetPriorityGrouping
                0x00000000080017f4       0x48 src/main.o
 .text.NVIC_GetPriorityGrouping
                0x000000000800183c       0x1c src/main.o
 .text.NVIC_EnableIRQ
                0x0000000008001858       0x34 src/main.o
 .text.NVIC_SetPriority
                0x000000000800188c       0x54 src/main.o
 .text.NVIC_EncodePriority
                0x00000000080018e0       0x66 src/main.o
 *fill*         0x0000000008001946        0x2 
 .text.LL_ADC_DMA_GetRegAddr
                0x0000000008001948       0x2c src/main.o
 .text.LL_ADC_REG_SetSequencerRanks
                0x0000000008001974       0x6a src/main.o
 .text.LL_ADC_SetChannelSamplingTime
                0x00000000080019de       0x92 src/main.o
 .text.LL_ADC_SetChannelSingleDiff
                0x0000000008001a70       0x48 src/main.o
 .text.LL_ADC_SetOverSamplingScope
                0x0000000008001ab8       0x2a src/main.o
 .text.LL_ADC_DisableDeepPowerDown
                0x0000000008001ae2       0x24 src/main.o
 .text.LL_ADC_EnableInternalRegulator
                0x0000000008001b06       0x28 src/main.o
 .text.LL_ADC_Enable
                0x0000000008001b2e       0x28 src/main.o
 .text.LL_ADC_IsEnabled
                0x0000000008001b56       0x26 src/main.o
 .text.LL_ADC_StartCalibration
                0x0000000008001b7c       0x32 src/main.o
 .text.LL_ADC_IsCalibrationOnGoing
                0x0000000008001bae       0x28 src/main.o
 .text.LL_ADC_REG_StartConversion
                0x0000000008001bd6       0x28 src/main.o
 .text.LL_ADC_IsActiveFlag_ADRDY
                0x0000000008001bfe       0x26 src/main.o
 .text.LL_ADC_EnableIT_EOC
                0x0000000008001c24       0x20 src/main.o
 .text.LL_ADC_DisableIT_EOS
                0x0000000008001c44       0x20 src/main.o
 .text.LL_RCC_MSI_Enable
                0x0000000008001c64       0x20 src/main.o
 .text.LL_RCC_MSI_IsReady
                0x0000000008001c84       0x24 src/main.o
 .text.LL_RCC_MSI_EnableRangeSelection
                0x0000000008001ca8       0x20 src/main.o
 .text.LL_RCC_MSI_SetRange
                0x0000000008001cc8       0x28 src/main.o
 .text.LL_RCC_MSI_SetCalibTrimming
                0x0000000008001cf0       0x2c src/main.o
 .text.LL_RCC_SetSysClkSource
                0x0000000008001d1c       0x28 src/main.o
 .text.LL_RCC_GetSysClkSource
                0x0000000008001d44       0x1c src/main.o
 .text.LL_RCC_SetAHBPrescaler
                0x0000000008001d60       0x28 src/main.o
 .text.LL_RCC_SetAPB1Prescaler
                0x0000000008001d88       0x28 src/main.o
 .text.LL_RCC_SetAPB2Prescaler
                0x0000000008001db0       0x28 src/main.o
 .text.LL_RCC_SetADCClockSource
                0x0000000008001dd8       0x2c src/main.o
 .text.LL_RCC_PLL_Enable
                0x0000000008001e04       0x20 src/main.o
 .text.LL_RCC_PLL_IsReady
                0x0000000008001e24       0x28 src/main.o
 .text.LL_RCC_PLL_ConfigDomain_SYS
                0x0000000008001e4c       0x40 src/main.o
 .text.LL_RCC_PLL_EnableDomain_SYS
                0x0000000008001e8c       0x20 src/main.o
 .text.LL_RCC_PLLSAI1_Enable
                0x0000000008001eac       0x20 src/main.o
 .text.LL_RCC_PLLSAI1_IsReady
                0x0000000008001ecc       0x28 src/main.o
 .text.LL_RCC_PLLSAI1_ConfigDomain_ADC
                0x0000000008001ef4       0x4c src/main.o
 .text.LL_RCC_PLLSAI1_EnableDomain_ADC
                0x0000000008001f40       0x20 src/main.o
 .text.LL_AHB1_GRP1_EnableClock
                0x0000000008001f60       0x30 src/main.o
 .text.LL_AHB2_GRP1_EnableClock
                0x0000000008001f90       0x30 src/main.o
 .text.LL_APB1_GRP1_EnableClock
                0x0000000008001fc0       0x30 src/main.o
 .text.LL_APB2_GRP1_EnableClock
                0x0000000008001ff0       0x30 src/main.o
 .text.LL_FLASH_SetLatency
                0x0000000008002020       0x28 src/main.o
 .text.LL_FLASH_GetLatency
                0x0000000008002048       0x1c src/main.o
 .text.LL_SYSTICK_SetClkSource
                0x0000000008002064       0x38 src/main.o
 .text.LL_PWR_SetRegulVoltageScaling
                0x000000000800209c       0x28 src/main.o
 .text.LL_DMA_EnableChannel
                0x00000000080020c4       0x40 src/main.o
 .text.LL_USART_Enable
                0x0000000008002104       0x20 src/main.o
 .text.LL_USART_ConfigAsyncMode
                0x0000000008002124       0x2c src/main.o
 .text.LL_USART_EnableIT_RXNE
                0x0000000008002150       0x20 src/main.o
 .text.LL_USART_EnableIT_TXE
                0x0000000008002170       0x20 src/main.o
 .text.LL_GPIO_EnablePinAnalogControl
                0x0000000008002190       0x22 src/main.o
 .text.LL_GPIO_SetOutputPin
                0x00000000080021b2       0x1c src/main.o
 .text.LL_GPIO_ResetOutputPin
                0x00000000080021ce       0x1c src/main.o
 *fill*         0x00000000080021ea        0x2 
 .text.main     0x00000000080021ec       0x48 src/main.o
                0x00000000080021ec                main
 .text.LL_Init  0x0000000008002234      0x120 src/main.o
 .text.SystemClock_Config
                0x0000000008002354       0xec src/main.o
                0x0000000008002354                SystemClock_Config
 .text.MX_ADC1_Init
                0x0000000008002440      0x130 src/main.o
 .text.MX_USART1_UART_Init
                0x0000000008002570       0x88 src/main.o
 .text.MX_GPIO_Init
                0x00000000080025f8       0xd0 src/main.o
 .text.Configure_DMA
                0x00000000080026c8       0x78 src/main.o
                0x00000000080026c8                Configure_DMA
 .text.Activate_ADC
                0x0000000008002740       0xa8 src/main.o
 .text._Error_Handler
                0x00000000080027e8        0xc src/main.o
                0x00000000080027e8                _Error_Handler
 .text.LL_USART_ReceiveData9
                0x00000000080027f4       0x20 src/motor_control.o
 .text.LL_GPIO_IsInputPinSet
                0x0000000008002814       0x2a src/motor_control.o
 .text.LL_GPIO_IsOutputPinSet
                0x000000000800283e       0x2a src/motor_control.o
 .text.LL_GPIO_SetOutputPin
                0x0000000008002868       0x1c src/motor_control.o
 .text.LL_GPIO_ResetOutputPin
                0x0000000008002884       0x1c src/motor_control.o
 .text.heap_overflow
                0x00000000080028a0       0x30 src/motor_control.o
 .text.set_addr
                0x00000000080028d0       0x64 src/motor_control.o
                0x00000000080028d0                set_addr
 .text.step_motor
                0x0000000008002934      0x1c8 src/motor_control.o
                0x0000000008002934                step_motor
 .text.check_mode
                0x0000000008002afc       0xc4 src/motor_control.o
                0x0000000008002afc                check_mode
 .text.manual_control
                0x0000000008002bc0      0x19c src/motor_control.o
                0x0000000008002bc0                manual_control
 .text.remote_control
                0x0000000008002d5c      0x5c4 src/motor_control.o
                0x0000000008002d5c                remote_control
 .text.stop_motor
                0x0000000008003320       0x70 src/motor_control.o
                0x0000000008003320                stop_motor
 .text.read_cmd
                0x0000000008003390      0x2c4 src/motor_control.o
                0x0000000008003390                read_cmd
 .text.set_LEDs
                0x0000000008003654       0x98 src/motor_control.o
                0x0000000008003654                set_LEDs
 .text.get_opto
                0x00000000080036ec       0x48 src/motor_control.o
                0x00000000080036ec                get_opto
 .text.check_opto_flag
                0x0000000008003734       0x50 src/motor_control.o
                0x0000000008003734                check_opto_flag
 .text.calculate_ratio_to_max
                0x0000000008003784       0x8c src/motor_control.o
                0x0000000008003784                calculate_ratio_to_max
 .text.max_steps_current_cmd
                0x0000000008003810       0x60 src/motor_control.o
                0x0000000008003810                max_steps_current_cmd
 .text.LL_USART_IsActiveFlag_RXNE
                0x0000000008003870       0x26 src/stm32l4xx_it.o
 .text.LL_USART_IsActiveFlag_TXE
                0x0000000008003896       0x26 src/stm32l4xx_it.o
 .text.LL_USART_DisableIT_TXE
                0x00000000080038bc       0x20 src/stm32l4xx_it.o
 .text.SysTick_Handler
                0x00000000080038dc       0x10 src/stm32l4xx_it.o
                0x00000000080038dc                SysTick_Handler
 .text.USART1_IRQHandler
                0x00000000080038ec       0x38 src/stm32l4xx_it.o
                0x00000000080038ec                USART1_IRQHandler
 .text.DMA1_Channel1_IRQHandler
                0x0000000008003924        0xe src/stm32l4xx_it.o
                0x0000000008003924                DMA1_Channel1_IRQHandler
 *fill*         0x0000000008003932        0x2 
 .text._sbrk    0x0000000008003934       0x58 src/syscalls.o
                0x0000000008003934                _sbrk
 .text.SystemInit
                0x000000000800398c       0x6c src/system_stm32l4xx.o
                0x000000000800398c                SystemInit
 .text.LL_USART_IsActiveFlag_TXE
                0x00000000080039f8       0x26 src/test_functions.o
 .text.LL_USART_EnableIT_TXE
                0x0000000008003a1e       0x20 src/test_functions.o
 .text.LL_USART_TransmitData9
                0x0000000008003a3e       0x24 src/test_functions.o
 *fill*         0x0000000008003a62        0x2 
 .text.DWT_Init
                0x0000000008003a64       0x40 src/test_functions.o
                0x0000000008003a64                DWT_Init
 .text.DWT_Delay
                0x0000000008003aa4       0x14 src/test_functions.o
                0x0000000008003aa4                DWT_Delay
 .text.send_reply
                0x0000000008003ab8       0xf8 src/test_functions.o
                0x0000000008003ab8                send_reply
 .text.Reset_Handler
                0x0000000008003bb0       0x50 startup/startup_stm32l476xx.o
                0x0000000008003bb0                Reset_Handler
 .text.Default_Handler
                0x0000000008003c00        0x2 startup/startup_stm32l476xx.o
                0x0000000008003c00                RTC_Alarm_IRQHandler
                0x0000000008003c00                EXTI2_IRQHandler
                0x0000000008003c00                TIM8_TRG_COM_IRQHandler
                0x0000000008003c00                TIM8_CC_IRQHandler
                0x0000000008003c00                DebugMon_Handler
                0x0000000008003c00                TIM1_CC_IRQHandler
                0x0000000008003c00                TSC_IRQHandler
                0x0000000008003c00                HardFault_Handler
                0x0000000008003c00                TAMP_STAMP_IRQHandler
                0x0000000008003c00                PendSV_Handler
                0x0000000008003c00                NMI_Handler
                0x0000000008003c00                EXTI3_IRQHandler
                0x0000000008003c00                LPTIM2_IRQHandler
                0x0000000008003c00                DFSDM1_FLT1_IRQHandler
                0x0000000008003c00                I2C3_ER_IRQHandler
                0x0000000008003c00                DFSDM1_FLT2_IRQHandler
                0x0000000008003c00                EXTI0_IRQHandler
                0x0000000008003c00                I2C2_EV_IRQHandler
                0x0000000008003c00                CAN1_RX0_IRQHandler
                0x0000000008003c00                FPU_IRQHandler
                0x0000000008003c00                TIM1_UP_TIM16_IRQHandler
                0x0000000008003c00                UsageFault_Handler
                0x0000000008003c00                ADC1_2_IRQHandler
                0x0000000008003c00                SPI1_IRQHandler
                0x0000000008003c00                TIM8_UP_IRQHandler
                0x0000000008003c00                DMA2_Channel2_IRQHandler
                0x0000000008003c00                DMA1_Channel4_IRQHandler
                0x0000000008003c00                SAI2_IRQHandler
                0x0000000008003c00                DFSDM1_FLT3_IRQHandler
                0x0000000008003c00                USART3_IRQHandler
                0x0000000008003c00                DMA1_Channel7_IRQHandler
                0x0000000008003c00                CAN1_RX1_IRQHandler
                0x0000000008003c00                LCD_IRQHandler
                0x0000000008003c00                UART5_IRQHandler
                0x0000000008003c00                ADC3_IRQHandler
                0x0000000008003c00                TIM4_IRQHandler
                0x0000000008003c00                DMA2_Channel1_IRQHandler
                0x0000000008003c00                QUADSPI_IRQHandler
                0x0000000008003c00                I2C1_EV_IRQHandler
                0x0000000008003c00                DMA1_Channel6_IRQHandler
                0x0000000008003c00                UART4_IRQHandler
                0x0000000008003c00                DMA2_Channel4_IRQHandler
                0x0000000008003c00                TIM3_IRQHandler
                0x0000000008003c00                RCC_IRQHandler
                0x0000000008003c00                Default_Handler
                0x0000000008003c00                DMA2_Channel7_IRQHandler
                0x0000000008003c00                EXTI15_10_IRQHandler
                0x0000000008003c00                TIM7_IRQHandler
                0x0000000008003c00                SDMMC1_IRQHandler
                0x0000000008003c00                TIM5_IRQHandler
                0x0000000008003c00                I2C3_EV_IRQHandler
                0x0000000008003c00                EXTI9_5_IRQHandler
                0x0000000008003c00                RTC_WKUP_IRQHandler
                0x0000000008003c00                PVD_PVM_IRQHandler
                0x0000000008003c00                SPI2_IRQHandler
                0x0000000008003c00                MemManage_Handler
                0x0000000008003c00                CAN1_TX_IRQHandler
                0x0000000008003c00                SVC_Handler
                0x0000000008003c00                DMA2_Channel5_IRQHandler
                0x0000000008003c00                DMA1_Channel5_IRQHandler
                0x0000000008003c00                EXTI4_IRQHandler
                0x0000000008003c00                RNG_IRQHandler
                0x0000000008003c00                TIM1_TRG_COM_TIM17_IRQHandler
                0x0000000008003c00                DMA1_Channel3_IRQHandler
                0x0000000008003c00                COMP_IRQHandler
                0x0000000008003c00                WWDG_IRQHandler
                0x0000000008003c00                LPUART1_IRQHandler
                0x0000000008003c00                DMA2_Channel6_IRQHandler
                0x0000000008003c00                TIM2_IRQHandler
                0x0000000008003c00                EXTI1_IRQHandler
                0x0000000008003c00                USART2_IRQHandler
                0x0000000008003c00                DFSDM1_FLT0_IRQHandler
                0x0000000008003c00                I2C2_ER_IRQHandler
                0x0000000008003c00                DMA1_Channel2_IRQHandler
                0x0000000008003c00                TIM8_BRK_IRQHandler
                0x0000000008003c00                CAN1_SCE_IRQHandler
                0x0000000008003c00                FLASH_IRQHandler
                0x0000000008003c00                BusFault_Handler
                0x0000000008003c00                OTG_FS_IRQHandler
                0x0000000008003c00                SPI3_IRQHandler
                0x0000000008003c00                I2C1_ER_IRQHandler
                0x0000000008003c00                FMC_IRQHandler
                0x0000000008003c00                SWPMI1_IRQHandler
                0x0000000008003c00                LPTIM1_IRQHandler
                0x0000000008003c00                SAI1_IRQHandler
                0x0000000008003c00                DMA2_Channel3_IRQHandler
                0x0000000008003c00                TIM1_BRK_TIM15_IRQHandler
 *fill*         0x0000000008003c02        0x2 
 .text.__errno  0x0000000008003c04        0xc /home/cartogan/Ac6/SystemWorkbench/plugins/fr.ac6.mcu.externaltools.arm-none.linux64_1.17.0.201812190825/tools/compiler/bin/../lib/gcc/arm-none-eabi/7.3.1/../../../../arm-none-eabi/lib/thumb/v7e-m/fpv4-sp/hard/libc.a(lib_a-errno.o)
                0x0000000008003c04                __errno
 .text.__libc_init_array
                0x0000000008003c10       0x48 /home/cartogan/Ac6/SystemWorkbench/plugins/fr.ac6.mcu.externaltools.arm-none.linux64_1.17.0.201812190825/tools/compiler/bin/../lib/gcc/arm-none-eabi/7.3.1/../../../../arm-none-eabi/lib/thumb/v7e-m/fpv4-sp/hard/libc.a(lib_a-init.o)
                0x0000000008003c10                __libc_init_array
 .text.malloc   0x0000000008003c58       0x10 /home/cartogan/Ac6/SystemWorkbench/plugins/fr.ac6.mcu.externaltools.arm-none.linux64_1.17.0.201812190825/tools/compiler/bin/../lib/gcc/arm-none-eabi/7.3.1/../../../../arm-none-eabi/lib/thumb/v7e-m/fpv4-sp/hard/libc.a(lib_a-malloc.o)
                0x0000000008003c58                malloc
 .text.free     0x0000000008003c68       0x10 /home/cartogan/Ac6/SystemWorkbench/plugins/fr.ac6.mcu.externaltools.arm-none.linux64_1.17.0.201812190825/tools/compiler/bin/../lib/gcc/arm-none-eabi/7.3.1/../../../../arm-none-eabi/lib/thumb/v7e-m/fpv4-sp/hard/libc.a(lib_a-malloc.o)
                0x0000000008003c68                free
 .text._malloc_r
                0x0000000008003c78      0x548 /home/cartogan/Ac6/SystemWorkbench/plugins/fr.ac6.mcu.externaltools.arm-none.linux64_1.17.0.201812190825/tools/compiler/bin/../lib/gcc/arm-none-eabi/7.3.1/../../../../arm-none-eabi/lib/thumb/v7e-m/fpv4-sp/hard/libc.a(lib_a-mallocr.o)
                0x0000000008003c78                _malloc_r
 .text.memset   0x00000000080041c0       0x94 /home/cartogan/Ac6/SystemWorkbench/plugins/fr.ac6.mcu.externaltools.arm-none.linux64_1.17.0.201812190825/tools/compiler/bin/../lib/gcc/arm-none-eabi/7.3.1/../../../../arm-none-eabi/lib/thumb/v7e-m/fpv4-sp/hard/libc.a(lib_a-memset.o)
                0x00000000080041c0                memset
 .text.__malloc_lock
                0x0000000008004254        0xc /home/cartogan/Ac6/SystemWorkbench/plugins/fr.ac6.mcu.externaltools.arm-none.linux64_1.17.0.201812190825/tools/compiler/bin/../lib/gcc/arm-none-eabi/7.3.1/../../../../arm-none-eabi/lib/thumb/v7e-m/fpv4-sp/hard/libc.a(lib_a-mlock.o)
                0x0000000008004254                __malloc_lock
 .text.__malloc_unlock
                0x0000000008004260        0xc /home/cartogan/Ac6/SystemWorkbench/plugins/fr.ac6.mcu.externaltools.arm-none.linux64_1.17.0.201812190825/tools/compiler/bin/../lib/gcc/arm-none-eabi/7.3.1/../../../../arm-none-eabi/lib/thumb/v7e-m/fpv4-sp/hard/libc.a(lib_a-mlock.o)
                0x0000000008004260                __malloc_unlock
 .text._sbrk_r  0x000000000800426c       0x24 /home/cartogan/Ac6/SystemWorkbench/plugins/fr.ac6.mcu.externaltools.arm-none.linux64_1.17.0.201812190825/tools/compiler/bin/../lib/gcc/arm-none-eabi/7.3.1/../../../../arm-none-eabi/lib/thumb/v7e-m/fpv4-sp/hard/libc.a(lib_a-sbrkr.o)
                0x000000000800426c                _sbrk_r
 .text.startup.register_fini
                0x0000000008004290       0x14 /home/cartogan/Ac6/SystemWorkbench/plugins/fr.ac6.mcu.externaltools.arm-none.linux64_1.17.0.201812190825/tools/compiler/bin/../lib/gcc/arm-none-eabi/7.3.1/../../../../arm-none-eabi/lib/thumb/v7e-m/fpv4-sp/hard/libc.a(lib_a-__call_atexit.o)
 .text.atexit   0x00000000080042a4        0xc /home/cartogan/Ac6/SystemWorkbench/plugins/fr.ac6.mcu.externaltools.arm-none.linux64_1.17.0.201812190825/tools/compiler/bin/../lib/gcc/arm-none-eabi/7.3.1/../../../../arm-none-eabi/lib/thumb/v7e-m/fpv4-sp/hard/libc.a(lib_a-atexit.o)
                0x00000000080042a4                atexit
 .text.__libc_fini_array
                0x00000000080042b0       0x34 /home/cartogan/Ac6/SystemWorkbench/plugins/fr.ac6.mcu.externaltools.arm-none.linux64_1.17.0.201812190825/tools/compiler/bin/../lib/gcc/arm-none-eabi/7.3.1/../../../../arm-none-eabi/lib/thumb/v7e-m/fpv4-sp/hard/libc.a(lib_a-fini.o)
                0x00000000080042b0                __libc_fini_array
 .text._malloc_trim_r
                0x00000000080042e4       0xa0 /home/cartogan/Ac6/SystemWorkbench/plugins/fr.ac6.mcu.externaltools.arm-none.linux64_1.17.0.201812190825/tools/compiler/bin/../lib/gcc/arm-none-eabi/7.3.1/../../../../arm-none-eabi/lib/thumb/v7e-m/fpv4-sp/hard/libc.a(lib_a-freer.o)
                0x00000000080042e4                _malloc_trim_r
 .text._free_r  0x0000000008004384      0x1e8 /home/cartogan/Ac6/SystemWorkbench/plugins/fr.ac6.mcu.externaltools.arm-none.linux64_1.17.0.201812190825/tools/compiler/bin/../lib/gcc/arm-none-eabi/7.3.1/../../../../arm-none-eabi/lib/thumb/v7e-m/fpv4-sp/hard/libc.a(lib_a-freer.o)
                0x0000000008004384                _free_r
 .text.__retarget_lock_acquire_recursive
                0x000000000800456c        0x4 /home/cartogan/Ac6/SystemWorkbench/plugins/fr.ac6.mcu.externaltools.arm-none.linux64_1.17.0.201812190825/tools/compiler/bin/../lib/gcc/arm-none-eabi/7.3.1/../../../../arm-none-eabi/lib/thumb/v7e-m/fpv4-sp/hard/libc.a(lib_a-lock.o)
                0x000000000800456c                __retarget_lock_acquire_recursive
 .text.__retarget_lock_release_recursive
                0x0000000008004570        0x4 /home/cartogan/Ac6/SystemWorkbench/plugins/fr.ac6.mcu.externaltools.arm-none.linux64_1.17.0.201812190825/tools/compiler/bin/../lib/gcc/arm-none-eabi/7.3.1/../../../../arm-none-eabi/lib/thumb/v7e-m/fpv4-sp/hard/libc.a(lib_a-lock.o)
                0x0000000008004570                __retarget_lock_release_recursive
 .text.__register_exitproc
                0x0000000008004574       0xc0 /home/cartogan/Ac6/SystemWorkbench/plugins/fr.ac6.mcu.externaltools.arm-none.linux64_1.17.0.201812190825/tools/compiler/bin/../lib/gcc/arm-none-eabi/7.3.1/../../../../arm-none-eabi/lib/thumb/v7e-m/fpv4-sp/hard/libc.a(lib_a-__atexit.o)
                0x0000000008004574                __register_exitproc
 *(.glue_7)
 .glue_7        0x0000000008004634        0x0 linker stubs
 *(.glue_7t)
 .glue_7t       0x0000000008004634        0x0 linker stubs
 *(.eh_frame)
 .eh_frame      0x0000000008004634        0x0 /home/cartogan/Ac6/SystemWorkbench/plugins/fr.ac6.mcu.externaltools.arm-none.linux64_1.17.0.201812190825/tools/compiler/bin/../lib/gcc/arm-none-eabi/7.3.1/thumb/v7e-m/fpv4-sp/hard/crtbegin.o
 *(.init)
 .init          0x0000000008004634        0x4 /home/cartogan/Ac6/SystemWorkbench/plugins/fr.ac6.mcu.externaltools.arm-none.linux64_1.17.0.201812190825/tools/compiler/bin/../lib/gcc/arm-none-eabi/7.3.1/thumb/v7e-m/fpv4-sp/hard/crti.o
                0x0000000008004634                _init
 .init          0x0000000008004638        0x8 /home/cartogan/Ac6/SystemWorkbench/plugins/fr.ac6.mcu.externaltools.arm-none.linux64_1.17.0.201812190825/tools/compiler/bin/../lib/gcc/arm-none-eabi/7.3.1/thumb/v7e-m/fpv4-sp/hard/crtn.o
 *(.fini)
 .fini          0x0000000008004640        0x4 /home/cartogan/Ac6/SystemWorkbench/plugins/fr.ac6.mcu.externaltools.arm-none.linux64_1.17.0.201812190825/tools/compiler/bin/../lib/gcc/arm-none-eabi/7.3.1/thumb/v7e-m/fpv4-sp/hard/crti.o
                0x0000000008004640                _fini
 .fini          0x0000000008004644        0x8 /home/cartogan/Ac6/SystemWorkbench/plugins/fr.ac6.mcu.externaltools.arm-none.linux64_1.17.0.201812190825/tools/compiler/bin/../lib/gcc/arm-none-eabi/7.3.1/thumb/v7e-m/fpv4-sp/hard/crtn.o
                0x0000000008004650                . = ALIGN (0x8)
 *fill*         0x000000000800464c        0x4 
                0x0000000008004650                _etext = .

.vfp11_veneer   0x0000000008004650        0x0
 .vfp11_veneer  0x0000000008004650        0x0 linker stubs

.v4_bx          0x0000000008004650        0x0
 .v4_bx         0x0000000008004650        0x0 linker stubs

.iplt           0x0000000008004650        0x0
 .iplt          0x0000000008004650        0x0 /home/cartogan/Ac6/SystemWorkbench/plugins/fr.ac6.mcu.externaltools.arm-none.linux64_1.17.0.201812190825/tools/compiler/bin/../lib/gcc/arm-none-eabi/7.3.1/thumb/v7e-m/fpv4-sp/hard/crtbegin.o

.rodata         0x0000000008004650       0xc8
                0x0000000008004650                . = ALIGN (0x8)
 *(.rodata)
 .rodata        0x0000000008004650        0x7 HAL_Driver/Src/stm32l4xx_ll_dma.o
 *fill*         0x0000000008004657        0x1 
 .rodata        0x0000000008004658       0x16 src/main.o
 *fill*         0x000000000800466e        0x2 
 .rodata        0x0000000008004670       0x58 src/motor_control.o
                0x0000000008004678                coil_current
                0x0000000008004698                LED_pins
 .rodata        0x00000000080046c8       0x48 src/system_stm32l4xx.o
                0x00000000080046c8                AHBPrescTable
                0x00000000080046d8                APBPrescTable
                0x00000000080046e0                MSIRangeTable
 *(.rodata*)
 .rodata._global_impure_ptr
                0x0000000008004710        0x4 /home/cartogan/Ac6/SystemWorkbench/plugins/fr.ac6.mcu.externaltools.arm-none.linux64_1.17.0.201812190825/tools/compiler/bin/../lib/gcc/arm-none-eabi/7.3.1/../../../../arm-none-eabi/lib/thumb/v7e-m/fpv4-sp/hard/libc.a(lib_a-impure.o)
                0x0000000008004710                _global_impure_ptr
                0x0000000008004718                . = ALIGN (0x8)
 *fill*         0x0000000008004714        0x4 

.rel.dyn        0x0000000008004718        0x0
 .rel.iplt      0x0000000008004718        0x0 /home/cartogan/Ac6/SystemWorkbench/plugins/fr.ac6.mcu.externaltools.arm-none.linux64_1.17.0.201812190825/tools/compiler/bin/../lib/gcc/arm-none-eabi/7.3.1/thumb/v7e-m/fpv4-sp/hard/crtbegin.o

.ARM.extab      0x0000000008004718        0x0
                0x0000000008004718                . = ALIGN (0x8)
 *(.ARM.extab* .gnu.linkonce.armextab.*)
                0x0000000008004718                . = ALIGN (0x8)

.ARM            0x0000000008004718        0x0
                0x0000000008004718                . = ALIGN (0x8)
                0x0000000008004718                __exidx_start = .
 *(.ARM.exidx*)
                0x0000000008004718                __exidx_end = .
                0x0000000008004718                . = ALIGN (0x8)

.preinit_array  0x0000000008004718        0x0
                0x0000000008004718                . = ALIGN (0x8)
                0x0000000008004718                PROVIDE (__preinit_array_start = .)
 *(.preinit_array*)
                0x0000000008004718                PROVIDE (__preinit_array_end = .)
                0x0000000008004718                . = ALIGN (0x8)

.init_array     0x0000000008004718        0x8
                0x0000000008004718                . = ALIGN (0x8)
                0x0000000008004718                PROVIDE (__init_array_start = .)
 *(SORT_BY_NAME(.init_array.*))
 .init_array.00000
                0x0000000008004718        0x4 /home/cartogan/Ac6/SystemWorkbench/plugins/fr.ac6.mcu.externaltools.arm-none.linux64_1.17.0.201812190825/tools/compiler/bin/../lib/gcc/arm-none-eabi/7.3.1/../../../../arm-none-eabi/lib/thumb/v7e-m/fpv4-sp/hard/libc.a(lib_a-__call_atexit.o)
 *(.init_array*)
 .init_array    0x000000000800471c        0x4 /home/cartogan/Ac6/SystemWorkbench/plugins/fr.ac6.mcu.externaltools.arm-none.linux64_1.17.0.201812190825/tools/compiler/bin/../lib/gcc/arm-none-eabi/7.3.1/thumb/v7e-m/fpv4-sp/hard/crtbegin.o
                0x0000000008004720                PROVIDE (__init_array_end = .)
                0x0000000008004720                . = ALIGN (0x8)

.fini_array     0x0000000008004720        0x8
                0x0000000008004720                . = ALIGN (0x8)
                0x0000000008004720                PROVIDE (__fini_array_start = .)
 *(SORT_BY_NAME(.fini_array.*))
 *(.fini_array*)
 .fini_array    0x0000000008004720        0x4 /home/cartogan/Ac6/SystemWorkbench/plugins/fr.ac6.mcu.externaltools.arm-none.linux64_1.17.0.201812190825/tools/compiler/bin/../lib/gcc/arm-none-eabi/7.3.1/thumb/v7e-m/fpv4-sp/hard/crtbegin.o
                0x0000000008004724                PROVIDE (__fini_array_end = .)
                0x0000000008004728                . = ALIGN (0x8)
 *fill*         0x0000000008004724        0x4 
                0x0000000008004728                _sidata = LOADADDR (.data)

.data           0x0000000020000000      0x868 load address 0x0000000008004728
                0x0000000020000000                . = ALIGN (0x8)
                0x0000000020000000                _sdata = .
 *(.data)
 .data          0x0000000020000000       0x19 src/motor_control.o
                0x0000000020000000                motor_pos
                0x000000002000000c                local_step_size
                0x000000002000000d                remote_step_size
                0x000000002000000e                local_step_time
                0x0000000020000010                adc_pot_vals
 *fill*         0x0000000020000019        0x3 
 .data          0x000000002000001c        0x4 src/system_stm32l4xx.o
                0x000000002000001c                SystemCoreClock
 *(.data*)
 .data._impure_ptr
                0x0000000020000020        0x4 /home/cartogan/Ac6/SystemWorkbench/plugins/fr.ac6.mcu.externaltools.arm-none.linux64_1.17.0.201812190825/tools/compiler/bin/../lib/gcc/arm-none-eabi/7.3.1/../../../../arm-none-eabi/lib/thumb/v7e-m/fpv4-sp/hard/libc.a(lib_a-impure.o)
                0x0000000020000020                _impure_ptr
 *fill*         0x0000000020000024        0x4 
 .data.impure_data
                0x0000000020000028      0x428 /home/cartogan/Ac6/SystemWorkbench/plugins/fr.ac6.mcu.externaltools.arm-none.linux64_1.17.0.201812190825/tools/compiler/bin/../lib/gcc/arm-none-eabi/7.3.1/../../../../arm-none-eabi/lib/thumb/v7e-m/fpv4-sp/hard/libc.a(lib_a-impure.o)
 .data.__malloc_av_
                0x0000000020000450      0x408 /home/cartogan/Ac6/SystemWorkbench/plugins/fr.ac6.mcu.externaltools.arm-none.linux64_1.17.0.201812190825/tools/compiler/bin/../lib/gcc/arm-none-eabi/7.3.1/../../../../arm-none-eabi/lib/thumb/v7e-m/fpv4-sp/hard/libc.a(lib_a-mallocr.o)
                0x0000000020000450                __malloc_av_
 .data.__malloc_sbrk_base
                0x0000000020000858        0x4 /home/cartogan/Ac6/SystemWorkbench/plugins/fr.ac6.mcu.externaltools.arm-none.linux64_1.17.0.201812190825/tools/compiler/bin/../lib/gcc/arm-none-eabi/7.3.1/../../../../arm-none-eabi/lib/thumb/v7e-m/fpv4-sp/hard/libc.a(lib_a-mallocr.o)
                0x0000000020000858                __malloc_sbrk_base
 .data.__malloc_trim_threshold
                0x000000002000085c        0x4 /home/cartogan/Ac6/SystemWorkbench/plugins/fr.ac6.mcu.externaltools.arm-none.linux64_1.17.0.201812190825/tools/compiler/bin/../lib/gcc/arm-none-eabi/7.3.1/../../../../arm-none-eabi/lib/thumb/v7e-m/fpv4-sp/hard/libc.a(lib_a-mallocr.o)
                0x000000002000085c                __malloc_trim_threshold
 .data.__atexit_recursive_mutex
                0x0000000020000860        0x4 /home/cartogan/Ac6/SystemWorkbench/plugins/fr.ac6.mcu.externaltools.arm-none.linux64_1.17.0.201812190825/tools/compiler/bin/../lib/gcc/arm-none-eabi/7.3.1/../../../../arm-none-eabi/lib/thumb/v7e-m/fpv4-sp/hard/libc.a(lib_a-__call_atexit.o)
                0x0000000020000860                __atexit_recursive_mutex
                0x0000000020000868                . = ALIGN (0x8)
 *fill*         0x0000000020000864        0x4 
                0x0000000020000868                _edata = .

.igot.plt       0x0000000020000868        0x0 load address 0x0000000008004f90
 .igot.plt      0x0000000020000868        0x0 /home/cartogan/Ac6/SystemWorkbench/plugins/fr.ac6.mcu.externaltools.arm-none.linux64_1.17.0.201812190825/tools/compiler/bin/../lib/gcc/arm-none-eabi/7.3.1/thumb/v7e-m/fpv4-sp/hard/crtbegin.o
                0x0000000020000868                . = ALIGN (0x4)

.bss            0x0000000020000868      0x104 load address 0x0000000008004f90
                0x0000000020000868                _sbss = .
                0x0000000020000868                __bss_start__ = _sbss
 *(.bss)
 .bss           0x0000000020000868       0x1c /home/cartogan/Ac6/SystemWorkbench/plugins/fr.ac6.mcu.externaltools.arm-none.linux64_1.17.0.201812190825/tools/compiler/bin/../lib/gcc/arm-none-eabi/7.3.1/thumb/v7e-m/fpv4-sp/hard/crtbegin.o
 .bss           0x0000000020000884       0x2e src/motor_control.o
                0x0000000020000884                current_cmd
                0x0000000020000888                last_cmd
                0x000000002000088c                motor_status
                0x0000000020000892                move_until
                0x0000000020000894                remote_step_time
 *fill*         0x00000000200008b2        0x2 
 .bss           0x00000000200008b4        0x8 src/syscalls.o
                0x00000000200008b4                __env
 .bss           0x00000000200008bc       0x11 src/test_functions.o
 *(.bss*)
 *fill*         0x00000000200008cd        0x3 
 .bss.__malloc_current_mallinfo
                0x00000000200008d0       0x28 /home/cartogan/Ac6/SystemWorkbench/plugins/fr.ac6.mcu.externaltools.arm-none.linux64_1.17.0.201812190825/tools/compiler/bin/../lib/gcc/arm-none-eabi/7.3.1/../../../../arm-none-eabi/lib/thumb/v7e-m/fpv4-sp/hard/libc.a(lib_a-mallocr.o)
                0x00000000200008d0                __malloc_current_mallinfo
 .bss.__malloc_max_sbrked_mem
                0x00000000200008f8        0x4 /home/cartogan/Ac6/SystemWorkbench/plugins/fr.ac6.mcu.externaltools.arm-none.linux64_1.17.0.201812190825/tools/compiler/bin/../lib/gcc/arm-none-eabi/7.3.1/../../../../arm-none-eabi/lib/thumb/v7e-m/fpv4-sp/hard/libc.a(lib_a-mallocr.o)
                0x00000000200008f8                __malloc_max_sbrked_mem
 .bss.__malloc_max_total_mem
                0x00000000200008fc        0x4 /home/cartogan/Ac6/SystemWorkbench/plugins/fr.ac6.mcu.externaltools.arm-none.linux64_1.17.0.201812190825/tools/compiler/bin/../lib/gcc/arm-none-eabi/7.3.1/../../../../arm-none-eabi/lib/thumb/v7e-m/fpv4-sp/hard/libc.a(lib_a-mallocr.o)
                0x00000000200008fc                __malloc_max_total_mem
 .bss.__malloc_top_pad
                0x0000000020000900        0x4 /home/cartogan/Ac6/SystemWorkbench/plugins/fr.ac6.mcu.externaltools.arm-none.linux64_1.17.0.201812190825/tools/compiler/bin/../lib/gcc/arm-none-eabi/7.3.1/../../../../arm-none-eabi/lib/thumb/v7e-m/fpv4-sp/hard/libc.a(lib_a-mallocr.o)
                0x0000000020000900                __malloc_top_pad
 *(COMMON)
 COMMON         0x0000000020000904        0x4 HAL_Driver/Src/stm32l4xx_hal.o
                0x0000000020000904                uwTick
 COMMON         0x0000000020000908       0x3c HAL_Driver/Src/stm32l4xx_hal_timebase_tim_template.o
                0x0000000020000908                TimHandle
 COMMON         0x0000000020000944       0x21 /home/cartogan/Ac6/SystemWorkbench/plugins/fr.ac6.mcu.externaltools.arm-none.linux64_1.17.0.201812190825/tools/compiler/bin/../lib/gcc/arm-none-eabi/7.3.1/../../../../arm-none-eabi/lib/thumb/v7e-m/fpv4-sp/hard/libc.a(lib_a-lock.o)
                0x0000000020000944                __lock___atexit_recursive_mutex
                0x0000000020000948                __lock___arc4random_mutex
                0x000000002000094c                __lock___env_recursive_mutex
                0x0000000020000950                __lock___sinit_recursive_mutex
                0x0000000020000954                __lock___malloc_recursive_mutex
                0x0000000020000958                __lock___at_quick_exit_mutex
                0x000000002000095c                __lock___dd_hash_mutex
                0x0000000020000960                __lock___tz_mutex
                0x0000000020000964                __lock___sfp_recursive_mutex
 *fill*         0x0000000020000965        0x3 
 COMMON         0x0000000020000968        0x4 /home/cartogan/Ac6/SystemWorkbench/plugins/fr.ac6.mcu.externaltools.arm-none.linux64_1.17.0.201812190825/tools/compiler/bin/../lib/gcc/arm-none-eabi/7.3.1/../../../../arm-none-eabi/lib/thumb/v7e-m/fpv4-sp/hard/libc.a(lib_a-reent.o)
                0x0000000020000968                errno
                0x000000002000096c                . = ALIGN (0x4)
                0x000000002000096c                _ebss = .
                0x000000002000096c                __bss_end__ = _ebss

._user_heap_stack
                0x000000002000096c      0x604 load address 0x0000000008004f90
                0x0000000020000970                . = ALIGN (0x8)
 *fill*         0x000000002000096c        0x4 
                0x0000000020000970                PROVIDE (end = .)
                [!provide]                        PROVIDE (_end = .)
                0x0000000020000b70                . = (. + _Min_Heap_Size)
 *fill*         0x0000000020000970      0x200 
                0x0000000020000f70                . = (. + _Min_Stack_Size)
 *fill*         0x0000000020000b70      0x400 
                0x0000000020000f70                . = ALIGN (0x8)

/DISCARD/
 libc.a(*)
 libm.a(*)
 libgcc.a(*)

.ARM.attributes
                0x0000000000000000       0x30
 *(.ARM.attributes)
 .ARM.attributes
                0x0000000000000000       0x22 /home/cartogan/Ac6/SystemWorkbench/plugins/fr.ac6.mcu.externaltools.arm-none.linux64_1.17.0.201812190825/tools/compiler/bin/../lib/gcc/arm-none-eabi/7.3.1/thumb/v7e-m/fpv4-sp/hard/crti.o
 .ARM.attributes
                0x0000000000000022       0x34 /home/cartogan/Ac6/SystemWorkbench/plugins/fr.ac6.mcu.externaltools.arm-none.linux64_1.17.0.201812190825/tools/compiler/bin/../lib/gcc/arm-none-eabi/7.3.1/thumb/v7e-m/fpv4-sp/hard/crtbegin.o
 .ARM.attributes
                0x0000000000000056       0x39 HAL_Driver/Src/stm32l4xx_hal.o
 .ARM.attributes
                0x000000000000008f       0x39 HAL_Driver/Src/stm32l4xx_hal_cortex.o
 .ARM.attributes
                0x00000000000000c8       0x39 HAL_Driver/Src/stm32l4xx_hal_tim.o
 .ARM.attributes
                0x0000000000000101       0x39 HAL_Driver/Src/stm32l4xx_hal_tim_ex.o
 .ARM.attributes
                0x000000000000013a       0x39 HAL_Driver/Src/stm32l4xx_hal_timebase_tim_template.o
 .ARM.attributes
                0x0000000000000173       0x39 HAL_Driver/Src/stm32l4xx_ll_adc.o
 .ARM.attributes
                0x00000000000001ac       0x39 HAL_Driver/Src/stm32l4xx_ll_dma.o
 .ARM.attributes
                0x00000000000001e5       0x39 HAL_Driver/Src/stm32l4xx_ll_gpio.o
 .ARM.attributes
                0x000000000000021e       0x39 HAL_Driver/Src/stm32l4xx_ll_rcc.o
 .ARM.attributes
                0x0000000000000257       0x39 HAL_Driver/Src/stm32l4xx_ll_usart.o
 .ARM.attributes
                0x0000000000000290       0x39 HAL_Driver/Src/stm32l4xx_ll_utils.o
 .ARM.attributes
                0x00000000000002c9       0x39 src/main.o
 .ARM.attributes
                0x0000000000000302       0x39 src/motor_control.o
 .ARM.attributes
                0x000000000000033b       0x39 src/stm32l4xx_it.o
 .ARM.attributes
                0x0000000000000374       0x39 src/syscalls.o
 .ARM.attributes
                0x00000000000003ad       0x39 src/system_stm32l4xx.o
 .ARM.attributes
                0x00000000000003e6       0x39 src/test_functions.o
 .ARM.attributes
                0x000000000000041f       0x21 startup/startup_stm32l476xx.o
 .ARM.attributes
                0x0000000000000440       0x34 /home/cartogan/Ac6/SystemWorkbench/plugins/fr.ac6.mcu.externaltools.arm-none.linux64_1.17.0.201812190825/tools/compiler/bin/../lib/gcc/arm-none-eabi/7.3.1/../../../../arm-none-eabi/lib/thumb/v7e-m/fpv4-sp/hard/libc.a(lib_a-errno.o)
 .ARM.attributes
                0x0000000000000474       0x34 /home/cartogan/Ac6/SystemWorkbench/plugins/fr.ac6.mcu.externaltools.arm-none.linux64_1.17.0.201812190825/tools/compiler/bin/../lib/gcc/arm-none-eabi/7.3.1/../../../../arm-none-eabi/lib/thumb/v7e-m/fpv4-sp/hard/libc.a(lib_a-impure.o)
 .ARM.attributes
                0x00000000000004a8       0x34 /home/cartogan/Ac6/SystemWorkbench/plugins/fr.ac6.mcu.externaltools.arm-none.linux64_1.17.0.201812190825/tools/compiler/bin/../lib/gcc/arm-none-eabi/7.3.1/../../../../arm-none-eabi/lib/thumb/v7e-m/fpv4-sp/hard/libc.a(lib_a-init.o)
 .ARM.attributes
                0x00000000000004dc       0x34 /home/cartogan/Ac6/SystemWorkbench/plugins/fr.ac6.mcu.externaltools.arm-none.linux64_1.17.0.201812190825/tools/compiler/bin/../lib/gcc/arm-none-eabi/7.3.1/../../../../arm-none-eabi/lib/thumb/v7e-m/fpv4-sp/hard/libc.a(lib_a-malloc.o)
 .ARM.attributes
                0x0000000000000510       0x34 /home/cartogan/Ac6/SystemWorkbench/plugins/fr.ac6.mcu.externaltools.arm-none.linux64_1.17.0.201812190825/tools/compiler/bin/../lib/gcc/arm-none-eabi/7.3.1/../../../../arm-none-eabi/lib/thumb/v7e-m/fpv4-sp/hard/libc.a(lib_a-mallocr.o)
 .ARM.attributes
                0x0000000000000544       0x34 /home/cartogan/Ac6/SystemWorkbench/plugins/fr.ac6.mcu.externaltools.arm-none.linux64_1.17.0.201812190825/tools/compiler/bin/../lib/gcc/arm-none-eabi/7.3.1/../../../../arm-none-eabi/lib/thumb/v7e-m/fpv4-sp/hard/libc.a(lib_a-memset.o)
 .ARM.attributes
                0x0000000000000578       0x34 /home/cartogan/Ac6/SystemWorkbench/plugins/fr.ac6.mcu.externaltools.arm-none.linux64_1.17.0.201812190825/tools/compiler/bin/../lib/gcc/arm-none-eabi/7.3.1/../../../../arm-none-eabi/lib/thumb/v7e-m/fpv4-sp/hard/libc.a(lib_a-mlock.o)
 .ARM.attributes
                0x00000000000005ac       0x34 /home/cartogan/Ac6/SystemWorkbench/plugins/fr.ac6.mcu.externaltools.arm-none.linux64_1.17.0.201812190825/tools/compiler/bin/../lib/gcc/arm-none-eabi/7.3.1/../../../../arm-none-eabi/lib/thumb/v7e-m/fpv4-sp/hard/libc.a(lib_a-sbrkr.o)
 .ARM.attributes
                0x00000000000005e0       0x34 /home/cartogan/Ac6/SystemWorkbench/plugins/fr.ac6.mcu.externaltools.arm-none.linux64_1.17.0.201812190825/tools/compiler/bin/../lib/gcc/arm-none-eabi/7.3.1/../../../../arm-none-eabi/lib/thumb/v7e-m/fpv4-sp/hard/libc.a(lib_a-__call_atexit.o)
 .ARM.attributes
                0x0000000000000614       0x34 /home/cartogan/Ac6/SystemWorkbench/plugins/fr.ac6.mcu.externaltools.arm-none.linux64_1.17.0.201812190825/tools/compiler/bin/../lib/gcc/arm-none-eabi/7.3.1/../../../../arm-none-eabi/lib/thumb/v7e-m/fpv4-sp/hard/libc.a(lib_a-atexit.o)
 .ARM.attributes
                0x0000000000000648       0x34 /home/cartogan/Ac6/SystemWorkbench/plugins/fr.ac6.mcu.externaltools.arm-none.linux64_1.17.0.201812190825/tools/compiler/bin/../lib/gcc/arm-none-eabi/7.3.1/../../../../arm-none-eabi/lib/thumb/v7e-m/fpv4-sp/hard/libc.a(lib_a-fini.o)
 .ARM.attributes
                0x000000000000067c       0x34 /home/cartogan/Ac6/SystemWorkbench/plugins/fr.ac6.mcu.externaltools.arm-none.linux64_1.17.0.201812190825/tools/compiler/bin/../lib/gcc/arm-none-eabi/7.3.1/../../../../arm-none-eabi/lib/thumb/v7e-m/fpv4-sp/hard/libc.a(lib_a-freer.o)
 .ARM.attributes
                0x00000000000006b0       0x34 /home/cartogan/Ac6/SystemWorkbench/plugins/fr.ac6.mcu.externaltools.arm-none.linux64_1.17.0.201812190825/tools/compiler/bin/../lib/gcc/arm-none-eabi/7.3.1/../../../../arm-none-eabi/lib/thumb/v7e-m/fpv4-sp/hard/libc.a(lib_a-lock.o)
 .ARM.attributes
                0x00000000000006e4       0x34 /home/cartogan/Ac6/SystemWorkbench/plugins/fr.ac6.mcu.externaltools.arm-none.linux64_1.17.0.201812190825/tools/compiler/bin/../lib/gcc/arm-none-eabi/7.3.1/../../../../arm-none-eabi/lib/thumb/v7e-m/fpv4-sp/hard/libc.a(lib_a-reent.o)
 .ARM.attributes
                0x0000000000000718       0x34 /home/cartogan/Ac6/SystemWorkbench/plugins/fr.ac6.mcu.externaltools.arm-none.linux64_1.17.0.201812190825/tools/compiler/bin/../lib/gcc/arm-none-eabi/7.3.1/../../../../arm-none-eabi/lib/thumb/v7e-m/fpv4-sp/hard/libc.a(lib_a-__atexit.o)
 .ARM.attributes
                0x000000000000074c       0x22 /home/cartogan/Ac6/SystemWorkbench/plugins/fr.ac6.mcu.externaltools.arm-none.linux64_1.17.0.201812190825/tools/compiler/bin/../lib/gcc/arm-none-eabi/7.3.1/thumb/v7e-m/fpv4-sp/hard/crtn.o
OUTPUT(ROBKO_01.elf elf32-littlearm)

.debug_info     0x0000000000000000    0x1628a
 .debug_info    0x0000000000000000     0x1265 HAL_Driver/Src/stm32l4xx_hal.o
 .debug_info    0x0000000000001265     0x15a4 HAL_Driver/Src/stm32l4xx_hal_cortex.o
 .debug_info    0x0000000000002809     0x2b21 HAL_Driver/Src/stm32l4xx_hal_tim.o
 .debug_info    0x000000000000532a     0x19cf HAL_Driver/Src/stm32l4xx_hal_tim_ex.o
 .debug_info    0x0000000000006cf9     0x13d3 HAL_Driver/Src/stm32l4xx_hal_timebase_tim_template.o
 .debug_info    0x00000000000080cc     0x13c3 HAL_Driver/Src/stm32l4xx_ll_adc.o
 .debug_info    0x000000000000948f     0x10bc HAL_Driver/Src/stm32l4xx_ll_dma.o
 .debug_info    0x000000000000a54b     0x1188 HAL_Driver/Src/stm32l4xx_ll_gpio.o
 .debug_info    0x000000000000b6d3     0x1655 HAL_Driver/Src/stm32l4xx_ll_rcc.o
 .debug_info    0x000000000000cd28     0x101f HAL_Driver/Src/stm32l4xx_ll_usart.o
 .debug_info    0x000000000000dd47     0x1442 HAL_Driver/Src/stm32l4xx_ll_utils.o
 .debug_info    0x000000000000f189     0x259a src/main.o
 .debug_info    0x0000000000011723     0x11b6 src/motor_control.o
 .debug_info    0x00000000000128d9      0xb50 src/stm32l4xx_it.o
 .debug_info    0x0000000000013429      0xf2a src/syscalls.o
 .debug_info    0x0000000000014353      0xde3 src/system_stm32l4xx.o
 .debug_info    0x0000000000015136     0x10e3 src/test_functions.o
 .debug_info    0x0000000000016219       0x71 startup/startup_stm32l476xx.o

.debug_abbrev   0x0000000000000000     0x2ee0
 .debug_abbrev  0x0000000000000000      0x2b5 HAL_Driver/Src/stm32l4xx_hal.o
 .debug_abbrev  0x00000000000002b5      0x381 HAL_Driver/Src/stm32l4xx_hal_cortex.o
 .debug_abbrev  0x0000000000000636      0x2e6 HAL_Driver/Src/stm32l4xx_hal_tim.o
 .debug_abbrev  0x000000000000091c      0x2c3 HAL_Driver/Src/stm32l4xx_hal_tim_ex.o
 .debug_abbrev  0x0000000000000bdf      0x274 HAL_Driver/Src/stm32l4xx_hal_timebase_tim_template.o
 .debug_abbrev  0x0000000000000e53      0x25c HAL_Driver/Src/stm32l4xx_ll_adc.o
 .debug_abbrev  0x00000000000010af      0x2bb HAL_Driver/Src/stm32l4xx_ll_dma.o
 .debug_abbrev  0x000000000000136a      0x2d0 HAL_Driver/Src/stm32l4xx_ll_gpio.o
 .debug_abbrev  0x000000000000163a      0x2cc HAL_Driver/Src/stm32l4xx_ll_rcc.o
 .debug_abbrev  0x0000000000001906      0x27e HAL_Driver/Src/stm32l4xx_ll_usart.o
 .debug_abbrev  0x0000000000001b84      0x2f6 HAL_Driver/Src/stm32l4xx_ll_utils.o
 .debug_abbrev  0x0000000000001e7a      0x38f src/main.o
 .debug_abbrev  0x0000000000002209      0x2eb src/motor_control.o
 .debug_abbrev  0x00000000000024f4      0x240 src/stm32l4xx_it.o
 .debug_abbrev  0x0000000000002734      0x2aa src/syscalls.o
 .debug_abbrev  0x00000000000029de      0x226 src/system_stm32l4xx.o
 .debug_abbrev  0x0000000000002c04      0x2ca src/test_functions.o
 .debug_abbrev  0x0000000000002ece       0x12 startup/startup_stm32l476xx.o

.debug_aranges  0x0000000000000000     0x11d8
 .debug_aranges
                0x0000000000000000      0x118 HAL_Driver/Src/stm32l4xx_hal.o
 .debug_aranges
                0x0000000000000118      0x108 HAL_Driver/Src/stm32l4xx_hal_cortex.o
 .debug_aranges
                0x0000000000000220      0x378 HAL_Driver/Src/stm32l4xx_hal_tim.o
 .debug_aranges
                0x0000000000000598      0x150 HAL_Driver/Src/stm32l4xx_hal_tim_ex.o
 .debug_aranges
                0x00000000000006e8       0x40 HAL_Driver/Src/stm32l4xx_hal_timebase_tim_template.o
 .debug_aranges
                0x0000000000000728       0xe0 HAL_Driver/Src/stm32l4xx_ll_adc.o
 .debug_aranges
                0x0000000000000808       0xa0 HAL_Driver/Src/stm32l4xx_ll_dma.o
 .debug_aranges
                0x00000000000008a8       0x70 HAL_Driver/Src/stm32l4xx_ll_gpio.o
 .debug_aranges
                0x0000000000000918      0x248 HAL_Driver/Src/stm32l4xx_ll_rcc.o
 .debug_aranges
                0x0000000000000b60       0x88 HAL_Driver/Src/stm32l4xx_ll_usart.o
 .debug_aranges
                0x0000000000000be8      0x138 HAL_Driver/Src/stm32l4xx_ll_utils.o
 .debug_aranges
                0x0000000000000d20      0x218 src/main.o
 .debug_aranges
                0x0000000000000f38       0xa8 src/motor_control.o
 .debug_aranges
                0x0000000000000fe0       0x48 src/stm32l4xx_it.o
 .debug_aranges
                0x0000000000001028       0xb0 src/syscalls.o
 .debug_aranges
                0x00000000000010d8       0x28 src/system_stm32l4xx.o
 .debug_aranges
                0x0000000000001100       0xb0 src/test_functions.o
 .debug_aranges
                0x00000000000011b0       0x28 startup/startup_stm32l476xx.o

.debug_ranges   0x0000000000000000     0x10c0
 .debug_ranges  0x0000000000000000      0x108 HAL_Driver/Src/stm32l4xx_hal.o
 .debug_ranges  0x0000000000000108       0xf8 HAL_Driver/Src/stm32l4xx_hal_cortex.o
 .debug_ranges  0x0000000000000200      0x368 HAL_Driver/Src/stm32l4xx_hal_tim.o
 .debug_ranges  0x0000000000000568      0x140 HAL_Driver/Src/stm32l4xx_hal_tim_ex.o
 .debug_ranges  0x00000000000006a8       0x30 HAL_Driver/Src/stm32l4xx_hal_timebase_tim_template.o
 .debug_ranges  0x00000000000006d8       0xd0 HAL_Driver/Src/stm32l4xx_ll_adc.o
 .debug_ranges  0x00000000000007a8       0x90 HAL_Driver/Src/stm32l4xx_ll_dma.o
 .debug_ranges  0x0000000000000838       0x60 HAL_Driver/Src/stm32l4xx_ll_gpio.o
 .debug_ranges  0x0000000000000898      0x238 HAL_Driver/Src/stm32l4xx_ll_rcc.o
 .debug_ranges  0x0000000000000ad0       0x78 HAL_Driver/Src/stm32l4xx_ll_usart.o
 .debug_ranges  0x0000000000000b48      0x128 HAL_Driver/Src/stm32l4xx_ll_utils.o
 .debug_ranges  0x0000000000000c70      0x208 src/main.o
 .debug_ranges  0x0000000000000e78       0x98 src/motor_control.o
 .debug_ranges  0x0000000000000f10       0x38 src/stm32l4xx_it.o
 .debug_ranges  0x0000000000000f48       0xa0 src/syscalls.o
 .debug_ranges  0x0000000000000fe8       0x18 src/system_stm32l4xx.o
 .debug_ranges  0x0000000000001000       0xa0 src/test_functions.o
 .debug_ranges  0x00000000000010a0       0x20 startup/startup_stm32l476xx.o

.debug_macro    0x0000000000000000    0x2dfb3
 .debug_macro   0x0000000000000000      0x330 HAL_Driver/Src/stm32l4xx_hal.o
 .debug_macro   0x0000000000000330      0x8ce HAL_Driver/Src/stm32l4xx_hal.o
 .debug_macro   0x0000000000000bfe       0xa6 HAL_Driver/Src/stm32l4xx_hal.o
 .debug_macro   0x0000000000000ca4       0x28 HAL_Driver/Src/stm32l4xx_hal.o
 .debug_macro   0x0000000000000ccc       0x28 HAL_Driver/Src/stm32l4xx_hal.o
 .debug_macro   0x0000000000000cf4       0x22 HAL_Driver/Src/stm32l4xx_hal.o
 .debug_macro   0x0000000000000d16       0x87 HAL_Driver/Src/stm32l4xx_hal.o
 .debug_macro   0x0000000000000d9d       0x51 HAL_Driver/Src/stm32l4xx_hal.o
 .debug_macro   0x0000000000000dee       0xef HAL_Driver/Src/stm32l4xx_hal.o
 .debug_macro   0x0000000000000edd       0x6a HAL_Driver/Src/stm32l4xx_hal.o
 .debug_macro   0x0000000000000f47      0x1df HAL_Driver/Src/stm32l4xx_hal.o
 .debug_macro   0x0000000000001126       0x35 HAL_Driver/Src/stm32l4xx_hal.o
 .debug_macro   0x000000000000115b       0x50 HAL_Driver/Src/stm32l4xx_hal.o
 .debug_macro   0x00000000000011ab      0xe66 HAL_Driver/Src/stm32l4xx_hal.o
 .debug_macro   0x0000000000002011    0x1a193 HAL_Driver/Src/stm32l4xx_hal.o
 .debug_macro   0x000000000001c1a4       0x43 HAL_Driver/Src/stm32l4xx_hal.o
 .debug_macro   0x000000000001c1e7     0x36a1 HAL_Driver/Src/stm32l4xx_hal.o
 .debug_macro   0x000000000001f888       0x58 HAL_Driver/Src/stm32l4xx_hal.o
 .debug_macro   0x000000000001f8e0       0x35 HAL_Driver/Src/stm32l4xx_hal.o
 .debug_macro   0x000000000001f915       0x9c HAL_Driver/Src/stm32l4xx_hal.o
 .debug_macro   0x000000000001f9b1       0x16 HAL_Driver/Src/stm32l4xx_hal.o
 .debug_macro   0x000000000001f9c7       0x97 HAL_Driver/Src/stm32l4xx_hal.o
 .debug_macro   0x000000000001fa5e      0x330 HAL_Driver/Src/stm32l4xx_hal.o
 .debug_macro   0x000000000001fd8e       0xfd HAL_Driver/Src/stm32l4xx_hal.o
 .debug_macro   0x000000000001fe8b       0x10 HAL_Driver/Src/stm32l4xx_hal.o
 .debug_macro   0x000000000001fe9b       0x58 HAL_Driver/Src/stm32l4xx_hal.o
 .debug_macro   0x000000000001fef3       0x1f HAL_Driver/Src/stm32l4xx_hal.o
 .debug_macro   0x000000000001ff12       0x43 HAL_Driver/Src/stm32l4xx_hal.o
 .debug_macro   0x000000000001ff55       0x20 HAL_Driver/Src/stm32l4xx_hal.o
 .debug_macro   0x000000000001ff75      0x187 HAL_Driver/Src/stm32l4xx_hal.o
 .debug_macro   0x00000000000200fc       0x10 HAL_Driver/Src/stm32l4xx_hal.o
 .debug_macro   0x000000000002010c       0x1c HAL_Driver/Src/stm32l4xx_hal.o
 .debug_macro   0x0000000000020128       0x52 HAL_Driver/Src/stm32l4xx_hal.o
 .debug_macro   0x000000000002017a       0x40 HAL_Driver/Src/stm32l4xx_hal.o
 .debug_macro   0x00000000000201ba       0x10 HAL_Driver/Src/stm32l4xx_hal.o
 .debug_macro   0x00000000000201ca       0x40 HAL_Driver/Src/stm32l4xx_hal.o
 .debug_macro   0x000000000002020a       0xd7 HAL_Driver/Src/stm32l4xx_hal.o
 .debug_macro   0x00000000000202e1       0x16 HAL_Driver/Src/stm32l4xx_hal.o
 .debug_macro   0x00000000000202f7      0x18b HAL_Driver/Src/stm32l4xx_hal.o
 .debug_macro   0x0000000000020482       0x57 HAL_Driver/Src/stm32l4xx_hal.o
 .debug_macro   0x00000000000204d9     0x1566 HAL_Driver/Src/stm32l4xx_hal.o
 .debug_macro   0x0000000000021a3f      0x59e HAL_Driver/Src/stm32l4xx_hal.o
 .debug_macro   0x0000000000021fdd      0x148 HAL_Driver/Src/stm32l4xx_hal.o
 .debug_macro   0x0000000000022125      0x18b HAL_Driver/Src/stm32l4xx_hal.o
 .debug_macro   0x00000000000222b0      0x25d HAL_Driver/Src/stm32l4xx_hal.o
 .debug_macro   0x000000000002250d      0x23a HAL_Driver/Src/stm32l4xx_hal.o
 .debug_macro   0x0000000000022747      0x367 HAL_Driver/Src/stm32l4xx_hal.o
 .debug_macro   0x0000000000022aae       0x10 HAL_Driver/Src/stm32l4xx_hal.o
 .debug_macro   0x0000000000022abe       0xe4 HAL_Driver/Src/stm32l4xx_hal.o
 .debug_macro   0x0000000000022ba2      0x126 HAL_Driver/Src/stm32l4xx_hal.o
 .debug_macro   0x0000000000022cc8      0x3dc HAL_Driver/Src/stm32l4xx_hal.o
 .debug_macro   0x00000000000230a4      0x9cd HAL_Driver/Src/stm32l4xx_hal.o
 .debug_macro   0x0000000000023a71      0x1e0 HAL_Driver/Src/stm32l4xx_hal.o
 .debug_macro   0x0000000000023c51      0x320 HAL_Driver/Src/stm32l4xx_hal.o
 .debug_macro   0x0000000000023f71      0x2e2 HAL_Driver/Src/stm32l4xx_hal_cortex.o
 .debug_macro   0x0000000000024253      0x2e3 HAL_Driver/Src/stm32l4xx_hal_tim.o
 .debug_macro   0x0000000000024536      0x2f4 HAL_Driver/Src/stm32l4xx_hal_tim_ex.o
 .debug_macro   0x000000000002482a      0x2e2 HAL_Driver/Src/stm32l4xx_hal_timebase_tim_template.o
 .debug_macro   0x0000000000024b0c      0x39c HAL_Driver/Src/stm32l4xx_ll_adc.o
 .debug_macro   0x0000000000024ea8      0xf37 HAL_Driver/Src/stm32l4xx_ll_adc.o
 .debug_macro   0x0000000000025ddf      0x1c1 HAL_Driver/Src/stm32l4xx_ll_adc.o
 .debug_macro   0x0000000000025fa0      0x342 HAL_Driver/Src/stm32l4xx_ll_dma.o
 .debug_macro   0x00000000000262e2      0x2c5 HAL_Driver/Src/stm32l4xx_ll_dma.o
 .debug_macro   0x00000000000265a7      0x32a HAL_Driver/Src/stm32l4xx_ll_gpio.o
 .debug_macro   0x00000000000268d1      0x170 HAL_Driver/Src/stm32l4xx_ll_gpio.o
 .debug_macro   0x0000000000026a41      0x345 HAL_Driver/Src/stm32l4xx_ll_rcc.o
 .debug_macro   0x0000000000026d86      0x702 HAL_Driver/Src/stm32l4xx_ll_rcc.o
 .debug_macro   0x0000000000027488      0x357 HAL_Driver/Src/stm32l4xx_ll_usart.o
 .debug_macro   0x00000000000277df      0x2f1 HAL_Driver/Src/stm32l4xx_ll_usart.o
 .debug_macro   0x0000000000027ad0      0x708 HAL_Driver/Src/stm32l4xx_ll_usart.o
 .debug_macro   0x00000000000281d8      0x3b3 HAL_Driver/Src/stm32l4xx_ll_utils.o
 .debug_macro   0x000000000002858b       0x7e HAL_Driver/Src/stm32l4xx_ll_utils.o
 .debug_macro   0x0000000000028609      0x70e HAL_Driver/Src/stm32l4xx_ll_utils.o
 .debug_macro   0x0000000000028d17      0x302 HAL_Driver/Src/stm32l4xx_ll_utils.o
 .debug_macro   0x0000000000029019      0x1ff HAL_Driver/Src/stm32l4xx_ll_utils.o
 .debug_macro   0x0000000000029218      0x3cf src/main.o
 .debug_macro   0x00000000000295e7      0xa72 src/main.o
 .debug_macro   0x000000000002a059       0x1c src/main.o
 .debug_macro   0x000000000002a075       0x22 src/main.o
 .debug_macro   0x000000000002a097       0x8e src/main.o
 .debug_macro   0x000000000002a125       0x5e src/main.o
 .debug_macro   0x000000000002a183       0x18 src/main.o
 .debug_macro   0x000000000002a19b       0x35 src/main.o
 .debug_macro   0x000000000002a1d0       0x34 src/main.o
 .debug_macro   0x000000000002a204      0x330 src/main.o
 .debug_macro   0x000000000002a534       0x20 src/main.o
 .debug_macro   0x000000000002a554      0x18e src/main.o
 .debug_macro   0x000000000002a6e2       0x40 src/main.o
 .debug_macro   0x000000000002a722       0x1c src/main.o
 .debug_macro   0x000000000002a73e       0x3d src/main.o
 .debug_macro   0x000000000002a77b      0x16f src/main.o
 .debug_macro   0x000000000002a8ea      0x16b src/main.o
 .debug_macro   0x000000000002aa55      0x1b2 src/main.o
 .debug_macro   0x000000000002ac07       0x84 src/main.o
 .debug_macro   0x000000000002ac8b      0x2cb src/main.o
 .debug_macro   0x000000000002af56      0x2f7 src/main.o
 .debug_macro   0x000000000002b24d      0x176 src/main.o
 .debug_macro   0x000000000002b3c3       0x16 src/main.o
 .debug_macro   0x000000000002b3d9       0x35 src/main.o
 .debug_macro   0x000000000002b40e       0x16 src/main.o
 .debug_macro   0x000000000002b424       0x16 src/main.o
 .debug_macro   0x000000000002b43a       0x29 src/main.o
 .debug_macro   0x000000000002b463      0x2de src/main.o
 .debug_macro   0x000000000002b741      0x3cf src/motor_control.o
 .debug_macro   0x000000000002bb10      0x3d3 src/stm32l4xx_it.o
 .debug_macro   0x000000000002bee3      0xf3d src/stm32l4xx_it.o
 .debug_macro   0x000000000002ce20      0x236 src/syscalls.o
 .debug_macro   0x000000000002d056       0x52 src/syscalls.o
 .debug_macro   0x000000000002d0a8       0x8d src/syscalls.o
 .debug_macro   0x000000000002d135       0x57 src/syscalls.o
 .debug_macro   0x000000000002d18c      0x174 src/syscalls.o
 .debug_macro   0x000000000002d300       0x10 src/syscalls.o
 .debug_macro   0x000000000002d310       0x10 src/syscalls.o
 .debug_macro   0x000000000002d320       0x10 src/syscalls.o
 .debug_macro   0x000000000002d330       0x35 src/syscalls.o
 .debug_macro   0x000000000002d365      0x122 src/syscalls.o
 .debug_macro   0x000000000002d487       0x10 src/syscalls.o
 .debug_macro   0x000000000002d497      0x241 src/syscalls.o
 .debug_macro   0x000000000002d6d8       0x1c src/syscalls.o
 .debug_macro   0x000000000002d6f4       0x10 src/syscalls.o
 .debug_macro   0x000000000002d704      0x159 src/syscalls.o
 .debug_macro   0x000000000002d85d       0x16 src/syscalls.o
 .debug_macro   0x000000000002d873       0x88 src/syscalls.o
 .debug_macro   0x000000000002d8fb      0x2e9 src/system_stm32l4xx.o
 .debug_macro   0x000000000002dbe4      0x3cf src/test_functions.o

.debug_line     0x0000000000000000     0xc69f
 .debug_line    0x0000000000000000      0x9b1 HAL_Driver/Src/stm32l4xx_hal.o
 .debug_line    0x00000000000009b1      0xa2c HAL_Driver/Src/stm32l4xx_hal_cortex.o
 .debug_line    0x00000000000013dd     0x1a6b HAL_Driver/Src/stm32l4xx_hal_tim.o
 .debug_line    0x0000000000002e48      0xd9c HAL_Driver/Src/stm32l4xx_hal_tim_ex.o
 .debug_line    0x0000000000003be4      0x7d3 HAL_Driver/Src/stm32l4xx_hal_timebase_tim_template.o
 .debug_line    0x00000000000043b7      0x9e2 HAL_Driver/Src/stm32l4xx_ll_adc.o
 .debug_line    0x0000000000004d99      0xa28 HAL_Driver/Src/stm32l4xx_ll_dma.o
 .debug_line    0x00000000000057c1      0x940 HAL_Driver/Src/stm32l4xx_ll_gpio.o
 .debug_line    0x0000000000006101     0x12ca HAL_Driver/Src/stm32l4xx_ll_rcc.o
 .debug_line    0x00000000000073cb      0x8f0 HAL_Driver/Src/stm32l4xx_ll_usart.o
 .debug_line    0x0000000000007cbb      0xb32 HAL_Driver/Src/stm32l4xx_ll_utils.o
 .debug_line    0x00000000000087ed      0xf44 src/main.o
 .debug_line    0x0000000000009731      0xcfc src/motor_control.o
 .debug_line    0x000000000000a42d      0x97f src/stm32l4xx_it.o
 .debug_line    0x000000000000adac      0x60c src/syscalls.o
 .debug_line    0x000000000000b3b8      0x78e src/system_stm32l4xx.o
 .debug_line    0x000000000000bb46      0xada src/test_functions.o
 .debug_line    0x000000000000c620       0x7f startup/startup_stm32l476xx.o

.debug_str      0x0000000000000000   0x101621
 .debug_str     0x0000000000000000    0xe174f HAL_Driver/Src/stm32l4xx_hal.o
                                      0xe2604 (size before relaxing)
 .debug_str     0x00000000000e174f      0x3aa HAL_Driver/Src/stm32l4xx_hal_cortex.o
                                      0xe2331 (size before relaxing)
 .debug_str     0x00000000000e1af9     0x1039 HAL_Driver/Src/stm32l4xx_hal_tim.o
                                      0xe2ac6 (size before relaxing)
 .debug_str     0x00000000000e2b32      0x67f HAL_Driver/Src/stm32l4xx_hal_tim_ex.o
                                      0xe24f3 (size before relaxing)
 .debug_str     0x00000000000e31b1       0xec HAL_Driver/Src/stm32l4xx_hal_timebase_tim_template.o
                                      0xe24b6 (size before relaxing)
 .debug_str     0x00000000000e329d     0xd73d HAL_Driver/Src/stm32l4xx_ll_adc.o
                                      0xef21d (size before relaxing)
 .debug_str     0x00000000000f09da     0x24a2 HAL_Driver/Src/stm32l4xx_ll_dma.o
                                      0xe4b5b (size before relaxing)
 .debug_str     0x00000000000f2e7c      0xe86 HAL_Driver/Src/stm32l4xx_ll_gpio.o
                                      0xe3500 (size before relaxing)
 .debug_str     0x00000000000f3d02     0x46da HAL_Driver/Src/stm32l4xx_ll_rcc.o
                                      0xe61ae (size before relaxing)
 .debug_str     0x00000000000f83dc     0x19fa HAL_Driver/Src/stm32l4xx_ll_usart.o
                                      0xe79c7 (size before relaxing)
 .debug_str     0x00000000000f9dd6     0x3149 HAL_Driver/Src/stm32l4xx_ll_utils.o
                                      0xe86f7 (size before relaxing)
 .debug_str     0x00000000000fcf1f     0x30cb src/main.o
                                      0xf90e6 (size before relaxing)
 .debug_str     0x00000000000fffea      0x282 src/motor_control.o
                                      0xf81b2 (size before relaxing)
 .debug_str     0x000000000010026c       0xaf src/stm32l4xx_it.o
                                      0xf7f1c (size before relaxing)
 .debug_str     0x000000000010031b     0x10d2 src/syscalls.o
                                       0x7d4f (size before relaxing)
 .debug_str     0x00000000001013ed       0x6a src/system_stm32l4xx.o
                                      0xe1b32 (size before relaxing)
 .debug_str     0x0000000000101457      0x1ca src/test_functions.o
                                      0xf817e (size before relaxing)

.comment        0x0000000000000000       0xfe
 .comment       0x0000000000000000       0x7f HAL_Driver/Src/stm32l4xx_hal.o
                                         0x80 (size before relaxing)
 .comment       0x000000000000007f       0x80 HAL_Driver/Src/stm32l4xx_hal_cortex.o
 .comment       0x000000000000007f       0x80 HAL_Driver/Src/stm32l4xx_hal_tim.o
 .comment       0x000000000000007f       0x80 HAL_Driver/Src/stm32l4xx_hal_tim_ex.o
 .comment       0x000000000000007f       0x80 HAL_Driver/Src/stm32l4xx_hal_timebase_tim_template.o
 .comment       0x000000000000007f       0x80 HAL_Driver/Src/stm32l4xx_ll_adc.o
 .comment       0x000000000000007f       0x80 HAL_Driver/Src/stm32l4xx_ll_dma.o
 .comment       0x000000000000007f       0x80 HAL_Driver/Src/stm32l4xx_ll_gpio.o
 .comment       0x000000000000007f       0x80 HAL_Driver/Src/stm32l4xx_ll_rcc.o
 .comment       0x000000000000007f       0x80 HAL_Driver/Src/stm32l4xx_ll_usart.o
 .comment       0x000000000000007f       0x80 HAL_Driver/Src/stm32l4xx_ll_utils.o
 .comment       0x000000000000007f       0x7f src/main.o
                                         0x80 (size before relaxing)
 .comment       0x00000000000000fe       0x80 src/motor_control.o
 .comment       0x00000000000000fe       0x80 src/stm32l4xx_it.o
 .comment       0x00000000000000fe       0x80 src/syscalls.o
 .comment       0x00000000000000fe       0x80 src/system_stm32l4xx.o
 .comment       0x00000000000000fe       0x80 src/test_functions.o

.debug_frame    0x0000000000000000     0x4f48
 .debug_frame   0x0000000000000000      0x42c HAL_Driver/Src/stm32l4xx_hal.o
 .debug_frame   0x000000000000042c      0x450 HAL_Driver/Src/stm32l4xx_hal_cortex.o
 .debug_frame   0x000000000000087c     0x100c HAL_Driver/Src/stm32l4xx_hal_tim.o
 .debug_frame   0x0000000000001888      0x5c4 HAL_Driver/Src/stm32l4xx_hal_tim_ex.o
 .debug_frame   0x0000000000001e4c       0xb4 HAL_Driver/Src/stm32l4xx_hal_timebase_tim_template.o
 .debug_frame   0x0000000000001f00      0x3e8 HAL_Driver/Src/stm32l4xx_ll_adc.o
 .debug_frame   0x00000000000022e8      0x2b0 HAL_Driver/Src/stm32l4xx_ll_dma.o
 .debug_frame   0x0000000000002598      0x1c0 HAL_Driver/Src/stm32l4xx_ll_gpio.o
 .debug_frame   0x0000000000002758      0x9d0 HAL_Driver/Src/stm32l4xx_ll_rcc.o
 .debug_frame   0x0000000000003128      0x238 HAL_Driver/Src/stm32l4xx_ll_usart.o
 .debug_frame   0x0000000000003360      0x4fc HAL_Driver/Src/stm32l4xx_ll_utils.o
 .debug_frame   0x000000000000385c      0x970 src/main.o
 .debug_frame   0x00000000000041cc      0x2c0 src/motor_control.o
 .debug_frame   0x000000000000448c       0xe0 src/stm32l4xx_it.o
 .debug_frame   0x000000000000456c      0x2d4 src/syscalls.o
 .debug_frame   0x0000000000004840       0x58 src/system_stm32l4xx.o
 .debug_frame   0x0000000000004898      0x2d0 src/test_functions.o
 .debug_frame   0x0000000000004b68       0x20 /home/cartogan/Ac6/SystemWorkbench/plugins/fr.ac6.mcu.externaltools.arm-none.linux64_1.17.0.201812190825/tools/compiler/bin/../lib/gcc/arm-none-eabi/7.3.1/../../../../arm-none-eabi/lib/thumb/v7e-m/fpv4-sp/hard/libc.a(lib_a-errno.o)
 .debug_frame   0x0000000000004b88       0x2c /home/cartogan/Ac6/SystemWorkbench/plugins/fr.ac6.mcu.externaltools.arm-none.linux64_1.17.0.201812190825/tools/compiler/bin/../lib/gcc/arm-none-eabi/7.3.1/../../../../arm-none-eabi/lib/thumb/v7e-m/fpv4-sp/hard/libc.a(lib_a-init.o)
 .debug_frame   0x0000000000004bb4       0x30 /home/cartogan/Ac6/SystemWorkbench/plugins/fr.ac6.mcu.externaltools.arm-none.linux64_1.17.0.201812190825/tools/compiler/bin/../lib/gcc/arm-none-eabi/7.3.1/../../../../arm-none-eabi/lib/thumb/v7e-m/fpv4-sp/hard/libc.a(lib_a-malloc.o)
 .debug_frame   0x0000000000004be4       0x54 /home/cartogan/Ac6/SystemWorkbench/plugins/fr.ac6.mcu.externaltools.arm-none.linux64_1.17.0.201812190825/tools/compiler/bin/../lib/gcc/arm-none-eabi/7.3.1/../../../../arm-none-eabi/lib/thumb/v7e-m/fpv4-sp/hard/libc.a(lib_a-mallocr.o)
 .debug_frame   0x0000000000004c38       0x38 /home/cartogan/Ac6/SystemWorkbench/plugins/fr.ac6.mcu.externaltools.arm-none.linux64_1.17.0.201812190825/tools/compiler/bin/../lib/gcc/arm-none-eabi/7.3.1/../../../../arm-none-eabi/lib/thumb/v7e-m/fpv4-sp/hard/libc.a(lib_a-memset.o)
 .debug_frame   0x0000000000004c70       0x30 /home/cartogan/Ac6/SystemWorkbench/plugins/fr.ac6.mcu.externaltools.arm-none.linux64_1.17.0.201812190825/tools/compiler/bin/../lib/gcc/arm-none-eabi/7.3.1/../../../../arm-none-eabi/lib/thumb/v7e-m/fpv4-sp/hard/libc.a(lib_a-mlock.o)
 .debug_frame   0x0000000000004ca0       0x2c /home/cartogan/Ac6/SystemWorkbench/plugins/fr.ac6.mcu.externaltools.arm-none.linux64_1.17.0.201812190825/tools/compiler/bin/../lib/gcc/arm-none-eabi/7.3.1/../../../../arm-none-eabi/lib/thumb/v7e-m/fpv4-sp/hard/libc.a(lib_a-sbrkr.o)
 .debug_frame   0x0000000000004ccc       0x5c /home/cartogan/Ac6/SystemWorkbench/plugins/fr.ac6.mcu.externaltools.arm-none.linux64_1.17.0.201812190825/tools/compiler/bin/../lib/gcc/arm-none-eabi/7.3.1/../../../../arm-none-eabi/lib/thumb/v7e-m/fpv4-sp/hard/libc.a(lib_a-__call_atexit.o)
 .debug_frame   0x0000000000004d28       0x20 /home/cartogan/Ac6/SystemWorkbench/plugins/fr.ac6.mcu.externaltools.arm-none.linux64_1.17.0.201812190825/tools/compiler/bin/../lib/gcc/arm-none-eabi/7.3.1/../../../../arm-none-eabi/lib/thumb/v7e-m/fpv4-sp/hard/libc.a(lib_a-atexit.o)
 .debug_frame   0x0000000000004d48       0x34 /home/cartogan/Ac6/SystemWorkbench/plugins/fr.ac6.mcu.externaltools.arm-none.linux64_1.17.0.201812190825/tools/compiler/bin/../lib/gcc/arm-none-eabi/7.3.1/../../../../arm-none-eabi/lib/thumb/v7e-m/fpv4-sp/hard/libc.a(lib_a-fini.o)
 .debug_frame   0x0000000000004d7c       0x80 /home/cartogan/Ac6/SystemWorkbench/plugins/fr.ac6.mcu.externaltools.arm-none.linux64_1.17.0.201812190825/tools/compiler/bin/../lib/gcc/arm-none-eabi/7.3.1/../../../../arm-none-eabi/lib/thumb/v7e-m/fpv4-sp/hard/libc.a(lib_a-freer.o)
 .debug_frame   0x0000000000004dfc       0xb0 /home/cartogan/Ac6/SystemWorkbench/plugins/fr.ac6.mcu.externaltools.arm-none.linux64_1.17.0.201812190825/tools/compiler/bin/../lib/gcc/arm-none-eabi/7.3.1/../../../../arm-none-eabi/lib/thumb/v7e-m/fpv4-sp/hard/libc.a(lib_a-lock.o)
 .debug_frame   0x0000000000004eac       0x68 /home/cartogan/Ac6/SystemWorkbench/plugins/fr.ac6.mcu.externaltools.arm-none.linux64_1.17.0.201812190825/tools/compiler/bin/../lib/gcc/arm-none-eabi/7.3.1/../../../../arm-none-eabi/lib/thumb/v7e-m/fpv4-sp/hard/libc.a(lib_a-reent.o)
 .debug_frame   0x0000000000004f14       0x34 /home/cartogan/Ac6/SystemWorkbench/plugins/fr.ac6.mcu.externaltools.arm-none.linux64_1.17.0.201812190825/tools/compiler/bin/../lib/gcc/arm-none-eabi/7.3.1/../../../../arm-none-eabi/lib/thumb/v7e-m/fpv4-sp/hard/libc.a(lib_a-__atexit.o)
