Archive member included to satisfy reference by file (symbol)

d:/moar program files/stm/plugins/fr.ac6.mcu.externaltools.arm-none.win32_1.17.0.201812190825/tools/compiler/bin/../lib/gcc/arm-none-eabi/7.3.1/../../../../arm-none-eabi/lib/thumb/v7e-m/fpv4-sp/hard\libc.a(lib_a-errno.o)
                              src/syscalls.o (__errno)
d:/moar program files/stm/plugins/fr.ac6.mcu.externaltools.arm-none.win32_1.17.0.201812190825/tools/compiler/bin/../lib/gcc/arm-none-eabi/7.3.1/../../../../arm-none-eabi/lib/thumb/v7e-m/fpv4-sp/hard\libc.a(lib_a-exit.o)
                              d:/moar program files/stm/plugins/fr.ac6.mcu.externaltools.arm-none.win32_1.17.0.201812190825/tools/compiler/bin/../lib/gcc/arm-none-eabi/7.3.1/../../../../arm-none-eabi/lib/thumb/v7e-m/fpv4-sp/hard/crt0.o (exit)
d:/moar program files/stm/plugins/fr.ac6.mcu.externaltools.arm-none.win32_1.17.0.201812190825/tools/compiler/bin/../lib/gcc/arm-none-eabi/7.3.1/../../../../arm-none-eabi/lib/thumb/v7e-m/fpv4-sp/hard\libc.a(lib_a-impure.o)
                              d:/moar program files/stm/plugins/fr.ac6.mcu.externaltools.arm-none.win32_1.17.0.201812190825/tools/compiler/bin/../lib/gcc/arm-none-eabi/7.3.1/../../../../arm-none-eabi/lib/thumb/v7e-m/fpv4-sp/hard\libc.a(lib_a-exit.o) (_global_impure_ptr)
d:/moar program files/stm/plugins/fr.ac6.mcu.externaltools.arm-none.win32_1.17.0.201812190825/tools/compiler/bin/../lib/gcc/arm-none-eabi/7.3.1/../../../../arm-none-eabi/lib/thumb/v7e-m/fpv4-sp/hard\libc.a(lib_a-init.o)
                              d:/moar program files/stm/plugins/fr.ac6.mcu.externaltools.arm-none.win32_1.17.0.201812190825/tools/compiler/bin/../lib/gcc/arm-none-eabi/7.3.1/../../../../arm-none-eabi/lib/thumb/v7e-m/fpv4-sp/hard/crt0.o (__libc_init_array)
d:/moar program files/stm/plugins/fr.ac6.mcu.externaltools.arm-none.win32_1.17.0.201812190825/tools/compiler/bin/../lib/gcc/arm-none-eabi/7.3.1/../../../../arm-none-eabi/lib/thumb/v7e-m/fpv4-sp/hard\libc.a(lib_a-malloc.o)
                              src/motor_control.o (malloc)
d:/moar program files/stm/plugins/fr.ac6.mcu.externaltools.arm-none.win32_1.17.0.201812190825/tools/compiler/bin/../lib/gcc/arm-none-eabi/7.3.1/../../../../arm-none-eabi/lib/thumb/v7e-m/fpv4-sp/hard\libc.a(lib_a-mallocr.o)
                              d:/moar program files/stm/plugins/fr.ac6.mcu.externaltools.arm-none.win32_1.17.0.201812190825/tools/compiler/bin/../lib/gcc/arm-none-eabi/7.3.1/../../../../arm-none-eabi/lib/thumb/v7e-m/fpv4-sp/hard\libc.a(lib_a-malloc.o) (_malloc_r)
d:/moar program files/stm/plugins/fr.ac6.mcu.externaltools.arm-none.win32_1.17.0.201812190825/tools/compiler/bin/../lib/gcc/arm-none-eabi/7.3.1/../../../../arm-none-eabi/lib/thumb/v7e-m/fpv4-sp/hard\libc.a(lib_a-memset.o)
                              d:/moar program files/stm/plugins/fr.ac6.mcu.externaltools.arm-none.win32_1.17.0.201812190825/tools/compiler/bin/../lib/gcc/arm-none-eabi/7.3.1/../../../../arm-none-eabi/lib/thumb/v7e-m/fpv4-sp/hard/crt0.o (memset)
d:/moar program files/stm/plugins/fr.ac6.mcu.externaltools.arm-none.win32_1.17.0.201812190825/tools/compiler/bin/../lib/gcc/arm-none-eabi/7.3.1/../../../../arm-none-eabi/lib/thumb/v7e-m/fpv4-sp/hard\libc.a(lib_a-mlock.o)
                              d:/moar program files/stm/plugins/fr.ac6.mcu.externaltools.arm-none.win32_1.17.0.201812190825/tools/compiler/bin/../lib/gcc/arm-none-eabi/7.3.1/../../../../arm-none-eabi/lib/thumb/v7e-m/fpv4-sp/hard\libc.a(lib_a-mallocr.o) (__malloc_lock)
d:/moar program files/stm/plugins/fr.ac6.mcu.externaltools.arm-none.win32_1.17.0.201812190825/tools/compiler/bin/../lib/gcc/arm-none-eabi/7.3.1/../../../../arm-none-eabi/lib/thumb/v7e-m/fpv4-sp/hard\libc.a(lib_a-sbrkr.o)
                              d:/moar program files/stm/plugins/fr.ac6.mcu.externaltools.arm-none.win32_1.17.0.201812190825/tools/compiler/bin/../lib/gcc/arm-none-eabi/7.3.1/../../../../arm-none-eabi/lib/thumb/v7e-m/fpv4-sp/hard\libc.a(lib_a-mallocr.o) (_sbrk_r)
d:/moar program files/stm/plugins/fr.ac6.mcu.externaltools.arm-none.win32_1.17.0.201812190825/tools/compiler/bin/../lib/gcc/arm-none-eabi/7.3.1/../../../../arm-none-eabi/lib/thumb/v7e-m/fpv4-sp/hard\libc.a(lib_a-strcmp.o)
                              src/test_functions.o (strcmp)
d:/moar program files/stm/plugins/fr.ac6.mcu.externaltools.arm-none.win32_1.17.0.201812190825/tools/compiler/bin/../lib/gcc/arm-none-eabi/7.3.1/../../../../arm-none-eabi/lib/thumb/v7e-m/fpv4-sp/hard\libc.a(lib_a-strlen.o)
                              src/test_functions.o (strlen)
d:/moar program files/stm/plugins/fr.ac6.mcu.externaltools.arm-none.win32_1.17.0.201812190825/tools/compiler/bin/../lib/gcc/arm-none-eabi/7.3.1/../../../../arm-none-eabi/lib/thumb/v7e-m/fpv4-sp/hard\libc.a(lib_a-__call_atexit.o)
[...]
Memory Configuration

Name             Origin             Length             Attributes
FLASH            0x08000000         0x00100000         xr
RAM              0x20000000         0x00018000         xrw
*default*        0x00000000         0xffffffff

Linker script and memory map

LOAD d:/moar program files/stm/plugins/fr.ac6.mcu.externaltools.arm-none.win32_1.17.0.201812190825/tools/compiler/bin/../lib/gcc/arm-none-eabi/7.3.1/thumb/v7e-m/fpv4-sp/hard/crti.o
LOAD d:/moar program files/stm/plugins/fr.ac6.mcu.externaltools.arm-none.win32_1.17.0.201812190825/tools/compiler/bin/../lib/gcc/arm-none-eabi/7.3.1/thumb/v7e-m/fpv4-sp/hard/crtbegin.o
LOAD d:/moar program files/stm/plugins/fr.ac6.mcu.externaltools.arm-none.win32_1.17.0.201812190825/tools/compiler/bin/../lib/gcc/arm-none-eabi/7.3.1/../../../../arm-none-eabi/lib/thumb/v7e-m/fpv4-sp/hard/crt0.o
LOAD HAL_Driver/Src/stm32l4xx_hal.o
LOAD HAL_Driver/Src/stm32l4xx_hal_cortex.o
LOAD HAL_Driver/Src/stm32l4xx_hal_dma.o
LOAD HAL_Driver/Src/stm32l4xx_hal_dma2d.o
LOAD HAL_Driver/Src/stm32l4xx_hal_flash.o
LOAD HAL_Driver/Src/stm32l4xx_hal_flash_ex.o
LOAD HAL_Driver/Src/stm32l4xx_hal_flash_ramfunc.o
LOAD HAL_Driver/Src/stm32l4xx_hal_gpio.o
LOAD HAL_Driver/Src/stm32l4xx_hal_pwr.o
LOAD HAL_Driver/Src/stm32l4xx_hal_pwr_ex.o
LOAD HAL_Driver/Src/stm32l4xx_hal_rcc.o
LOAD HAL_Driver/Src/stm32l4xx_hal_rcc_ex.o
LOAD HAL_Driver/Src/stm32l4xx_hal_tim.o
LOAD HAL_Driver/Src/stm32l4xx_hal_tim_ex.o
LOAD HAL_Driver/Src/stm32l4xx_hal_timebase_tim_template.o
LOAD HAL_Driver/Src/stm32l4xx_ll_adc.o
LOAD HAL_Driver/Src/stm32l4xx_ll_comp.o
LOAD HAL_Driver/Src/stm32l4xx_ll_crc.o
LOAD HAL_Driver/Src/stm32l4xx_ll_crs.o
LOAD HAL_Driver/Src/stm32l4xx_ll_dac.o
LOAD HAL_Driver/Src/stm32l4xx_ll_dma.o
LOAD HAL_Driver/Src/stm32l4xx_ll_dma2d.o
LOAD HAL_Driver/Src/stm32l4xx_ll_exti.o
LOAD HAL_Driver/Src/stm32l4xx_ll_fmc.o
LOAD HAL_Driver/Src/stm32l4xx_ll_gpio.o
LOAD HAL_Driver/Src/stm32l4xx_ll_i2c.o
LOAD HAL_Driver/Src/stm32l4xx_ll_lptim.o
LOAD HAL_Driver/Src/stm32l4xx_ll_lpuart.o
LOAD HAL_Driver/Src/stm32l4xx_ll_opamp.o
LOAD HAL_Driver/Src/stm32l4xx_ll_pwr.o
LOAD HAL_Driver/Src/stm32l4xx_ll_rcc.o
LOAD HAL_Driver/Src/stm32l4xx_ll_rng.o
LOAD HAL_Driver/Src/stm32l4xx_ll_rtc.o
LOAD HAL_Driver/Src/stm32l4xx_ll_sdmmc.o
LOAD HAL_Driver/Src/stm32l4xx_ll_spi.o
LOAD HAL_Driver/Src/stm32l4xx_ll_swpmi.o
LOAD HAL_Driver/Src/stm32l4xx_ll_tim.o
LOAD HAL_Driver/Src/stm32l4xx_ll_usart.o
LOAD HAL_Driver/Src/stm32l4xx_ll_usb.o
LOAD HAL_Driver/Src/stm32l4xx_ll_utils.o
LOAD Utilities/STM32L4xx_Nucleo/stm32l4xx_nucleo.o
LOAD src/main.o
LOAD src/motor_control.o
LOAD src/stm32l4xx_it.o
LOAD src/syscalls.o
LOAD src/system_stm32l4xx.o
LOAD src/test_functions.o
LOAD startup/startup_stm32l476xx.o
LOAD d:/moar program files/stm/plugins/fr.ac6.mcu.externaltools.arm-none.win32_1.17.0.201812190825/tools/compiler/bin/../lib/gcc/arm-none-eabi/7.3.1/../../../../arm-none-eabi/lib/thumb/v7e-m/fpv4-sp/hard\libm.a
START GROUP
LOAD d:/moar program files/stm/plugins/fr.ac6.mcu.externaltools.arm-none.win32_1.17.0.201812190825/tools/compiler/bin/../lib/gcc/arm-none-eabi/7.3.1/thumb/v7e-m/fpv4-sp/hard\libgcc.a
LOAD d:/moar program files/stm/plugins/fr.ac6.mcu.externaltools.arm-none.win32_1.17.0.201812190825/tools/compiler/bin/../lib/gcc/arm-none-eabi/7.3.1/../../../../arm-none-eabi/lib/thumb/v7e-m/fpv4-sp/hard\libc.a
END GROUP
LOAD d:/moar program files/stm/plugins/fr.ac6.mcu.externaltools.arm-none.win32_1.17.0.201812190825/tools/compiler/bin/../lib/gcc/arm-none-eabi/7.3.1/thumb/v7e-m/fpv4-sp/hard/crtend.o
LOAD d:/moar program files/stm/plugins/fr.ac6.mcu.externaltools.arm-none.win32_1.17.0.201812190825/tools/compiler/bin/../lib/gcc/arm-none-eabi/7.3.1/thumb/v7e-m/fpv4-sp/hard/crtn.o
                0x20018000                _estack = 0x20018000
                0x00000200                _Min_Heap_Size = 0x200
                0x00000400                _Min_Stack_Size = 0x400

.isr_vector     0x08000000      0x188
                0x08000000                . = ALIGN (0x8)
 *(.isr_vector)
 .isr_vector    0x08000000      0x188 startup/startup_stm32l476xx.o
                0x08000000                g_pfnVectors
                0x08000188                . = ALIGN (0x8)

.text           0x08000188     0x3e28
                0x08000188                . = ALIGN (0x8)
 *(.text)
 .text          0x08000188       0x40 d:/moar program files/stm/plugins/fr.ac6.mcu.externaltools.arm-none.win32_1.17.0.201812190825/tools/compiler/bin/../lib/gcc/arm-none-eabi/7.3.1/thumb/v7e-m/fpv4-sp/hard/crtbegin.o
 *(.text*)
 .text.HAL_IncTick
                0x080001c8       0x1c HAL_Driver/Src/stm32l4xx_hal.o
                0x080001c8                HAL_IncTick
 .text.HAL_SYSTICK_IRQHandler
                0x080001e4        0xc HAL_Driver/Src/stm32l4xx_hal_cortex.o
                0x080001e4                HAL_SYSTICK_IRQHandler
 .text.HAL_SYSTICK_Callback
                0x080001f0        0xe HAL_Driver/Src/stm32l4xx_hal_cortex.o
                0x080001f0                HAL_SYSTICK_Callback
 .text.HAL_TIM_IRQHandler
                0x080001fe      0x210 HAL_Driver/Src/stm32l4xx_hal_tim.o
                0x080001fe                HAL_TIM_IRQHandler
 .text.HAL_TIM_OC_DelayElapsedCallback
                0x0800040e       0x14 HAL_Driver/Src/stm32l4xx_hal_tim.o
                0x0800040e                HAL_TIM_OC_DelayElapsedCallback
 .text.HAL_TIM_IC_CaptureCallback
                0x08000422       0x14 HAL_Driver/Src/stm32l4xx_hal_tim.o
                0x08000422                HAL_TIM_IC_CaptureCallback
 .text.HAL_TIM_PWM_PulseFinishedCallback
                0x08000436       0x14 HAL_Driver/Src/stm32l4xx_hal_tim.o
                0x08000436                HAL_TIM_PWM_PulseFinishedCallback
 .text.HAL_TIM_TriggerCallback
                0x0800044a       0x14 HAL_Driver/Src/stm32l4xx_hal_tim.o
                0x0800044a                HAL_TIM_TriggerCallback
 .text.HAL_TIMEx_CommutationCallback
                0x0800045e       0x14 HAL_Driver/Src/stm32l4xx_hal_tim_ex.o
                0x0800045e                HAL_TIMEx_CommutationCallback
 .text.HAL_TIMEx_BreakCallback
                0x08000472       0x14 HAL_Driver/Src/stm32l4xx_hal_tim_ex.o
                0x08000472                HAL_TIMEx_BreakCallback
 .text.HAL_TIM_PeriodElapsedCallback
                0x08000486       0x14 HAL_Driver/Src/stm32l4xx_hal_timebase_tim_template.o
                0x08000486                HAL_TIM_PeriodElapsedCallback
 *fill*         0x0800049a        0x2 
 .text.TIM6_DAC_IRQHandler
                0x0800049c       0x14 HAL_Driver/Src/stm32l4xx_hal_timebase_tim_template.o
                0x0800049c                TIM6_DAC_IRQHandler
 .text.LL_ADC_REG_SetSequencerLength
                0x080004b0       0x26 HAL_Driver/Src/stm32l4xx_ll_adc.o
 .text.LL_ADC_IsEnabled
                0x080004d6       0x26 HAL_Driver/Src/stm32l4xx_ll_adc.o
 .text.LL_ADC_CommonInit
                0x080004fc       0x90 HAL_Driver/Src/stm32l4xx_ll_adc.o
                0x080004fc                LL_ADC_CommonInit
 .text.LL_ADC_Init
                0x0800058c       0x4c HAL_Driver/Src/stm32l4xx_ll_adc.o
                0x0800058c                LL_ADC_Init
 .text.LL_ADC_REG_Init
                0x080005d8       0x94 HAL_Driver/Src/stm32l4xx_ll_adc.o
                0x080005d8                LL_ADC_REG_Init
 .text.LL_DMA_ConfigTransfer
                0x0800066c       0x4c HAL_Driver/Src/stm32l4xx_ll_dma.o
 .text.LL_DMA_SetDataLength
                0x080006b8       0x48 HAL_Driver/Src/stm32l4xx_ll_dma.o
 .text.LL_DMA_SetMemoryAddress
                0x08000700       0x30 HAL_Driver/Src/stm32l4xx_ll_dma.o
 .text.LL_DMA_SetPeriphAddress
                0x08000730       0x30 HAL_Driver/Src/stm32l4xx_ll_dma.o
 .text.LL_DMA_SetPeriphRequest
                0x08000760       0x60 HAL_Driver/Src/stm32l4xx_ll_dma.o
 .text.LL_DMA_ClearFlag_GI1
                0x080007c0       0x1a HAL_Driver/Src/stm32l4xx_ll_dma.o
 .text.LL_DMA_ClearFlag_GI2
                0x080007da       0x1a HAL_Driver/Src/stm32l4xx_ll_dma.o
 .text.LL_DMA_ClearFlag_GI3
                0x080007f4       0x1c HAL_Driver/Src/stm32l4xx_ll_dma.o
 .text.LL_DMA_ClearFlag_GI4
                0x08000810       0x1c HAL_Driver/Src/stm32l4xx_ll_dma.o
 .text.LL_DMA_ClearFlag_GI5
                0x0800082c       0x1c HAL_Driver/Src/stm32l4xx_ll_dma.o
 .text.LL_DMA_ClearFlag_GI6
                0x08000848       0x1c HAL_Driver/Src/stm32l4xx_ll_dma.o
 .text.LL_DMA_ClearFlag_GI7
                0x08000864       0x1c HAL_Driver/Src/stm32l4xx_ll_dma.o
 .text.LL_AHB1_GRP1_ForceReset
                0x08000880       0x24 HAL_Driver/Src/stm32l4xx_ll_dma.o
 .text.LL_AHB1_GRP1_ReleaseReset
                0x080008a4       0x28 HAL_Driver/Src/stm32l4xx_ll_dma.o
 .text.LL_DMA_DeInit
                0x080008cc      0x230 HAL_Driver/Src/stm32l4xx_ll_dma.o
                0x080008cc                LL_DMA_DeInit
 .text.LL_DMA_Init
                0x08000afc       0x80 HAL_Driver/Src/stm32l4xx_ll_dma.o
                0x08000afc                LL_DMA_Init
 .text.LL_GPIO_SetPinMode
                0x08000b7c       0x5a HAL_Driver/Src/stm32l4xx_ll_gpio.o
 .text.LL_GPIO_SetPinOutputType
                0x08000bd6       0x30 HAL_Driver/Src/stm32l4xx_ll_gpio.o
 .text.LL_GPIO_SetPinSpeed
                0x08000c06       0x5a HAL_Driver/Src/stm32l4xx_ll_gpio.o
 .text.LL_GPIO_SetPinPull
                0x08000c60       0x5a HAL_Driver/Src/stm32l4xx_ll_gpio.o
 .text.LL_GPIO_SetAFPin_0_7
                0x08000cba       0x5a HAL_Driver/Src/stm32l4xx_ll_gpio.o
 .text.LL_GPIO_SetAFPin_8_15
                0x08000d14       0x5e HAL_Driver/Src/stm32l4xx_ll_gpio.o
 .text.LL_GPIO_Init
                0x08000d72       0xf4 HAL_Driver/Src/stm32l4xx_ll_gpio.o
                0x08000d72                LL_GPIO_Init
 *fill*         0x08000e66        0x2 
 .text.LL_RCC_HSI_IsReady
                0x08000e68       0x28 HAL_Driver/Src/stm32l4xx_ll_rcc.o
 .text.LL_RCC_LSE_IsReady
                0x08000e90       0x28 HAL_Driver/Src/stm32l4xx_ll_rcc.o
 .text.LL_RCC_MSI_IsEnabledRangeSelect
                0x08000eb8       0x24 HAL_Driver/Src/stm32l4xx_ll_rcc.o
 .text.LL_RCC_MSI_GetRange
                0x08000edc       0x1c HAL_Driver/Src/stm32l4xx_ll_rcc.o
 .text.LL_RCC_MSI_GetRangeAfterStandby
                0x08000ef8       0x1c HAL_Driver/Src/stm32l4xx_ll_rcc.o
 .text.LL_RCC_GetSysClkSource
                0x08000f14       0x1c HAL_Driver/Src/stm32l4xx_ll_rcc.o
 .text.LL_RCC_GetAHBPrescaler
                0x08000f30       0x1c HAL_Driver/Src/stm32l4xx_ll_rcc.o
 .text.LL_RCC_GetAPB1Prescaler
                0x08000f4c       0x1c HAL_Driver/Src/stm32l4xx_ll_rcc.o
 .text.LL_RCC_GetAPB2Prescaler
                0x08000f68       0x1c HAL_Driver/Src/stm32l4xx_ll_rcc.o
 .text.LL_RCC_GetUSARTClockSource
                0x08000f84       0x28 HAL_Driver/Src/stm32l4xx_ll_rcc.o
 .text.LL_RCC_GetUARTClockSource
                0x08000fac       0x28 HAL_Driver/Src/stm32l4xx_ll_rcc.o
 .text.LL_RCC_PLL_GetN
                0x08000fd4       0x1c HAL_Driver/Src/stm32l4xx_ll_rcc.o
 .text.LL_RCC_PLL_GetR
                0x08000ff0       0x1c HAL_Driver/Src/stm32l4xx_ll_rcc.o
 .text.LL_RCC_PLL_GetMainSource
                0x0800100c       0x1c HAL_Driver/Src/stm32l4xx_ll_rcc.o
 .text.LL_RCC_PLL_GetDivider
                0x08001028       0x1c HAL_Driver/Src/stm32l4xx_ll_rcc.o
 .text.LL_RCC_GetUSARTClockFreq
                0x08001044      0x178 HAL_Driver/Src/stm32l4xx_ll_rcc.o
                0x08001044                LL_RCC_GetUSARTClockFreq
 .text.LL_RCC_GetUARTClockFreq
                0x080011bc      0x104 HAL_Driver/Src/stm32l4xx_ll_rcc.o
                0x080011bc                LL_RCC_GetUARTClockFreq
 .text.RCC_GetSystemClockFreq
                0x080012c0      0x124 HAL_Driver/Src/stm32l4xx_ll_rcc.o
                0x080012c0                RCC_GetSystemClockFreq
 .text.RCC_GetHCLKClockFreq
                0x080013e4       0x2c HAL_Driver/Src/stm32l4xx_ll_rcc.o
                0x080013e4                RCC_GetHCLKClockFreq
 .text.RCC_GetPCLK1ClockFreq
                0x08001410       0x28 HAL_Driver/Src/stm32l4xx_ll_rcc.o
                0x08001410                RCC_GetPCLK1ClockFreq
 .text.RCC_GetPCLK2ClockFreq
                0x08001438       0x28 HAL_Driver/Src/stm32l4xx_ll_rcc.o
                0x08001438                RCC_GetPCLK2ClockFreq
 .text.RCC_PLL_GetFreqDomain_SYS
                0x08001460      0x114 HAL_Driver/Src/stm32l4xx_ll_rcc.o
                0x08001460                RCC_PLL_GetFreqDomain_SYS
 .text.LL_USART_IsEnabled
                0x08001574       0x26 HAL_Driver/Src/stm32l4xx_ll_usart.o
 .text.LL_USART_SetStopBitsLength
                0x0800159a       0x26 HAL_Driver/Src/stm32l4xx_ll_usart.o
 .text.LL_USART_SetHWFlowCtrl
                0x080015c0       0x26 HAL_Driver/Src/stm32l4xx_ll_usart.o
 .text.LL_USART_SetBaudRate
                0x080015e6       0x64 HAL_Driver/Src/stm32l4xx_ll_usart.o
 *fill*         0x0800164a        0x2 
 .text.LL_USART_Init
                0x0800164c       0xf8 HAL_Driver/Src/stm32l4xx_ll_usart.o
                0x0800164c                LL_USART_Init
 .text.LL_InitTick
                0x08001744       0x34 HAL_Driver/Src/stm32l4xx_ll_utils.o
 .text.LL_Init1msTick
                0x08001778       0x1a HAL_Driver/Src/stm32l4xx_ll_utils.o
                0x08001778                LL_Init1msTick
 *fill*         0x08001792        0x2 
 .text.LL_mDelay
                0x08001794       0x48 HAL_Driver/Src/stm32l4xx_ll_utils.o
                0x08001794                LL_mDelay
 .text.LL_SetSystemCoreClock
                0x080017dc       0x20 HAL_Driver/Src/stm32l4xx_ll_utils.o
                0x080017dc                LL_SetSystemCoreClock
 .text.NVIC_SetPriorityGrouping
                0x080017fc       0x48 src/main.o
 .text.NVIC_GetPriorityGrouping
                0x08001844       0x1c src/main.o
 .text.NVIC_EnableIRQ
                0x08001860       0x34 src/main.o
 .text.NVIC_SetPriority
                0x08001894       0x54 src/main.o
 .text.NVIC_EncodePriority
                0x080018e8       0x66 src/main.o
 *fill*         0x0800194e        0x2 
 .text.LL_ADC_DMA_GetRegAddr
                0x08001950       0x2c src/main.o
 .text.LL_ADC_REG_SetSequencerRanks
                0x0800197c       0x6a src/main.o
 .text.LL_ADC_SetChannelSamplingTime
                0x080019e6       0x92 src/main.o
 .text.LL_ADC_SetChannelSingleDiff
                0x08001a78       0x48 src/main.o
 .text.LL_ADC_SetOverSamplingScope
                0x08001ac0       0x2a src/main.o
 .text.LL_ADC_DisableDeepPowerDown
                0x08001aea       0x24 src/main.o
 .text.LL_ADC_EnableInternalRegulator
                0x08001b0e       0x28 src/main.o
 .text.LL_ADC_Enable
                0x08001b36       0x28 src/main.o
 .text.LL_ADC_IsEnabled
                0x08001b5e       0x26 src/main.o
 .text.LL_ADC_StartCalibration
                0x08001b84       0x32 src/main.o
 .text.LL_ADC_IsCalibrationOnGoing
                0x08001bb6       0x28 src/main.o
 .text.LL_ADC_REG_StartConversion
                0x08001bde       0x28 src/main.o
 .text.LL_ADC_IsActiveFlag_ADRDY
                0x08001c06       0x26 src/main.o
 .text.LL_ADC_EnableIT_EOC
                0x08001c2c       0x20 src/main.o
 .text.LL_ADC_DisableIT_EOS
                0x08001c4c       0x20 src/main.o
 .text.LL_RCC_MSI_Enable
                0x08001c6c       0x20 src/main.o
 .text.LL_RCC_MSI_IsReady
                0x08001c8c       0x24 src/main.o
 .text.LL_RCC_MSI_EnableRangeSelection
                0x08001cb0       0x20 src/main.o
 .text.LL_RCC_MSI_SetRange
                0x08001cd0       0x28 src/main.o
 .text.LL_RCC_MSI_SetCalibTrimming
                0x08001cf8       0x2c src/main.o
 .text.LL_RCC_SetSysClkSource
                0x08001d24       0x28 src/main.o
 .text.LL_RCC_GetSysClkSource
                0x08001d4c       0x1c src/main.o
 .text.LL_RCC_SetAHBPrescaler
                0x08001d68       0x28 src/main.o
 .text.LL_RCC_SetAPB1Prescaler
                0x08001d90       0x28 src/main.o
 .text.LL_RCC_SetAPB2Prescaler
                0x08001db8       0x28 src/main.o
 .text.LL_RCC_SetADCClockSource
                0x08001de0       0x2c src/main.o
 .text.LL_RCC_PLL_Enable
                0x08001e0c       0x20 src/main.o
 .text.LL_RCC_PLL_IsReady
                0x08001e2c       0x28 src/main.o
 .text.LL_RCC_PLL_ConfigDomain_SYS
                0x08001e54       0x40 src/main.o
 .text.LL_RCC_PLL_EnableDomain_SYS
                0x08001e94       0x20 src/main.o
 .text.LL_RCC_PLLSAI1_Enable
                0x08001eb4       0x20 src/main.o
 .text.LL_RCC_PLLSAI1_IsReady
                0x08001ed4       0x28 src/main.o
 .text.LL_RCC_PLLSAI1_ConfigDomain_ADC
                0x08001efc       0x4c src/main.o
 .text.LL_RCC_PLLSAI1_EnableDomain_ADC
                0x08001f48       0x20 src/main.o
 .text.LL_AHB1_GRP1_EnableClock
                0x08001f68       0x30 src/main.o
 .text.LL_AHB2_GRP1_EnableClock
                0x08001f98       0x30 src/main.o
 .text.LL_APB1_GRP1_EnableClock
                0x08001fc8       0x30 src/main.o
 .text.LL_APB2_GRP1_EnableClock
                0x08001ff8       0x30 src/main.o
 .text.LL_FLASH_SetLatency
                0x08002028       0x28 src/main.o
 .text.LL_FLASH_GetLatency
                0x08002050       0x1c src/main.o
 .text.LL_SYSTICK_SetClkSource
                0x0800206c       0x38 src/main.o
 .text.LL_PWR_SetRegulVoltageScaling
                0x080020a4       0x28 src/main.o
 .text.LL_DMA_EnableChannel
                0x080020cc       0x40 src/main.o
 .text.LL_USART_Enable
                0x0800210c       0x20 src/main.o
 .text.LL_USART_ConfigAsyncMode
                0x0800212c       0x2c src/main.o
 .text.LL_USART_EnableIT_RXNE
                0x08002158       0x20 src/main.o
 .text.LL_GPIO_EnablePinAnalogControl
                0x08002178       0x22 src/main.o
 .text.LL_GPIO_SetOutputPin
                0x0800219a       0x1c src/main.o
 .text.LL_GPIO_ResetOutputPin
                0x080021b6       0x1c src/main.o
 *fill*         0x080021d2        0x2 
 .text.main     0x080021d4       0x48 src/main.o
                0x080021d4                main
 .text.LL_Init  0x0800221c      0x120 src/main.o
 .text.SystemClock_Config
                0x0800233c       0xec src/main.o
                0x0800233c                SystemClock_Config
 .text.MX_ADC1_Init
                0x08002428      0x130 src/main.o
 .text.MX_USART1_UART_Init
                0x08002558       0x80 src/main.o
 .text.MX_GPIO_Init
                0x080025d8       0xd0 src/main.o
 .text.Configure_DMA
                0x080026a8       0x78 src/main.o
                0x080026a8                Configure_DMA
 .text.Activate_ADC
                0x08002720       0xa8 src/main.o
 .text._Error_Handler
                0x080027c8        0xc src/main.o
                0x080027c8                _Error_Handler
 .text.LL_USART_ReceiveData9
                0x080027d4       0x20 src/motor_control.o
 .text.LL_GPIO_IsInputPinSet
                0x080027f4       0x2a src/motor_control.o
 .text.LL_GPIO_IsOutputPinSet
                0x0800281e       0x2a src/motor_control.o
 .text.LL_GPIO_SetOutputPin
                0x08002848       0x1c src/motor_control.o
 .text.LL_GPIO_ResetOutputPin
                0x08002864       0x1c src/motor_control.o
 .text.set_addr
                0x08002880       0x64 src/motor_control.o
                0x08002880                set_addr
 .text.step_motor
                0x080028e4      0x1c0 src/motor_control.o
                0x080028e4                step_motor
 .text.check_mode
                0x08002aa4       0xc4 src/motor_control.o
                0x08002aa4                check_mode
 .text.manual_control
                0x08002b68      0x19c src/motor_control.o
                0x08002b68                manual_control
 .text.remote_control
                0x08002d04      0x31c src/motor_control.o
                0x08002d04                remote_control
 .text.stop_motor
                0x08003020       0x70 src/motor_control.o
                0x08003020                stop_motor
 .text.read_cmd
                0x08003090      0x1a0 src/motor_control.o
                0x08003090                read_cmd
 .text.set_LEDs
                0x08003230       0x98 src/motor_control.o
                0x08003230                set_LEDs
 .text.get_opto
                0x080032c8       0x48 src/motor_control.o
                0x080032c8                get_opto
 .text.check_opto_flag
                0x08003310       0x50 src/motor_control.o
                0x08003310                check_opto_flag
 .text.LL_USART_IsActiveFlag_RXNE
                0x08003360       0x26 src/stm32l4xx_it.o
 .text.SysTick_Handler
                0x08003386       0x10 src/stm32l4xx_it.o
                0x08003386                SysTick_Handler
 *fill*         0x08003396        0x2 
 .text.USART1_IRQHandler
                0x08003398       0x1c src/stm32l4xx_it.o
                0x08003398                USART1_IRQHandler
 .text.DMA1_Channel1_IRQHandler
                0x080033b4        0xe src/stm32l4xx_it.o
                0x080033b4                DMA1_Channel1_IRQHandler
 *fill*         0x080033c2        0x2 
 .text._sbrk    0x080033c4       0x58 src/syscalls.o
                0x080033c4                _sbrk
 .text.SystemInit
                0x0800341c       0x6c src/system_stm32l4xx.o
                0x0800341c                SystemInit
 .text.DWT_Init
                0x08003488       0x40 src/test_functions.o
                0x08003488                DWT_Init
 .text.DWT_Delay
                0x080034c8       0x4c src/test_functions.o
                0x080034c8                DWT_Delay
 .text.Reset_Handler
                0x08003514       0x50 startup/startup_stm32l476xx.o
                0x08003514                Reset_Handler
 .text.Default_Handler
                0x08003564        0x2 startup/startup_stm32l476xx.o
                0x08003564                RTC_Alarm_IRQHandler
                0x08003564                EXTI2_IRQHandler
                0x08003564                TIM8_TRG_COM_IRQHandler
                0x08003564                TIM8_CC_IRQHandler
                0x08003564                DebugMon_Handler
                0x08003564                TIM1_CC_IRQHandler
                0x08003564                TSC_IRQHandler
                0x08003564                HardFault_Handler
                0x08003564                TAMP_STAMP_IRQHandler
                0x08003564                PendSV_Handler
                0x08003564                NMI_Handler
                0x08003564                EXTI3_IRQHandler
                0x08003564                LPTIM2_IRQHandler
                0x08003564                DFSDM1_FLT1_IRQHandler
                0x08003564                I2C3_ER_IRQHandler
                0x08003564                DFSDM1_FLT2_IRQHandler
                0x08003564                EXTI0_IRQHandler
                0x08003564                I2C2_EV_IRQHandler
                0x08003564                CAN1_RX0_IRQHandler
                0x08003564                FPU_IRQHandler
                0x08003564                TIM1_UP_TIM16_IRQHandler
                0x08003564                UsageFault_Handler
                0x08003564                ADC1_2_IRQHandler
                0x08003564                SPI1_IRQHandler
                0x08003564                TIM8_UP_IRQHandler
                0x08003564                DMA2_Channel2_IRQHandler
                0x08003564                DMA1_Channel4_IRQHandler
                0x08003564                SAI2_IRQHandler
                0x08003564                DFSDM1_FLT3_IRQHandler
                0x08003564                USART3_IRQHandler
                0x08003564                DMA1_Channel7_IRQHandler
                0x08003564                CAN1_RX1_IRQHandler
                0x08003564                LCD_IRQHandler
                0x08003564                UART5_IRQHandler
                0x08003564                ADC3_IRQHandler
                0x08003564                TIM4_IRQHandler
                0x08003564                DMA2_Channel1_IRQHandler
                0x08003564                QUADSPI_IRQHandler
                0x08003564                I2C1_EV_IRQHandler
                0x08003564                DMA1_Channel6_IRQHandler
                0x08003564                UART4_IRQHandler
                0x08003564                DMA2_Channel4_IRQHandler
                0x08003564                TIM3_IRQHandler
                0x08003564                RCC_IRQHandler
                0x08003564                Default_Handler
                0x08003564                DMA2_Channel7_IRQHandler
                0x08003564                EXTI15_10_IRQHandler
                0x08003564                TIM7_IRQHandler
                0x08003564                SDMMC1_IRQHandler
                0x08003564                TIM5_IRQHandler
                0x08003564                I2C3_EV_IRQHandler
                0x08003564                EXTI9_5_IRQHandler
                0x08003564                RTC_WKUP_IRQHandler
                0x08003564                PVD_PVM_IRQHandler
                0x08003564                SPI2_IRQHandler
                0x08003564                MemManage_Handler
                0x08003564                CAN1_TX_IRQHandler
                0x08003564                SVC_Handler
                0x08003564                DMA2_Channel5_IRQHandler
                0x08003564                DMA1_Channel5_IRQHandler
                0x08003564                EXTI4_IRQHandler
                0x08003564                RNG_IRQHandler
                0x08003564                TIM1_TRG_COM_TIM17_IRQHandler
                0x08003564                DMA1_Channel3_IRQHandler
                0x08003564                COMP_IRQHandler
                0x08003564                WWDG_IRQHandler
                0x08003564                LPUART1_IRQHandler
                0x08003564                DMA2_Channel6_IRQHandler
                0x08003564                TIM2_IRQHandler
                0x08003564                EXTI1_IRQHandler
                0x08003564                USART2_IRQHandler
                0x08003564                DFSDM1_FLT0_IRQHandler
                0x08003564                I2C2_ER_IRQHandler
                0x08003564                DMA1_Channel2_IRQHandler
                0x08003564                TIM8_BRK_IRQHandler
                0x08003564                CAN1_SCE_IRQHandler
                0x08003564                FLASH_IRQHandler
                0x08003564                BusFault_Handler
                0x08003564                OTG_FS_IRQHandler
                0x08003564                SPI3_IRQHandler
                0x08003564                I2C1_ER_IRQHandler
                0x08003564                FMC_IRQHandler
                0x08003564                SWPMI1_IRQHandler
                0x08003564                LPTIM1_IRQHandler
                0x08003564                SAI1_IRQHandler
                0x08003564                DMA2_Channel3_IRQHandler
                0x08003564                TIM1_BRK_TIM15_IRQHandler
 *fill*         0x08003566        0x2 
 .text.__errno  0x08003568        0xc d:/moar program files/stm/plugins/fr.ac6.mcu.externaltools.arm-none.win32_1.17.0.201812190825/tools/compiler/bin/../lib/gcc/arm-none-eabi/7.3.1/../../../../arm-none-eabi/lib/thumb/v7e-m/fpv4-sp/hard\libc.a(lib_a-errno.o)
                0x08003568                __errno
 .text.__libc_init_array
                0x08003574       0x48 d:/moar program files/stm/plugins/fr.ac6.mcu.externaltools.arm-none.win32_1.17.0.201812190825/tools/compiler/bin/../lib/gcc/arm-none-eabi/7.3.1/../../../../arm-none-eabi/lib/thumb/v7e-m/fpv4-sp/hard\libc.a(lib_a-init.o)
                0x08003574                __libc_init_array
 .text.malloc   0x080035bc       0x10 d:/moar program files/stm/plugins/fr.ac6.mcu.externaltools.arm-none.win32_1.17.0.201812190825/tools/compiler/bin/../lib/gcc/arm-none-eabi/7.3.1/../../../../arm-none-eabi/lib/thumb/v7e-m/fpv4-sp/hard\libc.a(lib_a-malloc.o)
                0x080035bc                malloc
 .text.free     0x080035cc       0x10 d:/moar program files/stm/plugins/fr.ac6.mcu.externaltools.arm-none.win32_1.17.0.201812190825/tools/compiler/bin/../lib/gcc/arm-none-eabi/7.3.1/../../../../arm-none-eabi/lib/thumb/v7e-m/fpv4-sp/hard\libc.a(lib_a-malloc.o)
                0x080035cc                free
 .text._malloc_r
                0x080035dc      0x548 d:/moar program files/stm/plugins/fr.ac6.mcu.externaltools.arm-none.win32_1.17.0.201812190825/tools/compiler/bin/../lib/gcc/arm-none-eabi/7.3.1/../../../../arm-none-eabi/lib/thumb/v7e-m/fpv4-sp/hard\libc.a(lib_a-mallocr.o)
                0x080035dc                _malloc_r
 .text.memset   0x08003b24       0x94 d:/moar program files/stm/plugins/fr.ac6.mcu.externaltools.arm-none.win32_1.17.0.201812190825/tools/compiler/bin/../lib/gcc/arm-none-eabi/7.3.1/../../../../arm-none-eabi/lib/thumb/v7e-m/fpv4-sp/hard\libc.a(lib_a-memset.o)
                0x08003b24                memset
 .text.__malloc_lock
                0x08003bb8        0xc d:/moar program files/stm/plugins/fr.ac6.mcu.externaltools.arm-none.win32_1.17.0.201812190825/tools/compiler/bin/../lib/gcc/arm-none-eabi/7.3.1/../../../../arm-none-eabi/lib/thumb/v7e-m/fpv4-sp/hard\libc.a(lib_a-mlock.o)
                0x08003bb8                __malloc_lock
 .text.__malloc_unlock
                0x08003bc4        0xc d:/moar program files/stm/plugins/fr.ac6.mcu.externaltools.arm-none.win32_1.17.0.201812190825/tools/compiler/bin/../lib/gcc/arm-none-eabi/7.3.1/../../../../arm-none-eabi/lib/thumb/v7e-m/fpv4-sp/hard\libc.a(lib_a-mlock.o)
                0x08003bc4                __malloc_unlock
 .text._sbrk_r  0x08003bd0       0x24 d:/moar program files/stm/plugins/fr.ac6.mcu.externaltools.arm-none.win32_1.17.0.201812190825/tools/compiler/bin/../lib/gcc/arm-none-eabi/7.3.1/../../../../arm-none-eabi/lib/thumb/v7e-m/fpv4-sp/hard\libc.a(lib_a-sbrkr.o)
                0x08003bd0                _sbrk_r
 .text.startup.register_fini
                0x08003bf4       0x14 d:/moar program files/stm/plugins/fr.ac6.mcu.externaltools.arm-none.win32_1.17.0.201812190825/tools/compiler/bin/../lib/gcc/arm-none-eabi/7.3.1/../../../../arm-none-eabi/lib/thumb/v7e-m/fpv4-sp/hard\libc.a(lib_a-__call_atexit.o)
 .text.atexit   0x08003c08        0xc d:/moar program files/stm/plugins/fr.ac6.mcu.externaltools.arm-none.win32_1.17.0.201812190825/tools/compiler/bin/../lib/gcc/arm-none-eabi/7.3.1/../../../../arm-none-eabi/lib/thumb/v7e-m/fpv4-sp/hard\libc.a(lib_a-atexit.o)
                0x08003c08                atexit
 .text.__libc_fini_array
                0x08003c14       0x34 d:/moar program files/stm/plugins/fr.ac6.mcu.externaltools.arm-none.win32_1.17.0.201812190825/tools/compiler/bin/../lib/gcc/arm-none-eabi/7.3.1/../../../../arm-none-eabi/lib/thumb/v7e-m/fpv4-sp/hard\libc.a(lib_a-fini.o)
                0x08003c14                __libc_fini_array
 .text._malloc_trim_r
                0x08003c48       0xa0 d:/moar program files/stm/plugins/fr.ac6.mcu.externaltools.arm-none.win32_1.17.0.201812190825/tools/compiler/bin/../lib/gcc/arm-none-eabi/7.3.1/../../../../arm-none-eabi/lib/thumb/v7e-m/fpv4-sp/hard\libc.a(lib_a-freer.o)
                0x08003c48                _malloc_trim_r
 .text._free_r  0x08003ce8      0x1e8 d:/moar program files/stm/plugins/fr.ac6.mcu.externaltools.arm-none.win32_1.17.0.201812190825/tools/compiler/bin/../lib/gcc/arm-none-eabi/7.3.1/../../../../arm-none-eabi/lib/thumb/v7e-m/fpv4-sp/hard\libc.a(lib_a-freer.o)
                0x08003ce8                _free_r
 .text.__retarget_lock_acquire_recursive
                0x08003ed0        0x4 d:/moar program files/stm/plugins/fr.ac6.mcu.externaltools.arm-none.win32_1.17.0.201812190825/tools/compiler/bin/../lib/gcc/arm-none-eabi/7.3.1/../../../../arm-none-eabi/lib/thumb/v7e-m/fpv4-sp/hard\libc.a(lib_a-lock.o)
                0x08003ed0                __retarget_lock_acquire_recursive
 .text.__retarget_lock_release_recursive
                0x08003ed4        0x4 d:/moar program files/stm/plugins/fr.ac6.mcu.externaltools.arm-none.win32_1.17.0.201812190825/tools/compiler/bin/../lib/gcc/arm-none-eabi/7.3.1/../../../../arm-none-eabi/lib/thumb/v7e-m/fpv4-sp/hard\libc.a(lib_a-lock.o)
                0x08003ed4                __retarget_lock_release_recursive
 .text.__register_exitproc
                0x08003ed8       0xc0 d:/moar program files/stm/plugins/fr.ac6.mcu.externaltools.arm-none.win32_1.17.0.201812190825/tools/compiler/bin/../lib/gcc/arm-none-eabi/7.3.1/../../../../arm-none-eabi/lib/thumb/v7e-m/fpv4-sp/hard\libc.a(lib_a-__atexit.o)
                0x08003ed8                __register_exitproc
 *(.glue_7)
 .glue_7        0x08003f98        0x0 linker stubs
 *(.glue_7t)
 .glue_7t       0x08003f98        0x0 linker stubs
 *(.eh_frame)
 .eh_frame      0x08003f98        0x0 d:/moar program files/stm/plugins/fr.ac6.mcu.externaltools.arm-none.win32_1.17.0.201812190825/tools/compiler/bin/../lib/gcc/arm-none-eabi/7.3.1/thumb/v7e-m/fpv4-sp/hard/crtbegin.o
 *(.init)
 .init          0x08003f98        0x4 d:/moar program files/stm/plugins/fr.ac6.mcu.externaltools.arm-none.win32_1.17.0.201812190825/tools/compiler/bin/../lib/gcc/arm-none-eabi/7.3.1/thumb/v7e-m/fpv4-sp/hard/crti.o
                0x08003f98                _init
 .init          0x08003f9c        0x8 d:/moar program files/stm/plugins/fr.ac6.mcu.externaltools.arm-none.win32_1.17.0.201812190825/tools/compiler/bin/../lib/gcc/arm-none-eabi/7.3.1/thumb/v7e-m/fpv4-sp/hard/crtn.o
 *(.fini)
 .fini          0x08003fa4        0x4 d:/moar program files/stm/plugins/fr.ac6.mcu.externaltools.arm-none.win32_1.17.0.201812190825/tools/compiler/bin/../lib/gcc/arm-none-eabi/7.3.1/thumb/v7e-m/fpv4-sp/hard/crti.o
                0x08003fa4                _fini
 .fini          0x08003fa8        0x8 d:/moar program files/stm/plugins/fr.ac6.mcu.externaltools.arm-none.win32_1.17.0.201812190825/tools/compiler/bin/../lib/gcc/arm-none-eabi/7.3.1/thumb/v7e-m/fpv4-sp/hard/crtn.o
                0x08003fb0                . = ALIGN (0x8)
                0x08003fb0                _etext = .

.vfp11_veneer   0x08003fb0        0x0
 .vfp11_veneer  0x08003fb0        0x0 linker stubs

.v4_bx          0x08003fb0        0x0
 .v4_bx         0x08003fb0        0x0 linker stubs

.iplt           0x08003fb0        0x0
 .iplt          0x08003fb0        0x0 d:/moar program files/stm/plugins/fr.ac6.mcu.externaltools.arm-none.win32_1.17.0.201812190825/tools/compiler/bin/../lib/gcc/arm-none-eabi/7.3.1/thumb/v7e-m/fpv4-sp/hard/crtbegin.o

.rodata         0x08003fb0       0xc8
                0x08003fb0                . = ALIGN (0x8)
 *(.rodata)
 .rodata        0x08003fb0        0x7 HAL_Driver/Src/stm32l4xx_ll_dma.o
 *fill*         0x08003fb7        0x1 
 .rodata        0x08003fb8       0x16 src/main.o
 *fill*         0x08003fce        0x2 
 .rodata        0x08003fd0       0x58 src/motor_control.o
                0x08003fd8                coil_current
                0x08003ff8                LED_pins
 .rodata        0x08004028       0x48 src/system_stm32l4xx.o
                0x08004028                AHBPrescTable
                0x08004038                APBPrescTable
                0x08004040                MSIRangeTable
 *(.rodata*)
 .rodata._global_impure_ptr
                0x08004070        0x4 d:/moar program files/stm/plugins/fr.ac6.mcu.externaltools.arm-none.win32_1.17.0.201812190825/tools/compiler/bin/../lib/gcc/arm-none-eabi/7.3.1/../../../../arm-none-eabi/lib/thumb/v7e-m/fpv4-sp/hard\libc.a(lib_a-impure.o)
                0x08004070                _global_impure_ptr
                0x08004078                . = ALIGN (0x8)
 *fill*         0x08004074        0x4 

.rel.dyn        0x08004078        0x0
 .rel.iplt      0x08004078        0x0 d:/moar program files/stm/plugins/fr.ac6.mcu.externaltools.arm-none.win32_1.17.0.201812190825/tools/compiler/bin/../lib/gcc/arm-none-eabi/7.3.1/thumb/v7e-m/fpv4-sp/hard/crtbegin.o

.ARM.extab      0x08004078        0x0
                0x08004078                . = ALIGN (0x8)
 *(.ARM.extab* .gnu.linkonce.armextab.*)
                0x08004078                . = ALIGN (0x8)

.ARM            0x08004078        0x0
                0x08004078                . = ALIGN (0x8)
                0x08004078                __exidx_start = .
 *(.ARM.exidx*)
                0x08004078                __exidx_end = .
                0x08004078                . = ALIGN (0x8)

.preinit_array  0x08004078        0x0
                0x08004078                . = ALIGN (0x8)
                0x08004078                PROVIDE (__preinit_array_start = .)
 *(.preinit_array*)
                0x08004078                PROVIDE (__preinit_array_end = .)
                0x08004078                . = ALIGN (0x8)

.init_array     0x08004078        0x8
                0x08004078                . = ALIGN (0x8)
                0x08004078                PROVIDE (__init_array_start = .)
 *(SORT_BY_NAME(.init_array.*))
 .init_array.00000
                0x08004078        0x4 d:/moar program files/stm/plugins/fr.ac6.mcu.externaltools.arm-none.win32_1.17.0.201812190825/tools/compiler/bin/../lib/gcc/arm-none-eabi/7.3.1/../../../../arm-none-eabi/lib/thumb/v7e-m/fpv4-sp/hard\libc.a(lib_a-__call_atexit.o)
 *(.init_array*)
 .init_array    0x0800407c        0x4 d:/moar program files/stm/plugins/fr.ac6.mcu.externaltools.arm-none.win32_1.17.0.201812190825/tools/compiler/bin/../lib/gcc/arm-none-eabi/7.3.1/thumb/v7e-m/fpv4-sp/hard/crtbegin.o
                0x08004080                PROVIDE (__init_array_end = .)
                0x08004080                . = ALIGN (0x8)

.fini_array     0x08004080        0x8
                0x08004080                . = ALIGN (0x8)
                0x08004080                PROVIDE (__fini_array_start = .)
 *(SORT_BY_NAME(.fini_array.*))
 *(.fini_array*)
 .fini_array    0x08004080        0x4 d:/moar program files/stm/plugins/fr.ac6.mcu.externaltools.arm-none.win32_1.17.0.201812190825/tools/compiler/bin/../lib/gcc/arm-none-eabi/7.3.1/thumb/v7e-m/fpv4-sp/hard/crtbegin.o
                0x08004084                PROVIDE (__fini_array_end = .)
                0x08004088                . = ALIGN (0x8)
 *fill*         0x08004084        0x4 
                0x08004088                _sidata = LOADADDR (.data)

.data           0x20000000      0x860 load address 0x08004088
                0x20000000                . = ALIGN (0x8)
                0x20000000                _sdata = .
 *(.data)
 .data          0x20000000       0x18 src/motor_control.o
                0x20000000                motor_pos
                0x2000000c                local_step_size
                0x2000000d                remote_step_size
                0x2000000e                local_step_time
                0x20000010                adc_pot_vals
 .data          0x20000018        0x4 src/system_stm32l4xx.o
                0x20000018                SystemCoreClock
 *(.data*)
 .data._impure_ptr
                0x2000001c        0x4 d:/moar program files/stm/plugins/fr.ac6.mcu.externaltools.arm-none.win32_1.17.0.201812190825/tools/compiler/bin/../lib/gcc/arm-none-eabi/7.3.1/../../../../arm-none-eabi/lib/thumb/v7e-m/fpv4-sp/hard\libc.a(lib_a-impure.o)
                0x2000001c                _impure_ptr
 .data.impure_data
                0x20000020      0x428 d:/moar program files/stm/plugins/fr.ac6.mcu.externaltools.arm-none.win32_1.17.0.201812190825/tools/compiler/bin/../lib/gcc/arm-none-eabi/7.3.1/../../../../arm-none-eabi/lib/thumb/v7e-m/fpv4-sp/hard\libc.a(lib_a-impure.o)
 .data.__malloc_av_
                0x20000448      0x408 d:/moar program files/stm/plugins/fr.ac6.mcu.externaltools.arm-none.win32_1.17.0.201812190825/tools/compiler/bin/../lib/gcc/arm-none-eabi/7.3.1/../../../../arm-none-eabi/lib/thumb/v7e-m/fpv4-sp/hard\libc.a(lib_a-mallocr.o)
                0x20000448                __malloc_av_
 .data.__malloc_sbrk_base
                0x20000850        0x4 d:/moar program files/stm/plugins/fr.ac6.mcu.externaltools.arm-none.win32_1.17.0.201812190825/tools/compiler/bin/../lib/gcc/arm-none-eabi/7.3.1/../../../../arm-none-eabi/lib/thumb/v7e-m/fpv4-sp/hard\libc.a(lib_a-mallocr.o)
                0x20000850                __malloc_sbrk_base
 .data.__malloc_trim_threshold
                0x20000854        0x4 d:/moar program files/stm/plugins/fr.ac6.mcu.externaltools.arm-none.win32_1.17.0.201812190825/tools/compiler/bin/../lib/gcc/arm-none-eabi/7.3.1/../../../../arm-none-eabi/lib/thumb/v7e-m/fpv4-sp/hard\libc.a(lib_a-mallocr.o)
                0x20000854                __malloc_trim_threshold
 .data.__atexit_recursive_mutex
                0x20000858        0x4 d:/moar program files/stm/plugins/fr.ac6.mcu.externaltools.arm-none.win32_1.17.0.201812190825/tools/compiler/bin/../lib/gcc/arm-none-eabi/7.3.1/../../../../arm-none-eabi/lib/thumb/v7e-m/fpv4-sp/hard\libc.a(lib_a-__call_atexit.o)
                0x20000858                __atexit_recursive_mutex
                0x20000860                . = ALIGN (0x8)
 *fill*         0x2000085c        0x4 
                0x20000860                _edata = .

.igot.plt       0x20000860        0x0 load address 0x080048e8
 .igot.plt      0x20000860        0x0 d:/moar program files/stm/plugins/fr.ac6.mcu.externaltools.arm-none.win32_1.17.0.201812190825/tools/compiler/bin/../lib/gcc/arm-none-eabi/7.3.1/thumb/v7e-m/fpv4-sp/hard/crtbegin.o
                0x20000860                . = ALIGN (0x4)

.bss            0x20000860       0xd4 load address 0x080048e8
                0x20000860                _sbss = .
                0x20000860                __bss_start__ = _sbss
 *(.bss)
 .bss           0x20000860       0x1c d:/moar program files/stm/plugins/fr.ac6.mcu.externaltools.arm-none.win32_1.17.0.201812190825/tools/compiler/bin/../lib/gcc/arm-none-eabi/7.3.1/thumb/v7e-m/fpv4-sp/hard/crtbegin.o
 .bss           0x2000087c       0x14 src/motor_control.o
                0x2000087c                current_cmd
                0x20000880                last_cmd
                0x20000884                motor_status
                0x2000088a                move_until
                0x2000088c                remote_step_time
 .bss           0x20000890        0x8 src/syscalls.o
                0x20000890                __env
 *(.bss*)
 .bss.__malloc_current_mallinfo
                0x20000898       0x28 d:/moar program files/stm/plugins/fr.ac6.mcu.externaltools.arm-none.win32_1.17.0.201812190825/tools/compiler/bin/../lib/gcc/arm-none-eabi/7.3.1/../../../../arm-none-eabi/lib/thumb/v7e-m/fpv4-sp/hard\libc.a(lib_a-mallocr.o)
                0x20000898                __malloc_current_mallinfo
 .bss.__malloc_max_sbrked_mem
                0x200008c0        0x4 d:/moar program files/stm/plugins/fr.ac6.mcu.externaltools.arm-none.win32_1.17.0.201812190825/tools/compiler/bin/../lib/gcc/arm-none-eabi/7.3.1/../../../../arm-none-eabi/lib/thumb/v7e-m/fpv4-sp/hard\libc.a(lib_a-mallocr.o)
                0x200008c0                __malloc_max_sbrked_mem
 .bss.__malloc_max_total_mem
                0x200008c4        0x4 d:/moar program files/stm/plugins/fr.ac6.mcu.externaltools.arm-none.win32_1.17.0.201812190825/tools/compiler/bin/../lib/gcc/arm-none-eabi/7.3.1/../../../../arm-none-eabi/lib/thumb/v7e-m/fpv4-sp/hard\libc.a(lib_a-mallocr.o)
                0x200008c4                __malloc_max_total_mem
 .bss.__malloc_top_pad
                0x200008c8        0x4 d:/moar program files/stm/plugins/fr.ac6.mcu.externaltools.arm-none.win32_1.17.0.201812190825/tools/compiler/bin/../lib/gcc/arm-none-eabi/7.3.1/../../../../arm-none-eabi/lib/thumb/v7e-m/fpv4-sp/hard\libc.a(lib_a-mallocr.o)
                0x200008c8                __malloc_top_pad
 *(COMMON)
 COMMON         0x200008cc        0x4 HAL_Driver/Src/stm32l4xx_hal.o
                0x200008cc                uwTick
 COMMON         0x200008d0       0x3c HAL_Driver/Src/stm32l4xx_hal_timebase_tim_template.o
                0x200008d0                TimHandle
 COMMON         0x2000090c       0x21 d:/moar program files/stm/plugins/fr.ac6.mcu.externaltools.arm-none.win32_1.17.0.201812190825/tools/compiler/bin/../lib/gcc/arm-none-eabi/7.3.1/../../../../arm-none-eabi/lib/thumb/v7e-m/fpv4-sp/hard\libc.a(lib_a-lock.o)
                0x2000090c                __lock___atexit_recursive_mutex
                0x20000910                __lock___arc4random_mutex
                0x20000914                __lock___env_recursive_mutex
                0x20000918                __lock___sinit_recursive_mutex
                0x2000091c                __lock___malloc_recursive_mutex
                0x20000920                __lock___at_quick_exit_mutex
                0x20000924                __lock___dd_hash_mutex
                0x20000928                __lock___tz_mutex
                0x2000092c                __lock___sfp_recursive_mutex
 *fill*         0x2000092d        0x3 
 COMMON         0x20000930        0x4 d:/moar program files/stm/plugins/fr.ac6.mcu.externaltools.arm-none.win32_1.17.0.201812190825/tools/compiler/bin/../lib/gcc/arm-none-eabi/7.3.1/../../../../arm-none-eabi/lib/thumb/v7e-m/fpv4-sp/hard\libc.a(lib_a-reent.o)
                0x20000930                errno
                0x20000934                . = ALIGN (0x4)
                0x20000934                _ebss = .
                0x20000934                __bss_end__ = _ebss

._user_heap_stack
                0x20000934      0x604 load address 0x080048e8
                0x20000938                . = ALIGN (0x8)
 *fill*         0x20000934        0x4 
                0x20000938                PROVIDE (end = .)
                [!provide]                PROVIDE (_end = .)
                0x20000b38                . = (. + _Min_Heap_Size)
 *fill*         0x20000938      0x200 
                0x20000f38                . = (. + _Min_Stack_Size)
 *fill*         0x20000b38      0x400 
                0x20000f38                . = ALIGN (0x8)

/DISCARD/
 libc.a(*)
 libm.a(*)
 libgcc.a(*)

.ARM.attributes
                0x00000000       0x30
 *(.ARM.attributes)
 .ARM.attributes
                0x00000000       0x22 d:/moar program files/stm/plugins/fr.ac6.mcu.externaltools.arm-none.win32_1.17.0.201812190825/tools/compiler/bin/../lib/gcc/arm-none-eabi/7.3.1/thumb/v7e-m/fpv4-sp/hard/crti.o
 .ARM.attributes
                0x00000022       0x34 d:/moar program files/stm/plugins/fr.ac6.mcu.externaltools.arm-none.win32_1.17.0.201812190825/tools/compiler/bin/../lib/gcc/arm-none-eabi/7.3.1/thumb/v7e-m/fpv4-sp/hard/crtbegin.o
 .ARM.attributes
                0x00000056       0x39 HAL_Driver/Src/stm32l4xx_hal.o
 .ARM.attributes
                0x0000008f       0x39 HAL_Driver/Src/stm32l4xx_hal_cortex.o
 .ARM.attributes
                0x000000c8       0x39 HAL_Driver/Src/stm32l4xx_hal_tim.o
 .ARM.attributes
                0x00000101       0x39 HAL_Driver/Src/stm32l4xx_hal_tim_ex.o
 .ARM.attributes
                0x0000013a       0x39 HAL_Driver/Src/stm32l4xx_hal_timebase_tim_template.o
 .ARM.attributes
                0x00000173       0x39 HAL_Driver/Src/stm32l4xx_ll_adc.o
 .ARM.attributes
                0x000001ac       0x39 HAL_Driver/Src/stm32l4xx_ll_dma.o
 .ARM.attributes
                0x000001e5       0x39 HAL_Driver/Src/stm32l4xx_ll_gpio.o
 .ARM.attributes
                0x0000021e       0x39 HAL_Driver/Src/stm32l4xx_ll_rcc.o
 .ARM.attributes
                0x00000257       0x39 HAL_Driver/Src/stm32l4xx_ll_usart.o
 .ARM.attributes
                0x00000290       0x39 HAL_Driver/Src/stm32l4xx_ll_utils.o
 .ARM.attributes
                0x000002c9       0x39 src/main.o
 .ARM.attributes
                0x00000302       0x39 src/motor_control.o
 .ARM.attributes
                0x0000033b       0x39 src/stm32l4xx_it.o
 .ARM.attributes
                0x00000374       0x39 src/syscalls.o
 .ARM.attributes
                0x000003ad       0x39 src/system_stm32l4xx.o
 .ARM.attributes
                0x000003e6       0x39 src/test_functions.o
 .ARM.attributes
                0x0000041f       0x21 startup/startup_stm32l476xx.o
 .ARM.attributes
                0x00000440       0x34 d:/moar program files/stm/plugins/fr.ac6.mcu.externaltools.arm-none.win32_1.17.0.201812190825/tools/compiler/bin/../lib/gcc/arm-none-eabi/7.3.1/../../../../arm-none-eabi/lib/thumb/v7e-m/fpv4-sp/hard\libc.a(lib_a-errno.o)
 .ARM.attributes
                0x00000474       0x34 d:/moar program files/stm/plugins/fr.ac6.mcu.externaltools.arm-none.win32_1.17.0.201812190825/tools/compiler/bin/../lib/gcc/arm-none-eabi/7.3.1/../../../../arm-none-eabi/lib/thumb/v7e-m/fpv4-sp/hard\libc.a(lib_a-impure.o)
 .ARM.attributes
                0x000004a8       0x34 d:/moar program files/stm/plugins/fr.ac6.mcu.externaltools.arm-none.win32_1.17.0.201812190825/tools/compiler/bin/../lib/gcc/arm-none-eabi/7.3.1/../../../../arm-none-eabi/lib/thumb/v7e-m/fpv4-sp/hard\libc.a(lib_a-init.o)
 .ARM.attributes
                0x000004dc       0x34 d:/moar program files/stm/plugins/fr.ac6.mcu.externaltools.arm-none.win32_1.17.0.201812190825/tools/compiler/bin/../lib/gcc/arm-none-eabi/7.3.1/../../../../arm-none-eabi/lib/thumb/v7e-m/fpv4-sp/hard\libc.a(lib_a-malloc.o)
 .ARM.attributes
                0x00000510       0x34 d:/moar program files/stm/plugins/fr.ac6.mcu.externaltools.arm-none.win32_1.17.0.201812190825/tools/compiler/bin/../lib/gcc/arm-none-eabi/7.3.1/../../../../arm-none-eabi/lib/thumb/v7e-m/fpv4-sp/hard\libc.a(lib_a-mallocr.o)
 .ARM.attributes
                0x00000544       0x34 d:/moar program files/stm/plugins/fr.ac6.mcu.externaltools.arm-none.win32_1.17.0.201812190825/tools/compiler/bin/../lib/gcc/arm-none-eabi/7.3.1/../../../../arm-none-eabi/lib/thumb/v7e-m/fpv4-sp/hard\libc.a(lib_a-memset.o)
 .ARM.attributes
                0x00000578       0x34 d:/moar program files/stm/plugins/fr.ac6.mcu.externaltools.arm-none.win32_1.17.0.201812190825/tools/compiler/bin/../lib/gcc/arm-none-eabi/7.3.1/../../../../arm-none-eabi/lib/thumb/v7e-m/fpv4-sp/hard\libc.a(lib_a-mlock.o)
 .ARM.attributes
                0x000005ac       0x34 d:/moar program files/stm/plugins/fr.ac6.mcu.externaltools.arm-none.win32_1.17.0.201812190825/tools/compiler/bin/../lib/gcc/arm-none-eabi/7.3.1/../../../../arm-none-eabi/lib/thumb/v7e-m/fpv4-sp/hard\libc.a(lib_a-sbrkr.o)
 .ARM.attributes
                0x000005e0       0x34 d:/moar program files/stm/plugins/fr.ac6.mcu.externaltools.arm-none.win32_1.17.0.201812190825/tools/compiler/bin/../lib/gcc/arm-none-eabi/7.3.1/../../../../arm-none-eabi/lib/thumb/v7e-m/fpv4-sp/hard\libc.a(lib_a-__call_atexit.o)
 .ARM.attributes
                0x00000614       0x34 d:/moar program files/stm/plugins/fr.ac6.mcu.externaltools.arm-none.win32_1.17.0.201812190825/tools/compiler/bin/../lib/gcc/arm-none-eabi/7.3.1/../../../../arm-none-eabi/lib/thumb/v7e-m/fpv4-sp/hard\libc.a(lib_a-atexit.o)
 .ARM.attributes
                0x00000648       0x34 d:/moar program files/stm/plugins/fr.ac6.mcu.externaltools.arm-none.win32_1.17.0.201812190825/tools/compiler/bin/../lib/gcc/arm-none-eabi/7.3.1/../../../../arm-none-eabi/lib/thumb/v7e-m/fpv4-sp/hard\libc.a(lib_a-fini.o)
 .ARM.attributes
                0x0000067c       0x34 d:/moar program files/stm/plugins/fr.ac6.mcu.externaltools.arm-none.win32_1.17.0.201812190825/tools/compiler/bin/../lib/gcc/arm-none-eabi/7.3.1/../../../../arm-none-eabi/lib/thumb/v7e-m/fpv4-sp/hard\libc.a(lib_a-freer.o)
 .ARM.attributes
                0x000006b0       0x34 d:/moar program files/stm/plugins/fr.ac6.mcu.externaltools.arm-none.win32_1.17.0.201812190825/tools/compiler/bin/../lib/gcc/arm-none-eabi/7.3.1/../../../../arm-none-eabi/lib/thumb/v7e-m/fpv4-sp/hard\libc.a(lib_a-lock.o)
 .ARM.attributes
                0x000006e4       0x34 d:/moar program files/stm/plugins/fr.ac6.mcu.externaltools.arm-none.win32_1.17.0.201812190825/tools/compiler/bin/../lib/gcc/arm-none-eabi/7.3.1/../../../../arm-none-eabi/lib/thumb/v7e-m/fpv4-sp/hard\libc.a(lib_a-reent.o)
 .ARM.attributes
                0x00000718       0x34 d:/moar program files/stm/plugins/fr.ac6.mcu.externaltools.arm-none.win32_1.17.0.201812190825/tools/compiler/bin/../lib/gcc/arm-none-eabi/7.3.1/../../../../arm-none-eabi/lib/thumb/v7e-m/fpv4-sp/hard\libc.a(lib_a-__atexit.o)
 .ARM.attributes
                0x0000074c       0x22 d:/moar program files/stm/plugins/fr.ac6.mcu.externaltools.arm-none.win32_1.17.0.201812190825/tools/compiler/bin/../lib/gcc/arm-none-eabi/7.3.1/thumb/v7e-m/fpv4-sp/hard/crtn.o
OUTPUT(ROBKO_01.elf elf32-littlearm)

.debug_info     0x00000000    0x15f0f
 .debug_info    0x00000000     0x1262 HAL_Driver/Src/stm32l4xx_hal.o
 .debug_info    0x00001262     0x159f HAL_Driver/Src/stm32l4xx_hal_cortex.o
 .debug_info    0x00002801     0x2b20 HAL_Driver/Src/stm32l4xx_hal_tim.o
 .debug_info    0x00005321     0x19ce HAL_Driver/Src/stm32l4xx_hal_tim_ex.o
 .debug_info    0x00006cef     0x13d2 HAL_Driver/Src/stm32l4xx_hal_timebase_tim_template.o
 .debug_info    0x000080c1     0x13bd HAL_Driver/Src/stm32l4xx_ll_adc.o
 .debug_info    0x0000947e     0x10b6 HAL_Driver/Src/stm32l4xx_ll_dma.o
 .debug_info    0x0000a534     0x1182 HAL_Driver/Src/stm32l4xx_ll_gpio.o
 .debug_info    0x0000b6b6     0x164f HAL_Driver/Src/stm32l4xx_ll_rcc.o
 .debug_info    0x0000cd05     0x1019 HAL_Driver/Src/stm32l4xx_ll_usart.o
 .debug_info    0x0000dd1e     0x143c HAL_Driver/Src/stm32l4xx_ll_utils.o
 .debug_info    0x0000f15a     0x255e src/main.o
 .debug_info    0x000116b8     0x101d src/motor_control.o
 .debug_info    0x000126d5      0xaee src/stm32l4xx_it.o
 .debug_info    0x000131c3      0xf2e src/syscalls.o
 .debug_info    0x000140f1      0xddd src/system_stm32l4xx.o
 .debug_info    0x00014ece     0x101f src/test_functions.o
 .debug_info    0x00015eed       0x22 startup/startup_stm32l476xx.o

.debug_abbrev   0x00000000     0x2e96
 .debug_abbrev  0x00000000      0x2b7 HAL_Driver/Src/stm32l4xx_hal.o
 .debug_abbrev  0x000002b7      0x383 HAL_Driver/Src/stm32l4xx_hal_cortex.o
 .debug_abbrev  0x0000063a      0x2ea HAL_Driver/Src/stm32l4xx_hal_tim.o
 .debug_abbrev  0x00000924      0x2c7 HAL_Driver/Src/stm32l4xx_hal_tim_ex.o
 .debug_abbrev  0x00000beb      0x278 HAL_Driver/Src/stm32l4xx_hal_timebase_tim_template.o
 .debug_abbrev  0x00000e63      0x25e HAL_Driver/Src/stm32l4xx_ll_adc.o
 .debug_abbrev  0x000010c1      0x2bd HAL_Driver/Src/stm32l4xx_ll_dma.o
 .debug_abbrev  0x0000137e      0x2d2 HAL_Driver/Src/stm32l4xx_ll_gpio.o
 .debug_abbrev  0x00001650      0x2ce HAL_Driver/Src/stm32l4xx_ll_rcc.o
 .debug_abbrev  0x0000191e      0x280 HAL_Driver/Src/stm32l4xx_ll_usart.o
 .debug_abbrev  0x00001b9e      0x2f8 HAL_Driver/Src/stm32l4xx_ll_utils.o
 .debug_abbrev  0x00001e96      0x38f src/main.o
 .debug_abbrev  0x00002225      0x2c0 src/motor_control.o
 .debug_abbrev  0x000024e5      0x210 src/stm32l4xx_it.o
 .debug_abbrev  0x000026f5      0x2aa src/syscalls.o
 .debug_abbrev  0x0000299f      0x228 src/system_stm32l4xx.o
 .debug_abbrev  0x00002bc7      0x2bd src/test_functions.o
 .debug_abbrev  0x00002e84       0x12 startup/startup_stm32l476xx.o

.debug_aranges  0x00000000     0x1198
 .debug_aranges
                0x00000000      0x118 HAL_Driver/Src/stm32l4xx_hal.o
 .debug_aranges
                0x00000118      0x108 HAL_Driver/Src/stm32l4xx_hal_cortex.o
 .debug_aranges
                0x00000220      0x378 HAL_Driver/Src/stm32l4xx_hal_tim.o
 .debug_aranges
                0x00000598      0x150 HAL_Driver/Src/stm32l4xx_hal_tim_ex.o
 .debug_aranges
                0x000006e8       0x40 HAL_Driver/Src/stm32l4xx_hal_timebase_tim_template.o
 .debug_aranges
                0x00000728       0xe0 HAL_Driver/Src/stm32l4xx_ll_adc.o
 .debug_aranges
                0x00000808       0xa0 HAL_Driver/Src/stm32l4xx_ll_dma.o
 .debug_aranges
                0x000008a8       0x70 HAL_Driver/Src/stm32l4xx_ll_gpio.o
 .debug_aranges
                0x00000918      0x248 HAL_Driver/Src/stm32l4xx_ll_rcc.o
 .debug_aranges
                0x00000b60       0x88 HAL_Driver/Src/stm32l4xx_ll_usart.o
 .debug_aranges
                0x00000be8      0x138 HAL_Driver/Src/stm32l4xx_ll_utils.o
 .debug_aranges
                0x00000d20      0x210 src/main.o
 .debug_aranges
                0x00000f30       0x90 src/motor_control.o
 .debug_aranges
                0x00000fc0       0x38 src/stm32l4xx_it.o
 .debug_aranges
                0x00000ff8       0xb0 src/syscalls.o
 .debug_aranges
                0x000010a8       0x28 src/system_stm32l4xx.o
 .debug_aranges
                0x000010d0       0xa0 src/test_functions.o
 .debug_aranges
                0x00001170       0x28 startup/startup_stm32l476xx.o

.debug_ranges   0x00000000     0x1080
 .debug_ranges  0x00000000      0x108 HAL_Driver/Src/stm32l4xx_hal.o
 .debug_ranges  0x00000108       0xf8 HAL_Driver/Src/stm32l4xx_hal_cortex.o
 .debug_ranges  0x00000200      0x368 HAL_Driver/Src/stm32l4xx_hal_tim.o
 .debug_ranges  0x00000568      0x140 HAL_Driver/Src/stm32l4xx_hal_tim_ex.o
 .debug_ranges  0x000006a8       0x30 HAL_Driver/Src/stm32l4xx_hal_timebase_tim_template.o
 .debug_ranges  0x000006d8       0xd0 HAL_Driver/Src/stm32l4xx_ll_adc.o
 .debug_ranges  0x000007a8       0x90 HAL_Driver/Src/stm32l4xx_ll_dma.o
 .debug_ranges  0x00000838       0x60 HAL_Driver/Src/stm32l4xx_ll_gpio.o
 .debug_ranges  0x00000898      0x238 HAL_Driver/Src/stm32l4xx_ll_rcc.o
 .debug_ranges  0x00000ad0       0x78 HAL_Driver/Src/stm32l4xx_ll_usart.o
 .debug_ranges  0x00000b48      0x128 HAL_Driver/Src/stm32l4xx_ll_utils.o
 .debug_ranges  0x00000c70      0x200 src/main.o
 .debug_ranges  0x00000e70       0x80 src/motor_control.o
 .debug_ranges  0x00000ef0       0x28 src/stm32l4xx_it.o
 .debug_ranges  0x00000f18       0xa0 src/syscalls.o
 .debug_ranges  0x00000fb8       0x18 src/system_stm32l4xx.o
 .debug_ranges  0x00000fd0       0x90 src/test_functions.o
 .debug_ranges  0x00001060       0x20 startup/startup_stm32l476xx.o

.debug_macro    0x00000000    0x2cecb
 .debug_macro   0x00000000      0x33d HAL_Driver/Src/stm32l4xx_hal.o
 .debug_macro   0x0000033d      0xa72 HAL_Driver/Src/stm32l4xx_hal.o
 .debug_macro   0x00000daf       0xa6 HAL_Driver/Src/stm32l4xx_hal.o
 .debug_macro   0x00000e55       0x28 HAL_Driver/Src/stm32l4xx_hal.o
 .debug_macro   0x00000e7d       0x28 HAL_Driver/Src/stm32l4xx_hal.o
 .debug_macro   0x00000ea5       0x22 HAL_Driver/Src/stm32l4xx_hal.o
 .debug_macro   0x00000ec7       0x8e HAL_Driver/Src/stm32l4xx_hal.o
 .debug_macro   0x00000f55       0x51 HAL_Driver/Src/stm32l4xx_hal.o
 .debug_macro   0x00000fa6       0xef HAL_Driver/Src/stm32l4xx_hal.o
 .debug_macro   0x00001095       0x6a HAL_Driver/Src/stm32l4xx_hal.o
 .debug_macro   0x000010ff      0x1df HAL_Driver/Src/stm32l4xx_hal.o
 .debug_macro   0x000012de       0x35 HAL_Driver/Src/stm32l4xx_hal.o
 .debug_macro   0x00001313       0x50 HAL_Driver/Src/stm32l4xx_hal.o
 .debug_macro   0x00001363      0xe66 HAL_Driver/Src/stm32l4xx_hal.o
 .debug_macro   0x000021c9    0x1a193 HAL_Driver/Src/stm32l4xx_hal.o
 .debug_macro   0x0001c35c       0x43 HAL_Driver/Src/stm32l4xx_hal.o
 .debug_macro   0x0001c39f     0x36a1 HAL_Driver/Src/stm32l4xx_hal.o
 .debug_macro   0x0001fa40       0x5e HAL_Driver/Src/stm32l4xx_hal.o
 .debug_macro   0x0001fa9e       0x18 HAL_Driver/Src/stm32l4xx_hal.o
 .debug_macro   0x0001fab6       0x35 HAL_Driver/Src/stm32l4xx_hal.o
 .debug_macro   0x0001faeb       0x34 HAL_Driver/Src/stm32l4xx_hal.o
 .debug_macro   0x0001fb1f       0x16 HAL_Driver/Src/stm32l4xx_hal.o
 .debug_macro   0x0001fb35       0x97 HAL_Driver/Src/stm32l4xx_hal.o
 .debug_macro   0x0001fbcc      0x330 HAL_Driver/Src/stm32l4xx_hal.o
 .debug_macro   0x0001fefc       0xfd HAL_Driver/Src/stm32l4xx_hal.o
 .debug_macro   0x0001fff9       0x10 HAL_Driver/Src/stm32l4xx_hal.o
 .debug_macro   0x00020009       0x58 HAL_Driver/Src/stm32l4xx_hal.o
 .debug_macro   0x00020061       0x1f HAL_Driver/Src/stm32l4xx_hal.o
 .debug_macro   0x00020080       0x43 HAL_Driver/Src/stm32l4xx_hal.o
 .debug_macro   0x000200c3       0x20 HAL_Driver/Src/stm32l4xx_hal.o
 .debug_macro   0x000200e3      0x18e HAL_Driver/Src/stm32l4xx_hal.o
 .debug_macro   0x00020271       0x10 HAL_Driver/Src/stm32l4xx_hal.o
 .debug_macro   0x00020281       0x1c HAL_Driver/Src/stm32l4xx_hal.o
 .debug_macro   0x0002029d       0x52 HAL_Driver/Src/stm32l4xx_hal.o
 .debug_macro   0x000202ef       0x40 HAL_Driver/Src/stm32l4xx_hal.o
 .debug_macro   0x0002032f       0x10 HAL_Driver/Src/stm32l4xx_hal.o
 .debug_macro   0x0002033f       0x40 HAL_Driver/Src/stm32l4xx_hal.o
 .debug_macro   0x0002037f       0xd7 HAL_Driver/Src/stm32l4xx_hal.o
 .debug_macro   0x00020456       0x1c HAL_Driver/Src/stm32l4xx_hal.o
 .debug_macro   0x00020472       0x3d HAL_Driver/Src/stm32l4xx_hal.o
 .debug_macro   0x000204af       0x16 HAL_Driver/Src/stm32l4xx_hal.o
 .debug_macro   0x000204c5      0x16f HAL_Driver/Src/stm32l4xx_hal.o
 .debug_macro   0x00020634       0x57 HAL_Driver/Src/stm32l4xx_hal.o
 .debug_macro   0x0002068b     0x1566 HAL_Driver/Src/stm32l4xx_hal.o
 .debug_macro   0x00021bf1      0x59e HAL_Driver/Src/stm32l4xx_hal.o
 .debug_macro   0x0002218f      0x148 HAL_Driver/Src/stm32l4xx_hal.o
 .debug_macro   0x000222d7      0x18b HAL_Driver/Src/stm32l4xx_hal.o
 .debug_macro   0x00022462      0x25d HAL_Driver/Src/stm32l4xx_hal.o
 .debug_macro   0x000226bf      0x23a HAL_Driver/Src/stm32l4xx_hal.o
 .debug_macro   0x000228f9      0x367 HAL_Driver/Src/stm32l4xx_hal.o
 .debug_macro   0x00022c60       0x10 HAL_Driver/Src/stm32l4xx_hal.o
 .debug_macro   0x00022c70       0xe4 HAL_Driver/Src/stm32l4xx_hal.o
 .debug_macro   0x00022d54      0x126 HAL_Driver/Src/stm32l4xx_hal.o
 .debug_macro   0x00022e7a      0x3dc HAL_Driver/Src/stm32l4xx_hal.o
 .debug_macro   0x00023256      0x9cd HAL_Driver/Src/stm32l4xx_hal.o
 .debug_macro   0x00023c23      0x1e0 HAL_Driver/Src/stm32l4xx_hal.o
 .debug_macro   0x00023e03      0x320 HAL_Driver/Src/stm32l4xx_hal.o
 .debug_macro   0x00024123      0x2ef HAL_Driver/Src/stm32l4xx_hal_cortex.o
 .debug_macro   0x00024412      0x2f0 HAL_Driver/Src/stm32l4xx_hal_tim.o
 .debug_macro   0x00024702      0x301 HAL_Driver/Src/stm32l4xx_hal_tim_ex.o
 .debug_macro   0x00024a03      0x2ef HAL_Driver/Src/stm32l4xx_hal_timebase_tim_template.o
 .debug_macro   0x00024cf2      0x3a9 HAL_Driver/Src/stm32l4xx_ll_adc.o
 .debug_macro   0x0002509b      0xf37 HAL_Driver/Src/stm32l4xx_ll_adc.o
 .debug_macro   0x00025fd2      0x1c1 HAL_Driver/Src/stm32l4xx_ll_adc.o
 .debug_macro   0x00026193      0x34f HAL_Driver/Src/stm32l4xx_ll_dma.o
 .debug_macro   0x000264e2      0x2c5 HAL_Driver/Src/stm32l4xx_ll_dma.o
 .debug_macro   0x000267a7      0x337 HAL_Driver/Src/stm32l4xx_ll_gpio.o
 .debug_macro   0x00026ade      0x170 HAL_Driver/Src/stm32l4xx_ll_gpio.o
 .debug_macro   0x00026c4e      0x352 HAL_Driver/Src/stm32l4xx_ll_rcc.o
 .debug_macro   0x00026fa0      0x702 HAL_Driver/Src/stm32l4xx_ll_rcc.o
 .debug_macro   0x000276a2      0x364 HAL_Driver/Src/stm32l4xx_ll_usart.o
 .debug_macro   0x00027a06      0x2f1 HAL_Driver/Src/stm32l4xx_ll_usart.o
 .debug_macro   0x00027cf7      0x708 HAL_Driver/Src/stm32l4xx_ll_usart.o
 .debug_macro   0x000283ff      0x3c0 HAL_Driver/Src/stm32l4xx_ll_utils.o
 .debug_macro   0x000287bf       0x7e HAL_Driver/Src/stm32l4xx_ll_utils.o
 .debug_macro   0x0002883d      0x70e HAL_Driver/Src/stm32l4xx_ll_utils.o
 .debug_macro   0x00028f4b      0x302 HAL_Driver/Src/stm32l4xx_ll_utils.o
 .debug_macro   0x0002924d      0x1ff HAL_Driver/Src/stm32l4xx_ll_utils.o
 .debug_macro   0x0002944c      0x3cf src/main.o
 .debug_macro   0x0002981b       0x1c src/main.o
 .debug_macro   0x00029837      0x16b src/main.o
 .debug_macro   0x000299a2      0x1b2 src/main.o
 .debug_macro   0x00029b54       0x84 src/main.o
 .debug_macro   0x00029bd8      0x2cb src/main.o
 .debug_macro   0x00029ea3      0x2f7 src/main.o
 .debug_macro   0x0002a19a      0x176 src/main.o
 .debug_macro   0x0002a310       0x16 src/main.o
 .debug_macro   0x0002a326       0x35 src/main.o
 .debug_macro   0x0002a35b       0x16 src/main.o
 .debug_macro   0x0002a371       0x16 src/main.o
 .debug_macro   0x0002a387       0x29 src/main.o
 .debug_macro   0x0002a3b0      0x252 src/main.o
 .debug_macro   0x0002a602      0x3cf src/motor_control.o
 .debug_macro   0x0002a9d1      0x3d3 src/stm32l4xx_it.o
 .debug_macro   0x0002ada4      0xf3d src/stm32l4xx_it.o
 .debug_macro   0x0002bce1      0x243 src/syscalls.o
 .debug_macro   0x0002bf24       0x58 src/syscalls.o
 .debug_macro   0x0002bf7c       0x94 src/syscalls.o
 .debug_macro   0x0002c010       0x57 src/syscalls.o
 .debug_macro   0x0002c067      0x174 src/syscalls.o
 .debug_macro   0x0002c1db       0x10 src/syscalls.o
 .debug_macro   0x0002c1eb       0x10 src/syscalls.o
 .debug_macro   0x0002c1fb       0x10 src/syscalls.o
 .debug_macro   0x0002c20b       0x35 src/syscalls.o
 .debug_macro   0x0002c240      0x122 src/syscalls.o
 .debug_macro   0x0002c362       0x10 src/syscalls.o
 .debug_macro   0x0002c372      0x241 src/syscalls.o
 .debug_macro   0x0002c5b3       0x1c src/syscalls.o
 .debug_macro   0x0002c5cf       0x10 src/syscalls.o
 .debug_macro   0x0002c5df      0x189 src/syscalls.o
 .debug_macro   0x0002c768       0x16 src/syscalls.o
 .debug_macro   0x0002c77e       0x88 src/syscalls.o
 .debug_macro   0x0002c806      0x2f6 src/system_stm32l4xx.o
 .debug_macro   0x0002cafc      0x3cf src/test_functions.o

.debug_line     0x00000000     0xc325
 .debug_line    0x00000000      0x998 HAL_Driver/Src/stm32l4xx_hal.o
 .debug_line    0x00000998      0xa15 HAL_Driver/Src/stm32l4xx_hal_cortex.o
 .debug_line    0x000013ad     0x1a52 HAL_Driver/Src/stm32l4xx_hal_tim.o
 .debug_line    0x00002dff      0xd83 HAL_Driver/Src/stm32l4xx_hal_tim_ex.o
 .debug_line    0x00003b82      0x7ba HAL_Driver/Src/stm32l4xx_hal_timebase_tim_template.o
 .debug_line    0x0000433c      0x9c9 HAL_Driver/Src/stm32l4xx_ll_adc.o
 .debug_line    0x00004d05      0xa0f HAL_Driver/Src/stm32l4xx_ll_dma.o
 .debug_line    0x00005714      0x927 HAL_Driver/Src/stm32l4xx_ll_gpio.o
 .debug_line    0x0000603b     0x12bf HAL_Driver/Src/stm32l4xx_ll_rcc.o
 .debug_line    0x000072fa      0x8d7 HAL_Driver/Src/stm32l4xx_ll_usart.o
 .debug_line    0x00007bd1      0xb19 HAL_Driver/Src/stm32l4xx_ll_utils.o
 .debug_line    0x000086ea      0xf0b src/main.o
 .debug_line    0x000095f5      0xbaf src/motor_control.o
 .debug_line    0x0000a1a4      0x933 src/stm32l4xx_it.o
 .debug_line    0x0000aad7      0x5eb src/syscalls.o
 .debug_line    0x0000b0c2      0x775 src/system_stm32l4xx.o
 .debug_line    0x0000b837      0xa6f src/test_functions.o
 .debug_line    0x0000c2a6       0x7f startup/startup_stm32l476xx.o

.debug_str      0x00000000   0x100c88
 .debug_str     0x00000000    0xe1f37 HAL_Driver/Src/stm32l4xx_hal.o
                              0xe2de0 (size before relaxing)
 .debug_str     0x000e1f37      0x3aa HAL_Driver/Src/stm32l4xx_hal_cortex.o
                              0xe2b0d (size before relaxing)
 .debug_str     0x000e22e1     0x1039 HAL_Driver/Src/stm32l4xx_hal_tim.o
                              0xe32a2 (size before relaxing)
 .debug_str     0x000e331a      0x67f HAL_Driver/Src/stm32l4xx_hal_tim_ex.o
                              0xe2ccf (size before relaxing)
 .debug_str     0x000e3999       0xec HAL_Driver/Src/stm32l4xx_hal_timebase_tim_template.o
                              0xe2c92 (size before relaxing)
 .debug_str     0x000e3a85     0xd73d HAL_Driver/Src/stm32l4xx_ll_adc.o
                              0xef9f9 (size before relaxing)
 .debug_str     0x000f11c2     0x24a2 HAL_Driver/Src/stm32l4xx_ll_dma.o
                              0xe5337 (size before relaxing)
 .debug_str     0x000f3664      0xe86 HAL_Driver/Src/stm32l4xx_ll_gpio.o
                              0xe3cdc (size before relaxing)
 .debug_str     0x000f44ea     0x46da HAL_Driver/Src/stm32l4xx_ll_rcc.o
                              0xe698a (size before relaxing)
 .debug_str     0x000f8bc4     0x19fa HAL_Driver/Src/stm32l4xx_ll_usart.o
                              0xe81a3 (size before relaxing)
 .debug_str     0x000fa5be     0x3149 HAL_Driver/Src/stm32l4xx_ll_utils.o
                              0xe8ed3 (size before relaxing)
 .debug_str     0x000fd707     0x1fa2 src/main.o
                              0xf8f61 (size before relaxing)
 .debug_str     0x000ff6a9      0x200 src/motor_control.o
                              0xf7f96 (size before relaxing)
 .debug_str     0x000ff8a9       0x7e src/stm32l4xx_it.o
                              0xf7d7c (size before relaxing)
 .debug_str     0x000ff927     0x1109 src/syscalls.o
                               0x85ab (size before relaxing)
 .debug_str     0x00100a30       0x6a src/system_stm32l4xx.o
                              0xe230e (size before relaxing)
 .debug_str     0x00100a9a      0x1bf src/test_functions.o
                              0xf7fb7 (size before relaxing)
 .debug_str     0x00100c59       0x2f startup/startup_stm32l476xx.o
                                 0x6a (size before relaxing)

.comment        0x00000000       0x7f
 .comment       0x00000000       0x7f HAL_Driver/Src/stm32l4xx_hal.o
                                 0x80 (size before relaxing)
 .comment       0x0000007f       0x80 HAL_Driver/Src/stm32l4xx_hal_cortex.o
 .comment       0x0000007f       0x80 HAL_Driver/Src/stm32l4xx_hal_tim.o
 .comment       0x0000007f       0x80 HAL_Driver/Src/stm32l4xx_hal_tim_ex.o
 .comment       0x0000007f       0x80 HAL_Driver/Src/stm32l4xx_hal_timebase_tim_template.o
 .comment       0x0000007f       0x80 HAL_Driver/Src/stm32l4xx_ll_adc.o
 .comment       0x0000007f       0x80 HAL_Driver/Src/stm32l4xx_ll_dma.o
 .comment       0x0000007f       0x80 HAL_Driver/Src/stm32l4xx_ll_gpio.o
 .comment       0x0000007f       0x80 HAL_Driver/Src/stm32l4xx_ll_rcc.o
 .comment       0x0000007f       0x80 HAL_Driver/Src/stm32l4xx_ll_usart.o
 .comment       0x0000007f       0x80 HAL_Driver/Src/stm32l4xx_ll_utils.o
 .comment       0x0000007f       0x80 src/main.o
 .comment       0x0000007f       0x80 src/motor_control.o
 .comment       0x0000007f       0x80 src/stm32l4xx_it.o
 .comment       0x0000007f       0x80 src/syscalls.o
 .comment       0x0000007f       0x80 src/system_stm32l4xx.o
 .comment       0x0000007f       0x80 src/test_functions.o

.debug_frame    0x00000000     0x4e08
 .debug_frame   0x00000000      0x42c HAL_Driver/Src/stm32l4xx_hal.o
 .debug_frame   0x0000042c      0x450 HAL_Driver/Src/stm32l4xx_hal_cortex.o
 .debug_frame   0x0000087c     0x100c HAL_Driver/Src/stm32l4xx_hal_tim.o
 .debug_frame   0x00001888      0x5c4 HAL_Driver/Src/stm32l4xx_hal_tim_ex.o
 .debug_frame   0x00001e4c       0xb4 HAL_Driver/Src/stm32l4xx_hal_timebase_tim_template.o
 .debug_frame   0x00001f00      0x3e8 HAL_Driver/Src/stm32l4xx_ll_adc.o
 .debug_frame   0x000022e8      0x2b0 HAL_Driver/Src/stm32l4xx_ll_dma.o
 .debug_frame   0x00002598      0x1c0 HAL_Driver/Src/stm32l4xx_ll_gpio.o
 .debug_frame   0x00002758      0x9d0 HAL_Driver/Src/stm32l4xx_ll_rcc.o
 .debug_frame   0x00003128      0x238 HAL_Driver/Src/stm32l4xx_ll_usart.o
 .debug_frame   0x00003360      0x4fc HAL_Driver/Src/stm32l4xx_ll_utils.o
 .debug_frame   0x0000385c      0x948 src/main.o
 .debug_frame   0x000041a4      0x248 src/motor_control.o
 .debug_frame   0x000043ec       0x90 src/stm32l4xx_it.o
 .debug_frame   0x0000447c      0x2d0 src/syscalls.o
 .debug_frame   0x0000474c       0x58 src/system_stm32l4xx.o
 .debug_frame   0x000047a4      0x284 src/test_functions.o
 .debug_frame   0x00004a28       0x20 d:/moar program files/stm/plugins/fr.ac6.mcu.externaltools.arm-none.win32_1.17.0.201812190825/tools/compiler/bin/../lib/gcc/arm-none-eabi/7.3.1/../../../../arm-none-eabi/lib/thumb/v7e-m/fpv4-sp/hard\libc.a(lib_a-errno.o)
 .debug_frame   0x00004a48       0x2c d:/moar program files/stm/plugins/fr.ac6.mcu.externaltools.arm-none.win32_1.17.0.201812190825/tools/compiler/bin/../lib/gcc/arm-none-eabi/7.3.1/../../../../arm-none-eabi/lib/thumb/v7e-m/fpv4-sp/hard\libc.a(lib_a-init.o)
 .debug_frame   0x00004a74       0x30 d:/moar program files/stm/plugins/fr.ac6.mcu.externaltools.arm-none.win32_1.17.0.201812190825/tools/compiler/bin/../lib/gcc/arm-none-eabi/7.3.1/../../../../arm-none-eabi/lib/thumb/v7e-m/fpv4-sp/hard\libc.a(lib_a-malloc.o)
 .debug_frame   0x00004aa4       0x54 d:/moar program files/stm/plugins/fr.ac6.mcu.externaltools.arm-none.win32_1.17.0.201812190825/tools/compiler/bin/../lib/gcc/arm-none-eabi/7.3.1/../../../../arm-none-eabi/lib/thumb/v7e-m/fpv4-sp/hard\libc.a(lib_a-mallocr.o)
 .debug_frame   0x00004af8       0x38 d:/moar program files/stm/plugins/fr.ac6.mcu.externaltools.arm-none.win32_1.17.0.201812190825/tools/compiler/bin/../lib/gcc/arm-none-eabi/7.3.1/../../../../arm-none-eabi/lib/thumb/v7e-m/fpv4-sp/hard\libc.a(lib_a-memset.o)
 .debug_frame   0x00004b30       0x30 d:/moar program files/stm/plugins/fr.ac6.mcu.externaltools.arm-none.win32_1.17.0.201812190825/tools/compiler/bin/../lib/gcc/arm-none-eabi/7.3.1/../../../../arm-none-eabi/lib/thumb/v7e-m/fpv4-sp/hard\libc.a(lib_a-mlock.o)
 .debug_frame   0x00004b60       0x2c d:/moar program files/stm/plugins/fr.ac6.mcu.externaltools.arm-none.win32_1.17.0.201812190825/tools/compiler/bin/../lib/gcc/arm-none-eabi/7.3.1/../../../../arm-none-eabi/lib/thumb/v7e-m/fpv4-sp/hard\libc.a(lib_a-sbrkr.o)
 .debug_frame   0x00004b8c       0x5c d:/moar program files/stm/plugins/fr.ac6.mcu.externaltools.arm-none.win32_1.17.0.201812190825/tools/compiler/bin/../lib/gcc/arm-none-eabi/7.3.1/../../../../arm-none-eabi/lib/thumb/v7e-m/fpv4-sp/hard\libc.a(lib_a-__call_atexit.o)
 .debug_frame   0x00004be8       0x20 d:/moar program files/stm/plugins/fr.ac6.mcu.externaltools.arm-none.win32_1.17.0.201812190825/tools/compiler/bin/../lib/gcc/arm-none-eabi/7.3.1/../../../../arm-none-eabi/lib/thumb/v7e-m/fpv4-sp/hard\libc.a(lib_a-atexit.o)
 .debug_frame   0x00004c08       0x34 d:/moar program files/stm/plugins/fr.ac6.mcu.externaltools.arm-none.win32_1.17.0.201812190825/tools/compiler/bin/../lib/gcc/arm-none-eabi/7.3.1/../../../../arm-none-eabi/lib/thumb/v7e-m/fpv4-sp/hard\libc.a(lib_a-fini.o)
 .debug_frame   0x00004c3c       0x80 d:/moar program files/stm/plugins/fr.ac6.mcu.externaltools.arm-none.win32_1.17.0.201812190825/tools/compiler/bin/../lib/gcc/arm-none-eabi/7.3.1/../../../../arm-none-eabi/lib/thumb/v7e-m/fpv4-sp/hard\libc.a(lib_a-freer.o)
 .debug_frame   0x00004cbc       0xb0 d:/moar program files/stm/plugins/fr.ac6.mcu.externaltools.arm-none.win32_1.17.0.201812190825/tools/compiler/bin/../lib/gcc/arm-none-eabi/7.3.1/../../../../arm-none-eabi/lib/thumb/v7e-m/fpv4-sp/hard\libc.a(lib_a-lock.o)
 .debug_frame   0x00004d6c       0x68 d:/moar program files/stm/plugins/fr.ac6.mcu.externaltools.arm-none.win32_1.17.0.201812190825/tools/compiler/bin/../lib/gcc/arm-none-eabi/7.3.1/../../../../arm-none-eabi/lib/thumb/v7e-m/fpv4-sp/hard\libc.a(lib_a-reent.o)
 .debug_frame   0x00004dd4       0x34 d:/moar program files/stm/plugins/fr.ac6.mcu.externaltools.arm-none.win32_1.17.0.201812190825/tools/compiler/bin/../lib/gcc/arm-none-eabi/7.3.1/../../../../arm-none-eabi/lib/thumb/v7e-m/fpv4-sp/hard\libc.a(lib_a-__atexit.o)
