Archive member included to satisfy reference by file (symbol)

/home/cartogan/Ac6/SystemWorkbench/plugins/fr.ac6.mcu.externaltools.arm-none.linux64_1.17.0.201812190825/tools/compiler/bin/../lib/gcc/arm-none-eabi/7.3.1/../../../../arm-none-eabi/lib/thumb/v7e-m/fpv5/hard/libc_nano.a(lib_a-errno.o)
                              Src/syscalls.o (__errno)
/home/cartogan/Ac6/SystemWorkbench/plugins/fr.ac6.mcu.externaltools.arm-none.linux64_1.17.0.201812190825/tools/compiler/bin/../lib/gcc/arm-none-eabi/7.3.1/../../../../arm-none-eabi/lib/thumb/v7e-m/fpv5/hard/libc_nano.a(lib_a-exit.o)
                              /home/cartogan/Ac6/SystemWorkbench/plugins/fr.ac6.mcu.externaltools.arm-none.linux64_1.17.0.201812190825/tools/compiler/bin/../lib/gcc/arm-none-eabi/7.3.1/../../../../arm-none-eabi/lib/thumb/v7e-m/fpv5/hard/crt0.o (exit)
/home/cartogan/Ac6/SystemWorkbench/plugins/fr.ac6.mcu.externaltools.arm-none.linux64_1.17.0.201812190825/tools/compiler/bin/../lib/gcc/arm-none-eabi/7.3.1/../../../../arm-none-eabi/lib/thumb/v7e-m/fpv5/hard/libc_nano.a(lib_a-impure.o)
                              /home/cartogan/Ac6/SystemWorkbench/plugins/fr.ac6.mcu.externaltools.arm-none.linux64_1.17.0.201812190825/tools/compiler/bin/../lib/gcc/arm-none-eabi/7.3.1/../../../../arm-none-eabi/lib/thumb/v7e-m/fpv5/hard/libc_nano.a(lib_a-exit.o) (_global_impure_ptr)
/home/cartogan/Ac6/SystemWorkbench/plugins/fr.ac6.mcu.externaltools.arm-none.linux64_1.17.0.201812190825/tools/compiler/bin/../lib/gcc/arm-none-eabi/7.3.1/../../../../arm-none-eabi/lib/thumb/v7e-m/fpv5/hard/libc_nano.a(lib_a-init.o)
                              /home/cartogan/Ac6/SystemWorkbench/plugins/fr.ac6.mcu.externaltools.arm-none.linux64_1.17.0.201812190825/tools/compiler/bin/../lib/gcc/arm-none-eabi/7.3.1/../../../../arm-none-eabi/lib/thumb/v7e-m/fpv5/hard/crt0.o (__libc_init_array)
/home/cartogan/Ac6/SystemWorkbench/plugins/fr.ac6.mcu.externaltools.arm-none.linux64_1.17.0.201812190825/tools/compiler/bin/../lib/gcc/arm-none-eabi/7.3.1/../../../../arm-none-eabi/lib/thumb/v7e-m/fpv5/hard/libc_nano.a(lib_a-malloc.o)
                              Src/motor_control.o (malloc)
/home/cartogan/Ac6/SystemWorkbench/plugins/fr.ac6.mcu.externaltools.arm-none.linux64_1.17.0.201812190825/tools/compiler/bin/../lib/gcc/arm-none-eabi/7.3.1/../../../../arm-none-eabi/lib/thumb/v7e-m/fpv5/hard/libc_nano.a(lib_a-memset.o)
                              /home/cartogan/Ac6/SystemWorkbench/plugins/fr.ac6.mcu.externaltools.arm-none.linux64_1.17.0.201812190825/tools/compiler/bin/../lib/gcc/arm-none-eabi/7.3.1/../../../../arm-none-eabi/lib/thumb/v7e-m/fpv5/hard/crt0.o (memset)
/home/cartogan/Ac6/SystemWorkbench/plugins/fr.ac6.mcu.externaltools.arm-none.linux64_1.17.0.201812190825/tools/compiler/bin/../lib/gcc/arm-none-eabi/7.3.1/../../../../arm-none-eabi/lib/thumb/v7e-m/fpv5/hard/libc_nano.a(lib_a-nano-freer.o)
                              /home/cartogan/Ac6/SystemWorkbench/plugins/fr.ac6.mcu.externaltools.arm-none.linux64_1.17.0.201812190825/tools/compiler/bin/../lib/gcc/arm-none-eabi/7.3.1/../../../../arm-none-eabi/lib/thumb/v7e-m/fpv5/hard/libc_nano.a(lib_a-malloc.o) (_free_r)
/home/cartogan/Ac6/SystemWorkbench/plugins/fr.ac6.mcu.externaltools.arm-none.linux64_1.17.0.201812190825/tools/compiler/bin/../lib/gcc/arm-none-eabi/7.3.1/../../../../arm-none-eabi/lib/thumb/v7e-m/fpv5/hard/libc_nano.a(lib_a-nano-mallocr.o)
                              /home/cartogan/Ac6/SystemWorkbench/plugins/fr.ac6.mcu.externaltools.arm-none.linux64_1.17.0.201812190825/tools/compiler/bin/../lib/gcc/arm-none-eabi/7.3.1/../../../../arm-none-eabi/lib/thumb/v7e-m/fpv5/hard/libc_nano.a(lib_a-malloc.o) (_malloc_r)
/home/cartogan/Ac6/SystemWorkbench/plugins/fr.ac6.mcu.externaltools.arm-none.linux64_1.17.0.201812190825/tools/compiler/bin/../lib/gcc/arm-none-eabi/7.3.1/../../../../arm-none-eabi/lib/thumb/v7e-m/fpv5/hard/libc_nano.a(lib_a-sbrkr.o)
                              /home/cartogan/Ac6/SystemWorkbench/plugins/fr.ac6.mcu.externaltools.arm-none.linux64_1.17.0.201812190825/tools/compiler/bin/../lib/gcc/arm-none-eabi/7.3.1/../../../../arm-none-eabi/lib/thumb/v7e-m/fpv5/hard/libc_nano.a(lib_a-nano-mallocr.o) (_sbrk_r)
/home/cartogan/Ac6/SystemWorkbench/plugins/fr.ac6.mcu.externaltools.arm-none.linux64_1.17.0.201812190825/tools/compiler/bin/../lib/gcc/arm-none-eabi/7.3.1/../../../../arm-none-eabi/lib/thumb/v7e-m/fpv5/hard/libc_nano.a(lib_a-strcmp.o)
                              Src/test_functions.o (strcmp)
/home/cartogan/Ac6/SystemWorkbench/plugins/fr.ac6.mcu.externaltools.arm-none.linux64_1.17.0.201812190825/tools/compiler/bin/../lib/gcc/arm-none-eabi/7.3.1/../../../../arm-none-eabi/lib/thumb/v7e-m/fpv5/hard/libc_nano.a(lib_a-strlen.o)
                              Src/test_functions.o (strlen)
[...]
Memory Configuration

Name             Origin             Length             Attributes
RAM              0x0000000020000000 0x0000000000080000 xrw
FLASH            0x0000000008000000 0x0000000000200000 xr
*default*        0x0000000000000000 0xffffffffffffffff

Linker script and memory map

LOAD /home/cartogan/Ac6/SystemWorkbench/plugins/fr.ac6.mcu.externaltools.arm-none.linux64_1.17.0.201812190825/tools/compiler/bin/../lib/gcc/arm-none-eabi/7.3.1/thumb/v7e-m/fpv5/hard/crti.o
LOAD /home/cartogan/Ac6/SystemWorkbench/plugins/fr.ac6.mcu.externaltools.arm-none.linux64_1.17.0.201812190825/tools/compiler/bin/../lib/gcc/arm-none-eabi/7.3.1/thumb/v7e-m/fpv5/hard/crtbegin.o
LOAD /home/cartogan/Ac6/SystemWorkbench/plugins/fr.ac6.mcu.externaltools.arm-none.linux64_1.17.0.201812190825/tools/compiler/bin/../lib/gcc/arm-none-eabi/7.3.1/../../../../arm-none-eabi/lib/thumb/v7e-m/fpv5/hard/crt0.o
LOAD Drivers/STM32F7xx_HAL_Driver/Src/stm32f7xx_hal_cortex.o
LOAD Drivers/STM32F7xx_HAL_Driver/Src/stm32f7xx_ll_adc.o
LOAD Drivers/STM32F7xx_HAL_Driver/Src/stm32f7xx_ll_dma.o
LOAD Drivers/STM32F7xx_HAL_Driver/Src/stm32f7xx_ll_exti.o
LOAD Drivers/STM32F7xx_HAL_Driver/Src/stm32f7xx_ll_gpio.o
LOAD Drivers/STM32F7xx_HAL_Driver/Src/stm32f7xx_ll_rcc.o
LOAD Drivers/STM32F7xx_HAL_Driver/Src/stm32f7xx_ll_usart.o
LOAD Drivers/STM32F7xx_HAL_Driver/Src/stm32f7xx_ll_utils.o
LOAD Src/main.o
LOAD Src/motor_control.o
LOAD Src/stm32f7xx_it.o
LOAD Src/syscalls.o
LOAD Src/system_stm32f7xx.o
LOAD Src/test_functions.o
LOAD startup/startup_stm32f767xx.o
LOAD /home/cartogan/Ac6/SystemWorkbench/plugins/fr.ac6.mcu.externaltools.arm-none.linux64_1.17.0.201812190825/tools/compiler/bin/../lib/gcc/arm-none-eabi/7.3.1/../../../../arm-none-eabi/lib/thumb/v7e-m/fpv5/hard/libm.a
START GROUP
LOAD /home/cartogan/Ac6/SystemWorkbench/plugins/fr.ac6.mcu.externaltools.arm-none.linux64_1.17.0.201812190825/tools/compiler/bin/../lib/gcc/arm-none-eabi/7.3.1/thumb/v7e-m/fpv5/hard/libgcc.a
LOAD /home/cartogan/Ac6/SystemWorkbench/plugins/fr.ac6.mcu.externaltools.arm-none.linux64_1.17.0.201812190825/tools/compiler/bin/../lib/gcc/arm-none-eabi/7.3.1/../../../../arm-none-eabi/lib/thumb/v7e-m/fpv5/hard/libc_nano.a
END GROUP
START GROUP
LOAD /home/cartogan/Ac6/SystemWorkbench/plugins/fr.ac6.mcu.externaltools.arm-none.linux64_1.17.0.201812190825/tools/compiler/bin/../lib/gcc/arm-none-eabi/7.3.1/thumb/v7e-m/fpv5/hard/libgcc.a
LOAD /home/cartogan/Ac6/SystemWorkbench/plugins/fr.ac6.mcu.externaltools.arm-none.linux64_1.17.0.201812190825/tools/compiler/bin/../lib/gcc/arm-none-eabi/7.3.1/../../../../arm-none-eabi/lib/thumb/v7e-m/fpv5/hard/libc_nano.a
LOAD /home/cartogan/Ac6/SystemWorkbench/plugins/fr.ac6.mcu.externaltools.arm-none.linux64_1.17.0.201812190825/tools/compiler/bin/../lib/gcc/arm-none-eabi/7.3.1/../../../../arm-none-eabi/lib/thumb/v7e-m/fpv5/hard/libnosys.a
END GROUP
START GROUP
LOAD /home/cartogan/Ac6/SystemWorkbench/plugins/fr.ac6.mcu.externaltools.arm-none.linux64_1.17.0.201812190825/tools/compiler/bin/../lib/gcc/arm-none-eabi/7.3.1/thumb/v7e-m/fpv5/hard/libgcc.a
LOAD /home/cartogan/Ac6/SystemWorkbench/plugins/fr.ac6.mcu.externaltools.arm-none.linux64_1.17.0.201812190825/tools/compiler/bin/../lib/gcc/arm-none-eabi/7.3.1/../../../../arm-none-eabi/lib/thumb/v7e-m/fpv5/hard/libc_nano.a
LOAD /home/cartogan/Ac6/SystemWorkbench/plugins/fr.ac6.mcu.externaltools.arm-none.linux64_1.17.0.201812190825/tools/compiler/bin/../lib/gcc/arm-none-eabi/7.3.1/../../../../arm-none-eabi/lib/thumb/v7e-m/fpv5/hard/libnosys.a
END GROUP
LOAD /home/cartogan/Ac6/SystemWorkbench/plugins/fr.ac6.mcu.externaltools.arm-none.linux64_1.17.0.201812190825/tools/compiler/bin/../lib/gcc/arm-none-eabi/7.3.1/thumb/v7e-m/fpv5/hard/crtend.o
LOAD /home/cartogan/Ac6/SystemWorkbench/plugins/fr.ac6.mcu.externaltools.arm-none.linux64_1.17.0.201812190825/tools/compiler/bin/../lib/gcc/arm-none-eabi/7.3.1/thumb/v7e-m/fpv5/hard/crtn.o
                0x0000000020080000                _estack = 0x20080000
                0x0000000000000200                _Min_Heap_Size = 0x200
                0x0000000000000400                _Min_Stack_Size = 0x400

.isr_vector     0x0000000008000000      0x1f8
                0x0000000008000000                . = ALIGN (0x4)
 *(.isr_vector)
 .isr_vector    0x0000000008000000      0x1f8 startup/startup_stm32f767xx.o
                0x0000000008000000                g_pfnVectors
                0x00000000080001f8                . = ALIGN (0x4)

.text           0x00000000080001f8     0x1f38
                0x00000000080001f8                . = ALIGN (0x4)
 *(.text)
 .text          0x00000000080001f8       0x40 /home/cartogan/Ac6/SystemWorkbench/plugins/fr.ac6.mcu.externaltools.arm-none.linux64_1.17.0.201812190825/tools/compiler/bin/../lib/gcc/arm-none-eabi/7.3.1/thumb/v7e-m/fpv5/hard/crtbegin.o
 *(.text*)
 .text.LL_ADC_CommonInit
                0x0000000008000238       0x5c Drivers/STM32F7xx_HAL_Driver/Src/stm32f7xx_ll_adc.o
                0x0000000008000238                LL_ADC_CommonInit
 .text.LL_ADC_Init
                0x0000000008000294       0x38 Drivers/STM32F7xx_HAL_Driver/Src/stm32f7xx_ll_adc.o
                0x0000000008000294                LL_ADC_Init
 .text.LL_ADC_REG_Init
                0x00000000080002cc       0x5c Drivers/STM32F7xx_HAL_Driver/Src/stm32f7xx_ll_adc.o
                0x00000000080002cc                LL_ADC_REG_Init
 .text.LL_GPIO_Init
                0x0000000008000328      0x132 Drivers/STM32F7xx_HAL_Driver/Src/stm32f7xx_ll_gpio.o
                0x0000000008000328                LL_GPIO_Init
 *fill*         0x000000000800045a        0x2 
 .text.RCC_GetHCLKClockFreq
                0x000000000800045c       0x18 Drivers/STM32F7xx_HAL_Driver/Src/stm32f7xx_ll_rcc.o
                0x000000000800045c                RCC_GetHCLKClockFreq
 .text.RCC_GetPCLK1ClockFreq
                0x0000000008000474       0x18 Drivers/STM32F7xx_HAL_Driver/Src/stm32f7xx_ll_rcc.o
                0x0000000008000474                RCC_GetPCLK1ClockFreq
 .text.RCC_GetPCLK2ClockFreq
                0x000000000800048c       0x18 Drivers/STM32F7xx_HAL_Driver/Src/stm32f7xx_ll_rcc.o
                0x000000000800048c                RCC_GetPCLK2ClockFreq
 .text.RCC_PLL_GetFreqDomain_SYS
                0x00000000080004a4       0x44 Drivers/STM32F7xx_HAL_Driver/Src/stm32f7xx_ll_rcc.o
                0x00000000080004a4                RCC_PLL_GetFreqDomain_SYS
 .text.RCC_GetSystemClockFreq
                0x00000000080004e8       0x2c Drivers/STM32F7xx_HAL_Driver/Src/stm32f7xx_ll_rcc.o
                0x00000000080004e8                RCC_GetSystemClockFreq
 .text.LL_RCC_GetUSARTClockFreq
                0x0000000008000514      0x194 Drivers/STM32F7xx_HAL_Driver/Src/stm32f7xx_ll_rcc.o
                0x0000000008000514                LL_RCC_GetUSARTClockFreq
 .text.LL_RCC_GetUARTClockFreq
                0x00000000080006a8      0x19c Drivers/STM32F7xx_HAL_Driver/Src/stm32f7xx_ll_rcc.o
                0x00000000080006a8                LL_RCC_GetUARTClockFreq
 .text.LL_USART_Init
                0x0000000008000844      0x128 Drivers/STM32F7xx_HAL_Driver/Src/stm32f7xx_ll_usart.o
                0x0000000008000844                LL_USART_Init
 .text.LL_Init1msTick
                0x000000000800096c       0x20 Drivers/STM32F7xx_HAL_Driver/Src/stm32f7xx_ll_utils.o
                0x000000000800096c                LL_Init1msTick
 .text.LL_mDelay
                0x000000000800098c       0x2c Drivers/STM32F7xx_HAL_Driver/Src/stm32f7xx_ll_utils.o
                0x000000000800098c                LL_mDelay
 .text.LL_SetSystemCoreClock
                0x00000000080009b8        0xc Drivers/STM32F7xx_HAL_Driver/Src/stm32f7xx_ll_utils.o
                0x00000000080009b8                LL_SetSystemCoreClock
 .text.MX_DMA_Init
                0x00000000080009c4       0x38 Src/main.o
 .text.MX_GPIO_Init
                0x00000000080009fc      0x3e4 Src/main.o
 .text.LL_ADC_SetChannelSamplingTime
                0x0000000008000de0       0x50 Src/main.o
 .text.MX_ADC1_Init
                0x0000000008000e30      0x204 Src/main.o
 .text.MX_USART1_UART_Init
                0x0000000008001034       0xe8 Src/main.o
 .text.MX_USART3_UART_Init
                0x000000000800111c       0xc4 Src/main.o
 .text.SystemClock_Config
                0x00000000080011e0       0xf4 Src/main.o
                0x00000000080011e0                SystemClock_Config
 .text.main     0x00000000080012d4       0x88 Src/main.o
                0x00000000080012d4                main
 .text.set_addr
                0x000000000800135c       0x40 Src/motor_control.o
                0x000000000800135c                set_addr
 .text.step_motor
                0x000000000800139c      0x10c Src/motor_control.o
                0x000000000800139c                step_motor
 .text.manual_control
                0x00000000080014a8      0x178 Src/motor_control.o
                0x00000000080014a8                manual_control
 .text.stop_motor
                0x0000000008001620       0x4c Src/motor_control.o
                0x0000000008001620                stop_motor
 .text.read_cmd
                0x000000000800166c      0x1ec Src/motor_control.o
                0x000000000800166c                read_cmd
 .text.set_LEDs
                0x0000000008001858       0x68 Src/motor_control.o
                0x0000000008001858                set_LEDs
 .text.get_opto
                0x00000000080018c0       0x30 Src/motor_control.o
                0x00000000080018c0                get_opto
 .text.check_opto_flag
                0x00000000080018f0       0x34 Src/motor_control.o
                0x00000000080018f0                check_opto_flag
 .text.calculate_ratio_to_max
                0x0000000008001924       0x54 Src/motor_control.o
                0x0000000008001924                calculate_ratio_to_max
 .text.max_steps_current_cmd
                0x0000000008001978       0x30 Src/motor_control.o
                0x0000000008001978                max_steps_current_cmd
 .text.remote_control
                0x00000000080019a8      0x2f8 Src/motor_control.o
                0x00000000080019a8                remote_control
 .text.check_mode
                0x0000000008001ca0       0x88 Src/motor_control.o
                0x0000000008001ca0                check_mode
 .text.NMI_Handler
                0x0000000008001d28        0x2 Src/stm32f7xx_it.o
                0x0000000008001d28                NMI_Handler
 .text.HardFault_Handler
                0x0000000008001d2a        0x2 Src/stm32f7xx_it.o
                0x0000000008001d2a                HardFault_Handler
 .text.MemManage_Handler
                0x0000000008001d2c        0x2 Src/stm32f7xx_it.o
                0x0000000008001d2c                MemManage_Handler
 .text.BusFault_Handler
                0x0000000008001d2e        0x2 Src/stm32f7xx_it.o
                0x0000000008001d2e                BusFault_Handler
 .text.UsageFault_Handler
                0x0000000008001d30        0x2 Src/stm32f7xx_it.o
                0x0000000008001d30                UsageFault_Handler
 .text.SVC_Handler
                0x0000000008001d32        0x2 Src/stm32f7xx_it.o
                0x0000000008001d32                SVC_Handler
 .text.DebugMon_Handler
                0x0000000008001d34        0x2 Src/stm32f7xx_it.o
                0x0000000008001d34                DebugMon_Handler
 .text.PendSV_Handler
                0x0000000008001d36        0x2 Src/stm32f7xx_it.o
                0x0000000008001d36                PendSV_Handler
 .text.SysTick_Handler
                0x0000000008001d38        0x2 Src/stm32f7xx_it.o
                0x0000000008001d38                SysTick_Handler
 *fill*         0x0000000008001d3a        0x2 
 .text.USART1_IRQHandler
                0x0000000008001d3c       0x38 Src/stm32f7xx_it.o
                0x0000000008001d3c                USART1_IRQHandler
 .text.DMA2_Stream0_IRQHandler
                0x0000000008001d74        0x2 Src/stm32f7xx_it.o
                0x0000000008001d74                DMA2_Stream0_IRQHandler
 *fill*         0x0000000008001d76        0x2 
 .text._sbrk    0x0000000008001d78       0x3c Src/syscalls.o
                0x0000000008001d78                _sbrk
 .text.SystemInit
                0x0000000008001db4       0x50 Src/system_stm32f7xx.o
                0x0000000008001db4                SystemInit
 .text.DWT_Init
                0x0000000008001e04       0x2c Src/test_functions.o
                0x0000000008001e04                DWT_Init
 .text.DWT_Delay
                0x0000000008001e30        0x2 Src/test_functions.o
                0x0000000008001e30                DWT_Delay
 *fill*         0x0000000008001e32        0x2 
 .text.send_reply
                0x0000000008001e34       0xa8 Src/test_functions.o
                0x0000000008001e34                send_reply
 .text.Reset_Handler
                0x0000000008001edc       0x50 startup/startup_stm32f767xx.o
                0x0000000008001edc                Reset_Handler
 .text.Default_Handler
                0x0000000008001f2c        0x2 startup/startup_stm32f767xx.o
                0x0000000008001f2c                RTC_Alarm_IRQHandler
                0x0000000008001f2c                EXTI2_IRQHandler
                0x0000000008001f2c                TIM8_CC_IRQHandler
                0x0000000008001f2c                UART8_IRQHandler
                0x0000000008001f2c                SPI4_IRQHandler
                0x0000000008001f2c                TIM1_CC_IRQHandler
                0x0000000008001f2c                DMA2_Stream5_IRQHandler
                0x0000000008001f2c                JPEG_IRQHandler
                0x0000000008001f2c                DMA1_Stream5_IRQHandler
                0x0000000008001f2c                CAN3_RX1_IRQHandler
                0x0000000008001f2c                PVD_IRQHandler
                0x0000000008001f2c                TAMP_STAMP_IRQHandler
                0x0000000008001f2c                CAN2_RX1_IRQHandler
                0x0000000008001f2c                EXTI3_IRQHandler
                0x0000000008001f2c                TIM8_TRG_COM_TIM14_IRQHandler
                0x0000000008001f2c                DFSDM1_FLT1_IRQHandler
                0x0000000008001f2c                TIM1_UP_TIM10_IRQHandler
                0x0000000008001f2c                TIM8_UP_TIM13_IRQHandler
                0x0000000008001f2c                I2C3_ER_IRQHandler
                0x0000000008001f2c                DFSDM1_FLT2_IRQHandler
                0x0000000008001f2c                EXTI0_IRQHandler
                0x0000000008001f2c                I2C2_EV_IRQHandler
                0x0000000008001f2c                DMA1_Stream2_IRQHandler
                0x0000000008001f2c                CAN1_RX0_IRQHandler
                0x0000000008001f2c                FPU_IRQHandler
                0x0000000008001f2c                OTG_HS_WKUP_IRQHandler
                0x0000000008001f2c                CAN3_SCE_IRQHandler
                0x0000000008001f2c                LTDC_ER_IRQHandler
                0x0000000008001f2c                CAN2_SCE_IRQHandler
                0x0000000008001f2c                DMA2_Stream2_IRQHandler
                0x0000000008001f2c                SPI1_IRQHandler
                0x0000000008001f2c                TIM6_DAC_IRQHandler
                0x0000000008001f2c                TIM1_BRK_TIM9_IRQHandler
                0x0000000008001f2c                DCMI_IRQHandler
                0x0000000008001f2c                CAN2_RX0_IRQHandler
                0x0000000008001f2c                DMA2_Stream3_IRQHandler
                0x0000000008001f2c                SAI2_IRQHandler
                0x0000000008001f2c                DFSDM1_FLT3_IRQHandler
                0x0000000008001f2c                USART6_IRQHandler
                0x0000000008001f2c                CAN3_RX0_IRQHandler
                0x0000000008001f2c                USART3_IRQHandler
                0x0000000008001f2c                CAN1_RX1_IRQHandler
                0x0000000008001f2c                UART5_IRQHandler
                0x0000000008001f2c                TIM4_IRQHandler
                0x0000000008001f2c                QUADSPI_IRQHandler
                0x0000000008001f2c                I2C1_EV_IRQHandler
                0x0000000008001f2c                DMA1_Stream6_IRQHandler
                0x0000000008001f2c                DMA1_Stream1_IRQHandler
                0x0000000008001f2c                UART4_IRQHandler
                0x0000000008001f2c                TIM3_IRQHandler
                0x0000000008001f2c                RCC_IRQHandler
                0x0000000008001f2c                TIM8_BRK_TIM12_IRQHandler
                0x0000000008001f2c                Default_Handler
                0x0000000008001f2c                CEC_IRQHandler
                0x0000000008001f2c                EXTI15_10_IRQHandler
                0x0000000008001f2c                ADC_IRQHandler
                0x0000000008001f2c                DMA1_Stream7_IRQHandler
                0x0000000008001f2c                SPI5_IRQHandler
                0x0000000008001f2c                TIM7_IRQHandler
                0x0000000008001f2c                SDMMC1_IRQHandler
                0x0000000008001f2c                CAN2_TX_IRQHandler
                0x0000000008001f2c                TIM5_IRQHandler
                0x0000000008001f2c                DMA2_Stream7_IRQHandler
                0x0000000008001f2c                I2C3_EV_IRQHandler
                0x0000000008001f2c                EXTI9_5_IRQHandler
                0x0000000008001f2c                RTC_WKUP_IRQHandler
                0x0000000008001f2c                LTDC_IRQHandler
                0x0000000008001f2c                ETH_WKUP_IRQHandler
                0x0000000008001f2c                SPDIF_RX_IRQHandler
                0x0000000008001f2c                SPI2_IRQHandler
                0x0000000008001f2c                OTG_HS_EP1_IN_IRQHandler
                0x0000000008001f2c                DMA1_Stream0_IRQHandler
                0x0000000008001f2c                CAN1_TX_IRQHandler
                0x0000000008001f2c                EXTI4_IRQHandler
                0x0000000008001f2c                RNG_IRQHandler
                0x0000000008001f2c                ETH_IRQHandler
                0x0000000008001f2c                OTG_HS_EP1_OUT_IRQHandler
                0x0000000008001f2c                WWDG_IRQHandler
                0x0000000008001f2c                SPI6_IRQHandler
                0x0000000008001f2c                MDIOS_IRQHandler
                0x0000000008001f2c                I2C4_EV_IRQHandler
                0x0000000008001f2c                CAN3_TX_IRQHandler
                0x0000000008001f2c                TIM2_IRQHandler
                0x0000000008001f2c                OTG_FS_WKUP_IRQHandler
                0x0000000008001f2c                TIM1_TRG_COM_TIM11_IRQHandler
                0x0000000008001f2c                OTG_HS_IRQHandler
                0x0000000008001f2c                DMA2D_IRQHandler
                0x0000000008001f2c                EXTI1_IRQHandler
                0x0000000008001f2c                SDMMC2_IRQHandler
                0x0000000008001f2c                UART7_IRQHandler
                0x0000000008001f2c                USART2_IRQHandler
                0x0000000008001f2c                DFSDM1_FLT0_IRQHandler
                0x0000000008001f2c                I2C2_ER_IRQHandler
                0x0000000008001f2c                DMA2_Stream1_IRQHandler
                0x0000000008001f2c                CAN1_SCE_IRQHandler
                0x0000000008001f2c                FLASH_IRQHandler
                0x0000000008001f2c                DMA2_Stream4_IRQHandler
                0x0000000008001f2c                OTG_FS_IRQHandler
                0x0000000008001f2c                SPI3_IRQHandler
                0x0000000008001f2c                DMA1_Stream4_IRQHandler
                0x0000000008001f2c                I2C1_ER_IRQHandler
                0x0000000008001f2c                FMC_IRQHandler
                0x0000000008001f2c                LPTIM1_IRQHandler
                0x0000000008001f2c                I2C4_ER_IRQHandler
                0x0000000008001f2c                DMA2_Stream6_IRQHandler
                0x0000000008001f2c                SAI1_IRQHandler
                0x0000000008001f2c                DMA1_Stream3_IRQHandler
 *fill*         0x0000000008001f2e        0x2 
 .text.__errno  0x0000000008001f30        0xc /home/cartogan/Ac6/SystemWorkbench/plugins/fr.ac6.mcu.externaltools.arm-none.linux64_1.17.0.201812190825/tools/compiler/bin/../lib/gcc/arm-none-eabi/7.3.1/../../../../arm-none-eabi/lib/thumb/v7e-m/fpv5/hard/libc_nano.a(lib_a-errno.o)
                0x0000000008001f30                __errno
 .text.__libc_init_array
                0x0000000008001f3c       0x48 /home/cartogan/Ac6/SystemWorkbench/plugins/fr.ac6.mcu.externaltools.arm-none.linux64_1.17.0.201812190825/tools/compiler/bin/../lib/gcc/arm-none-eabi/7.3.1/../../../../arm-none-eabi/lib/thumb/v7e-m/fpv5/hard/libc_nano.a(lib_a-init.o)
                0x0000000008001f3c                __libc_init_array
 .text.malloc   0x0000000008001f84       0x10 /home/cartogan/Ac6/SystemWorkbench/plugins/fr.ac6.mcu.externaltools.arm-none.linux64_1.17.0.201812190825/tools/compiler/bin/../lib/gcc/arm-none-eabi/7.3.1/../../../../arm-none-eabi/lib/thumb/v7e-m/fpv5/hard/libc_nano.a(lib_a-malloc.o)
                0x0000000008001f84                malloc
 .text.free     0x0000000008001f94       0x10 /home/cartogan/Ac6/SystemWorkbench/plugins/fr.ac6.mcu.externaltools.arm-none.linux64_1.17.0.201812190825/tools/compiler/bin/../lib/gcc/arm-none-eabi/7.3.1/../../../../arm-none-eabi/lib/thumb/v7e-m/fpv5/hard/libc_nano.a(lib_a-malloc.o)
                0x0000000008001f94                free
 .text._free_r  0x0000000008001fa4       0x9c /home/cartogan/Ac6/SystemWorkbench/plugins/fr.ac6.mcu.externaltools.arm-none.linux64_1.17.0.201812190825/tools/compiler/bin/../lib/gcc/arm-none-eabi/7.3.1/../../../../arm-none-eabi/lib/thumb/v7e-m/fpv5/hard/libc_nano.a(lib_a-nano-freer.o)
                0x0000000008001fa4                _free_r
 .text._malloc_r
                0x0000000008002040       0xb4 /home/cartogan/Ac6/SystemWorkbench/plugins/fr.ac6.mcu.externaltools.arm-none.linux64_1.17.0.201812190825/tools/compiler/bin/../lib/gcc/arm-none-eabi/7.3.1/../../../../arm-none-eabi/lib/thumb/v7e-m/fpv5/hard/libc_nano.a(lib_a-nano-mallocr.o)
                0x0000000008002040                _malloc_r
 .text._sbrk_r  0x00000000080020f4       0x20 /home/cartogan/Ac6/SystemWorkbench/plugins/fr.ac6.mcu.externaltools.arm-none.linux64_1.17.0.201812190825/tools/compiler/bin/../lib/gcc/arm-none-eabi/7.3.1/../../../../arm-none-eabi/lib/thumb/v7e-m/fpv5/hard/libc_nano.a(lib_a-sbrkr.o)
                0x00000000080020f4                _sbrk_r
 .text.__malloc_lock
                0x0000000008002114        0x2 /home/cartogan/Ac6/SystemWorkbench/plugins/fr.ac6.mcu.externaltools.arm-none.linux64_1.17.0.201812190825/tools/compiler/bin/../lib/gcc/arm-none-eabi/7.3.1/../../../../arm-none-eabi/lib/thumb/v7e-m/fpv5/hard/libc_nano.a(lib_a-mlock.o)
                0x0000000008002114                __malloc_lock
 .text.__malloc_unlock
                0x0000000008002116        0x2 /home/cartogan/Ac6/SystemWorkbench/plugins/fr.ac6.mcu.externaltools.arm-none.linux64_1.17.0.201812190825/tools/compiler/bin/../lib/gcc/arm-none-eabi/7.3.1/../../../../arm-none-eabi/lib/thumb/v7e-m/fpv5/hard/libc_nano.a(lib_a-mlock.o)
                0x0000000008002116                __malloc_unlock
 *(.glue_7)
 .glue_7        0x0000000008002118        0x0 linker stubs
 *(.glue_7t)
 .glue_7t       0x0000000008002118        0x0 linker stubs
 *(.eh_frame)
 .eh_frame      0x0000000008002118        0x0 /home/cartogan/Ac6/SystemWorkbench/plugins/fr.ac6.mcu.externaltools.arm-none.linux64_1.17.0.201812190825/tools/compiler/bin/../lib/gcc/arm-none-eabi/7.3.1/thumb/v7e-m/fpv5/hard/crtbegin.o
 *(.init)
 .init          0x0000000008002118        0x4 /home/cartogan/Ac6/SystemWorkbench/plugins/fr.ac6.mcu.externaltools.arm-none.linux64_1.17.0.201812190825/tools/compiler/bin/../lib/gcc/arm-none-eabi/7.3.1/thumb/v7e-m/fpv5/hard/crti.o
                0x0000000008002118                _init
 .init          0x000000000800211c        0x8 /home/cartogan/Ac6/SystemWorkbench/plugins/fr.ac6.mcu.externaltools.arm-none.linux64_1.17.0.201812190825/tools/compiler/bin/../lib/gcc/arm-none-eabi/7.3.1/thumb/v7e-m/fpv5/hard/crtn.o
 *(.fini)
 .fini          0x0000000008002124        0x4 /home/cartogan/Ac6/SystemWorkbench/plugins/fr.ac6.mcu.externaltools.arm-none.linux64_1.17.0.201812190825/tools/compiler/bin/../lib/gcc/arm-none-eabi/7.3.1/thumb/v7e-m/fpv5/hard/crti.o
                0x0000000008002124                _fini
 .fini          0x0000000008002128        0x8 /home/cartogan/Ac6/SystemWorkbench/plugins/fr.ac6.mcu.externaltools.arm-none.linux64_1.17.0.201812190825/tools/compiler/bin/../lib/gcc/arm-none-eabi/7.3.1/thumb/v7e-m/fpv5/hard/crtn.o
                0x0000000008002130                . = ALIGN (0x4)
                0x0000000008002130                _etext = .

.vfp11_veneer   0x0000000008002130        0x0
 .vfp11_veneer  0x0000000008002130        0x0 linker stubs

.v4_bx          0x0000000008002130        0x0
 .v4_bx         0x0000000008002130        0x0 linker stubs

.iplt           0x0000000008002130        0x0
 .iplt          0x0000000008002130        0x0 /home/cartogan/Ac6/SystemWorkbench/plugins/fr.ac6.mcu.externaltools.arm-none.linux64_1.17.0.201812190825/tools/compiler/bin/../lib/gcc/arm-none-eabi/7.3.1/thumb/v7e-m/fpv5/hard/crtbegin.o

.rodata         0x0000000008002130       0x68
                0x0000000008002130                . = ALIGN (0x4)
 *(.rodata)
 .rodata        0x0000000008002130       0x50 Src/motor_control.o
                0x0000000008002130                coil_current
                0x0000000008002150                LED_pins
 .rodata        0x0000000008002180       0x18 Src/system_stm32f7xx.o
                0x0000000008002180                AHBPrescTable
                0x0000000008002190                APBPrescTable
 *(.rodata*)
                0x0000000008002198                . = ALIGN (0x4)

.rel.dyn        0x0000000008002198        0x0
 .rel.iplt      0x0000000008002198        0x0 /home/cartogan/Ac6/SystemWorkbench/plugins/fr.ac6.mcu.externaltools.arm-none.linux64_1.17.0.201812190825/tools/compiler/bin/../lib/gcc/arm-none-eabi/7.3.1/thumb/v7e-m/fpv5/hard/crtbegin.o

.ARM.extab
 *(.ARM.extab* .gnu.linkonce.armextab.*)

.ARM            0x0000000008002198        0x0
                0x0000000008002198                __exidx_start = .
 *(.ARM.exidx*)
                0x0000000008002198                __exidx_end = .

.preinit_array  0x0000000008002198        0x0
                0x0000000008002198                PROVIDE (__preinit_array_start = .)
 *(.preinit_array*)
                0x0000000008002198                PROVIDE (__preinit_array_end = .)

.init_array     0x0000000008002198        0x4
                0x0000000008002198                PROVIDE (__init_array_start = .)
 *(SORT_BY_NAME(.init_array.*))
 *(.init_array*)
 .init_array    0x0000000008002198        0x4 /home/cartogan/Ac6/SystemWorkbench/plugins/fr.ac6.mcu.externaltools.arm-none.linux64_1.17.0.201812190825/tools/compiler/bin/../lib/gcc/arm-none-eabi/7.3.1/thumb/v7e-m/fpv5/hard/crtbegin.o
                0x000000000800219c                PROVIDE (__init_array_end = .)

.fini_array     0x000000000800219c        0x4
                [!provide]                        PROVIDE (__fini_array_start = .)
 *(SORT_BY_NAME(.fini_array.*))
 *(.fini_array*)
 .fini_array    0x000000000800219c        0x4 /home/cartogan/Ac6/SystemWorkbench/plugins/fr.ac6.mcu.externaltools.arm-none.linux64_1.17.0.201812190825/tools/compiler/bin/../lib/gcc/arm-none-eabi/7.3.1/thumb/v7e-m/fpv5/hard/crtbegin.o
                [!provide]                        PROVIDE (__fini_array_end = .)
                0x00000000080021a0                _sidata = LOADADDR (.data)

.data           0x0000000020000000       0x88 load address 0x00000000080021a0
                0x0000000020000000                . = ALIGN (0x4)
                0x0000000020000000                _sdata = .
 *(.data)
 .data          0x0000000020000000       0x1f Src/motor_control.o
                0x0000000020000000                remote_step_size
                0x0000000020000004                motor_pos
                0x0000000020000010                local_step_size
                0x0000000020000014                adc_pot_vals
                0x000000002000001c                local_step_time
 *fill*         0x000000002000001f        0x1 
 .data          0x0000000020000020        0x4 Src/system_stm32f7xx.o
                0x0000000020000020                SystemCoreClock
 *(.data*)
 .data._impure_ptr
                0x0000000020000024        0x4 /home/cartogan/Ac6/SystemWorkbench/plugins/fr.ac6.mcu.externaltools.arm-none.linux64_1.17.0.201812190825/tools/compiler/bin/../lib/gcc/arm-none-eabi/7.3.1/../../../../arm-none-eabi/lib/thumb/v7e-m/fpv5/hard/libc_nano.a(lib_a-impure.o)
                0x0000000020000024                _impure_ptr
 .data.impure_data
                0x0000000020000028       0x60 /home/cartogan/Ac6/SystemWorkbench/plugins/fr.ac6.mcu.externaltools.arm-none.linux64_1.17.0.201812190825/tools/compiler/bin/../lib/gcc/arm-none-eabi/7.3.1/../../../../arm-none-eabi/lib/thumb/v7e-m/fpv5/hard/libc_nano.a(lib_a-impure.o)
                0x0000000020000088                . = ALIGN (0x4)
                0x0000000020000088                _edata = .

.igot.plt       0x0000000020000088        0x0 load address 0x0000000008002228
 .igot.plt      0x0000000020000088        0x0 /home/cartogan/Ac6/SystemWorkbench/plugins/fr.ac6.mcu.externaltools.arm-none.linux64_1.17.0.201812190825/tools/compiler/bin/../lib/gcc/arm-none-eabi/7.3.1/thumb/v7e-m/fpv5/hard/crtbegin.o
                0x0000000020000088                . = ALIGN (0x4)

.bss            0x0000000020000088       0x74 load address 0x0000000008002228
                0x0000000020000088                _sbss = .
                0x0000000020000088                __bss_start__ = _sbss
 *(.bss)
 .bss           0x0000000020000088       0x1c /home/cartogan/Ac6/SystemWorkbench/plugins/fr.ac6.mcu.externaltools.arm-none.linux64_1.17.0.201812190825/tools/compiler/bin/../lib/gcc/arm-none-eabi/7.3.1/thumb/v7e-m/fpv5/hard/crtbegin.o
 .bss           0x00000000200000a4       0x30 Src/motor_control.o
                0x00000000200000a4                motor_status
                0x00000000200000ac                last_cmd
                0x00000000200000b4                current_cmd
                0x00000000200000b8                remote_step_time
                0x00000000200000ba                move_until
 .bss           0x00000000200000d4        0x8 Src/syscalls.o
                0x00000000200000d8                __env
 .bss           0x00000000200000dc       0x11 Src/test_functions.o
 *(.bss*)
 *fill*         0x00000000200000ed        0x3 
 .bss.__malloc_free_list
                0x00000000200000f0        0x4 /home/cartogan/Ac6/SystemWorkbench/plugins/fr.ac6.mcu.externaltools.arm-none.linux64_1.17.0.201812190825/tools/compiler/bin/../lib/gcc/arm-none-eabi/7.3.1/../../../../arm-none-eabi/lib/thumb/v7e-m/fpv5/hard/libc_nano.a(lib_a-nano-mallocr.o)
                0x00000000200000f0                __malloc_free_list
 .bss.__malloc_sbrk_start
                0x00000000200000f4        0x4 /home/cartogan/Ac6/SystemWorkbench/plugins/fr.ac6.mcu.externaltools.arm-none.linux64_1.17.0.201812190825/tools/compiler/bin/../lib/gcc/arm-none-eabi/7.3.1/../../../../arm-none-eabi/lib/thumb/v7e-m/fpv5/hard/libc_nano.a(lib_a-nano-mallocr.o)
                0x00000000200000f4                __malloc_sbrk_start
 *(COMMON)
 COMMON         0x00000000200000f8        0x4 /home/cartogan/Ac6/SystemWorkbench/plugins/fr.ac6.mcu.externaltools.arm-none.linux64_1.17.0.201812190825/tools/compiler/bin/../lib/gcc/arm-none-eabi/7.3.1/../../../../arm-none-eabi/lib/thumb/v7e-m/fpv5/hard/libc_nano.a(lib_a-reent.o)
                0x00000000200000f8                errno
                0x00000000200000fc                . = ALIGN (0x4)
                0x00000000200000fc                _ebss = .
                0x00000000200000fc                __bss_end__ = _ebss

._user_heap_stack
                0x00000000200000fc      0x604 load address 0x0000000008002228
                0x0000000020000100                . = ALIGN (0x8)
 *fill*         0x00000000200000fc        0x4 
                0x0000000020000100                PROVIDE (end = .)
                [!provide]                        PROVIDE (_end = .)
                0x0000000020000300                . = (. + _Min_Heap_Size)
 *fill*         0x0000000020000100      0x200 
                0x0000000020000700                . = (. + _Min_Stack_Size)
 *fill*         0x0000000020000300      0x400 
                0x0000000020000700                . = ALIGN (0x8)

/DISCARD/
 libc.a(*)
 libm.a(*)
 libgcc.a(*)

.ARM.attributes
                0x0000000000000000       0x2e
 *(.ARM.attributes)
 .ARM.attributes
                0x0000000000000000       0x20 /home/cartogan/Ac6/SystemWorkbench/plugins/fr.ac6.mcu.externaltools.arm-none.linux64_1.17.0.201812190825/tools/compiler/bin/../lib/gcc/arm-none-eabi/7.3.1/thumb/v7e-m/fpv5/hard/crti.o
 .ARM.attributes
                0x0000000000000020       0x32 /home/cartogan/Ac6/SystemWorkbench/plugins/fr.ac6.mcu.externaltools.arm-none.linux64_1.17.0.201812190825/tools/compiler/bin/../lib/gcc/arm-none-eabi/7.3.1/thumb/v7e-m/fpv5/hard/crtbegin.o
 .ARM.attributes
                0x0000000000000052       0x37 Drivers/STM32F7xx_HAL_Driver/Src/stm32f7xx_ll_adc.o
 .ARM.attributes
                0x0000000000000089       0x37 Drivers/STM32F7xx_HAL_Driver/Src/stm32f7xx_ll_gpio.o
 .ARM.attributes
                0x00000000000000c0       0x37 Drivers/STM32F7xx_HAL_Driver/Src/stm32f7xx_ll_rcc.o
 .ARM.attributes
                0x00000000000000f7       0x37 Drivers/STM32F7xx_HAL_Driver/Src/stm32f7xx_ll_usart.o
 .ARM.attributes
                0x000000000000012e       0x37 Drivers/STM32F7xx_HAL_Driver/Src/stm32f7xx_ll_utils.o
 .ARM.attributes
                0x0000000000000165       0x37 Src/main.o
 .ARM.attributes
                0x000000000000019c       0x37 Src/motor_control.o
 .ARM.attributes
                0x00000000000001d3       0x37 Src/stm32f7xx_it.o
 .ARM.attributes
                0x000000000000020a       0x37 Src/syscalls.o
 .ARM.attributes
                0x0000000000000241       0x37 Src/system_stm32f7xx.o
 .ARM.attributes
                0x0000000000000278       0x37 Src/test_functions.o
 .ARM.attributes
                0x00000000000002af       0x21 startup/startup_stm32f767xx.o
 .ARM.attributes
                0x00000000000002d0       0x32 /home/cartogan/Ac6/SystemWorkbench/plugins/fr.ac6.mcu.externaltools.arm-none.linux64_1.17.0.201812190825/tools/compiler/bin/../lib/gcc/arm-none-eabi/7.3.1/../../../../arm-none-eabi/lib/thumb/v7e-m/fpv5/hard/libc_nano.a(lib_a-errno.o)
 .ARM.attributes
                0x0000000000000302       0x32 /home/cartogan/Ac6/SystemWorkbench/plugins/fr.ac6.mcu.externaltools.arm-none.linux64_1.17.0.201812190825/tools/compiler/bin/../lib/gcc/arm-none-eabi/7.3.1/../../../../arm-none-eabi/lib/thumb/v7e-m/fpv5/hard/libc_nano.a(lib_a-impure.o)
 .ARM.attributes
                0x0000000000000334       0x32 /home/cartogan/Ac6/SystemWorkbench/plugins/fr.ac6.mcu.externaltools.arm-none.linux64_1.17.0.201812190825/tools/compiler/bin/../lib/gcc/arm-none-eabi/7.3.1/../../../../arm-none-eabi/lib/thumb/v7e-m/fpv5/hard/libc_nano.a(lib_a-init.o)
 .ARM.attributes
                0x0000000000000366       0x32 /home/cartogan/Ac6/SystemWorkbench/plugins/fr.ac6.mcu.externaltools.arm-none.linux64_1.17.0.201812190825/tools/compiler/bin/../lib/gcc/arm-none-eabi/7.3.1/../../../../arm-none-eabi/lib/thumb/v7e-m/fpv5/hard/libc_nano.a(lib_a-malloc.o)
 .ARM.attributes
                0x0000000000000398       0x32 /home/cartogan/Ac6/SystemWorkbench/plugins/fr.ac6.mcu.externaltools.arm-none.linux64_1.17.0.201812190825/tools/compiler/bin/../lib/gcc/arm-none-eabi/7.3.1/../../../../arm-none-eabi/lib/thumb/v7e-m/fpv5/hard/libc_nano.a(lib_a-nano-freer.o)
 .ARM.attributes
                0x00000000000003ca       0x32 /home/cartogan/Ac6/SystemWorkbench/plugins/fr.ac6.mcu.externaltools.arm-none.linux64_1.17.0.201812190825/tools/compiler/bin/../lib/gcc/arm-none-eabi/7.3.1/../../../../arm-none-eabi/lib/thumb/v7e-m/fpv5/hard/libc_nano.a(lib_a-nano-mallocr.o)
 .ARM.attributes
                0x00000000000003fc       0x32 /home/cartogan/Ac6/SystemWorkbench/plugins/fr.ac6.mcu.externaltools.arm-none.linux64_1.17.0.201812190825/tools/compiler/bin/../lib/gcc/arm-none-eabi/7.3.1/../../../../arm-none-eabi/lib/thumb/v7e-m/fpv5/hard/libc_nano.a(lib_a-sbrkr.o)
 .ARM.attributes
                0x000000000000042e       0x32 /home/cartogan/Ac6/SystemWorkbench/plugins/fr.ac6.mcu.externaltools.arm-none.linux64_1.17.0.201812190825/tools/compiler/bin/../lib/gcc/arm-none-eabi/7.3.1/../../../../arm-none-eabi/lib/thumb/v7e-m/fpv5/hard/libc_nano.a(lib_a-mlock.o)
 .ARM.attributes
                0x0000000000000460       0x32 /home/cartogan/Ac6/SystemWorkbench/plugins/fr.ac6.mcu.externaltools.arm-none.linux64_1.17.0.201812190825/tools/compiler/bin/../lib/gcc/arm-none-eabi/7.3.1/../../../../arm-none-eabi/lib/thumb/v7e-m/fpv5/hard/libc_nano.a(lib_a-reent.o)
 .ARM.attributes
                0x0000000000000492       0x20 /home/cartogan/Ac6/SystemWorkbench/plugins/fr.ac6.mcu.externaltools.arm-none.linux64_1.17.0.201812190825/tools/compiler/bin/../lib/gcc/arm-none-eabi/7.3.1/thumb/v7e-m/fpv5/hard/crtn.o
OUTPUT(ROBKO_01_F767.elf elf32-littlearm)

.debug_info     0x0000000000000000     0xca15
 .debug_info    0x0000000000000000      0xa62 Drivers/STM32F7xx_HAL_Driver/Src/stm32f7xx_ll_adc.o
 .debug_info    0x0000000000000a62      0xbe1 Drivers/STM32F7xx_HAL_Driver/Src/stm32f7xx_ll_gpio.o
 .debug_info    0x0000000000001643     0x1813 Drivers/STM32F7xx_HAL_Driver/Src/stm32f7xx_ll_rcc.o
 .debug_info    0x0000000000002e56      0xa89 Drivers/STM32F7xx_HAL_Driver/Src/stm32f7xx_ll_usart.o
 .debug_info    0x00000000000038df      0xb94 Drivers/STM32F7xx_HAL_Driver/Src/stm32f7xx_ll_utils.o
 .debug_info    0x0000000000004473     0x3447 Src/main.o
 .debug_info    0x00000000000078ba     0x1afe Src/motor_control.o
 .debug_info    0x00000000000093b8      0xbe8 Src/stm32f7xx_it.o
 .debug_info    0x0000000000009fa0      0xfd3 Src/syscalls.o
 .debug_info    0x000000000000af73      0x6e9 Src/system_stm32f7xx.o
 .debug_info    0x000000000000b65c     0x1397 Src/test_functions.o
 .debug_info    0x000000000000c9f3       0x22 startup/startup_stm32f767xx.o

.debug_abbrev   0x0000000000000000     0x1d01
 .debug_abbrev  0x0000000000000000      0x1dd Drivers/STM32F7xx_HAL_Driver/Src/stm32f7xx_ll_adc.o
 .debug_abbrev  0x00000000000001dd      0x219 Drivers/STM32F7xx_HAL_Driver/Src/stm32f7xx_ll_gpio.o
 .debug_abbrev  0x00000000000003f6      0x253 Drivers/STM32F7xx_HAL_Driver/Src/stm32f7xx_ll_rcc.o
 .debug_abbrev  0x0000000000000649      0x285 Drivers/STM32F7xx_HAL_Driver/Src/stm32f7xx_ll_usart.o
 .debug_abbrev  0x00000000000008ce      0x26b Drivers/STM32F7xx_HAL_Driver/Src/stm32f7xx_ll_utils.o
 .debug_abbrev  0x0000000000000b39      0x428 Src/main.o
 .debug_abbrev  0x0000000000000f61      0x3c3 Src/motor_control.o
 .debug_abbrev  0x0000000000001324      0x267 Src/stm32f7xx_it.o
 .debug_abbrev  0x000000000000158b      0x2d4 Src/syscalls.o
 .debug_abbrev  0x000000000000185f      0x12d Src/system_stm32f7xx.o
 .debug_abbrev  0x000000000000198c      0x363 Src/test_functions.o
 .debug_abbrev  0x0000000000001cef       0x12 startup/startup_stm32f767xx.o

.debug_loc      0x0000000000000000     0x49df
 .debug_loc     0x0000000000000000      0x3df Drivers/STM32F7xx_HAL_Driver/Src/stm32f7xx_ll_adc.o
 .debug_loc     0x00000000000003df      0x5fe Drivers/STM32F7xx_HAL_Driver/Src/stm32f7xx_ll_gpio.o
 .debug_loc     0x00000000000009dd      0xf71 Drivers/STM32F7xx_HAL_Driver/Src/stm32f7xx_ll_rcc.o
 .debug_loc     0x000000000000194e      0x721 Drivers/STM32F7xx_HAL_Driver/Src/stm32f7xx_ll_usart.o
 .debug_loc     0x000000000000206f      0x62b Drivers/STM32F7xx_HAL_Driver/Src/stm32f7xx_ll_utils.o
 .debug_loc     0x000000000000269a      0xc26 Src/main.o
 .debug_loc     0x00000000000032c0      0xd21 Src/motor_control.o
 .debug_loc     0x0000000000003fe1       0x48 Src/stm32f7xx_it.o
 .debug_loc     0x0000000000004029      0x3af Src/syscalls.o
 .debug_loc     0x00000000000043d8      0x13e Src/system_stm32f7xx.o
 .debug_loc     0x0000000000004516      0x4c9 Src/test_functions.o

.debug_aranges  0x0000000000000000      0x4d8
 .debug_aranges
                0x0000000000000000       0x68 Drivers/STM32F7xx_HAL_Driver/Src/stm32f7xx_ll_adc.o
 .debug_aranges
                0x0000000000000068       0x30 Drivers/STM32F7xx_HAL_Driver/Src/stm32f7xx_ll_gpio.o
 .debug_aranges
                0x0000000000000098       0xf8 Drivers/STM32F7xx_HAL_Driver/Src/stm32f7xx_ll_rcc.o
 .debug_aranges
                0x0000000000000190       0x40 Drivers/STM32F7xx_HAL_Driver/Src/stm32f7xx_ll_usart.o
 .debug_aranges
                0x00000000000001d0       0x60 Drivers/STM32F7xx_HAL_Driver/Src/stm32f7xx_ll_utils.o
 .debug_aranges
                0x0000000000000230       0x60 Src/main.o
 .debug_aranges
                0x0000000000000290       0x78 Src/motor_control.o
 .debug_aranges
                0x0000000000000308       0x70 Src/stm32f7xx_it.o
 .debug_aranges
                0x0000000000000378       0xb0 Src/syscalls.o
 .debug_aranges
                0x0000000000000428       0x28 Src/system_stm32f7xx.o
 .debug_aranges
                0x0000000000000450       0x60 Src/test_functions.o
 .debug_aranges
                0x00000000000004b0       0x28 startup/startup_stm32f767xx.o

.debug_ranges   0x0000000000000000      0x460
 .debug_ranges  0x0000000000000000       0x58 Drivers/STM32F7xx_HAL_Driver/Src/stm32f7xx_ll_adc.o
 .debug_ranges  0x0000000000000058       0x20 Drivers/STM32F7xx_HAL_Driver/Src/stm32f7xx_ll_gpio.o
 .debug_ranges  0x0000000000000078       0xe8 Drivers/STM32F7xx_HAL_Driver/Src/stm32f7xx_ll_rcc.o
 .debug_ranges  0x0000000000000160       0x48 Drivers/STM32F7xx_HAL_Driver/Src/stm32f7xx_ll_usart.o
 .debug_ranges  0x00000000000001a8       0x50 Drivers/STM32F7xx_HAL_Driver/Src/stm32f7xx_ll_utils.o
 .debug_ranges  0x00000000000001f8       0x50 Src/main.o
 .debug_ranges  0x0000000000000248       0x90 Src/motor_control.o
 .debug_ranges  0x00000000000002d8       0x60 Src/stm32f7xx_it.o
 .debug_ranges  0x0000000000000338       0xa0 Src/syscalls.o
 .debug_ranges  0x00000000000003d8       0x18 Src/system_stm32f7xx.o
 .debug_ranges  0x00000000000003f0       0x50 Src/test_functions.o
 .debug_ranges  0x0000000000000440       0x20 startup/startup_stm32f767xx.o

.debug_macro    0x0000000000000000    0x220c5
 .debug_macro   0x0000000000000000      0x16c Drivers/STM32F7xx_HAL_Driver/Src/stm32f7xx_ll_adc.o
 .debug_macro   0x000000000000016c       0x2e Drivers/STM32F7xx_HAL_Driver/Src/stm32f7xx_ll_adc.o
 .debug_macro   0x000000000000019a       0x3b Drivers/STM32F7xx_HAL_Driver/Src/stm32f7xx_ll_adc.o
 .debug_macro   0x00000000000001d5       0x22 Drivers/STM32F7xx_HAL_Driver/Src/stm32f7xx_ll_adc.o
 .debug_macro   0x00000000000001f7       0x8e Drivers/STM32F7xx_HAL_Driver/Src/stm32f7xx_ll_adc.o
 .debug_macro   0x0000000000000285       0x51 Drivers/STM32F7xx_HAL_Driver/Src/stm32f7xx_ll_adc.o
 .debug_macro   0x00000000000002d6       0xef Drivers/STM32F7xx_HAL_Driver/Src/stm32f7xx_ll_adc.o
 .debug_macro   0x00000000000003c5       0x6a Drivers/STM32F7xx_HAL_Driver/Src/stm32f7xx_ll_adc.o
 .debug_macro   0x000000000000042f      0x1df Drivers/STM32F7xx_HAL_Driver/Src/stm32f7xx_ll_adc.o
 .debug_macro   0x000000000000060e       0x1c Drivers/STM32F7xx_HAL_Driver/Src/stm32f7xx_ll_adc.o
 .debug_macro   0x000000000000062a       0x22 Drivers/STM32F7xx_HAL_Driver/Src/stm32f7xx_ll_adc.o
 .debug_macro   0x000000000000064c       0xdf Drivers/STM32F7xx_HAL_Driver/Src/stm32f7xx_ll_adc.o
 .debug_macro   0x000000000000072b     0x12cd Drivers/STM32F7xx_HAL_Driver/Src/stm32f7xx_ll_adc.o
 .debug_macro   0x00000000000019f8      0x11f Drivers/STM32F7xx_HAL_Driver/Src/stm32f7xx_ll_adc.o
 .debug_macro   0x0000000000001b17       0x19 Drivers/STM32F7xx_HAL_Driver/Src/stm32f7xx_ll_adc.o
 .debug_macro   0x0000000000001b30    0x1a029 Drivers/STM32F7xx_HAL_Driver/Src/stm32f7xx_ll_adc.o
 .debug_macro   0x000000000001bb59       0x43 Drivers/STM32F7xx_HAL_Driver/Src/stm32f7xx_ll_adc.o
 .debug_macro   0x000000000001bb9c      0xb40 Drivers/STM32F7xx_HAL_Driver/Src/stm32f7xx_ll_adc.o
 .debug_macro   0x000000000001c6dc      0x26f Drivers/STM32F7xx_HAL_Driver/Src/stm32f7xx_ll_adc.o
 .debug_macro   0x000000000001c94b      0x10e Drivers/STM32F7xx_HAL_Driver/Src/stm32f7xx_ll_gpio.o
 .debug_macro   0x000000000001ca59      0x143 Drivers/STM32F7xx_HAL_Driver/Src/stm32f7xx_ll_gpio.o
 .debug_macro   0x000000000001cb9c      0x135 Drivers/STM32F7xx_HAL_Driver/Src/stm32f7xx_ll_rcc.o
 .debug_macro   0x000000000001ccd1      0xbf6 Drivers/STM32F7xx_HAL_Driver/Src/stm32f7xx_ll_rcc.o
 .debug_macro   0x000000000001d8c7      0x141 Drivers/STM32F7xx_HAL_Driver/Src/stm32f7xx_ll_usart.o
 .debug_macro   0x000000000001da08      0x2c0 Drivers/STM32F7xx_HAL_Driver/Src/stm32f7xx_ll_usart.o
 .debug_macro   0x000000000001dcc8      0xbfc Drivers/STM32F7xx_HAL_Driver/Src/stm32f7xx_ll_usart.o
 .debug_macro   0x000000000001e8c4      0x1db Drivers/STM32F7xx_HAL_Driver/Src/stm32f7xx_ll_utils.o
 .debug_macro   0x000000000001ea9f       0x5b Drivers/STM32F7xx_HAL_Driver/Src/stm32f7xx_ll_utils.o
 .debug_macro   0x000000000001eafa      0x279 Drivers/STM32F7xx_HAL_Driver/Src/stm32f7xx_ll_utils.o
 .debug_macro   0x000000000001ed73      0x130 Drivers/STM32F7xx_HAL_Driver/Src/stm32f7xx_ll_utils.o
 .debug_macro   0x000000000001eea3      0x233 Src/main.o
 .debug_macro   0x000000000001f0d6      0x224 Src/main.o
 .debug_macro   0x000000000001f2fa       0xf4 Src/main.o
 .debug_macro   0x000000000001f3ee      0x1a7 Src/main.o
 .debug_macro   0x000000000001f595       0x61 Src/main.o
 .debug_macro   0x000000000001f5f6      0x2c6 Src/main.o
 .debug_macro   0x000000000001f8bc      0x149 Src/main.o
 .debug_macro   0x000000000001fa05       0x17 Src/main.o
 .debug_macro   0x000000000001fa1c       0x5e Src/main.o
 .debug_macro   0x000000000001fa7a       0x35 Src/main.o
 .debug_macro   0x000000000001faaf       0x34 Src/main.o
 .debug_macro   0x000000000001fae3       0x16 Src/main.o
 .debug_macro   0x000000000001faf9      0x10e Src/main.o
 .debug_macro   0x000000000001fc07       0x8d Src/main.o
 .debug_macro   0x000000000001fc94       0x58 Src/main.o
 .debug_macro   0x000000000001fcec       0x1f Src/main.o
 .debug_macro   0x000000000001fd0b       0x43 Src/main.o
 .debug_macro   0x000000000001fd4e       0x20 Src/main.o
 .debug_macro   0x000000000001fd6e      0x18e Src/main.o
 .debug_macro   0x000000000001fefc      0x32a Src/main.o
 .debug_macro   0x0000000000020226       0x16 Src/main.o
 .debug_macro   0x000000000002023c       0x29 Src/main.o
 .debug_macro   0x0000000000020265       0x16 Src/main.o
 .debug_macro   0x000000000002027b       0x35 Src/main.o
 .debug_macro   0x00000000000202b0      0x478 Src/main.o
 .debug_macro   0x0000000000020728      0x233 Src/motor_control.o
 .debug_macro   0x000000000002095b      0x23d Src/stm32f7xx_it.o
 .debug_macro   0x0000000000020b98      0x243 Src/syscalls.o
 .debug_macro   0x0000000000020ddb       0x58 Src/syscalls.o
 .debug_macro   0x0000000000020e33       0x94 Src/syscalls.o
 .debug_macro   0x0000000000020ec7       0x57 Src/syscalls.o
 .debug_macro   0x0000000000020f1e      0x174 Src/syscalls.o
 .debug_macro   0x0000000000021092      0x330 Src/syscalls.o
 .debug_macro   0x00000000000213c2       0x10 Src/syscalls.o
 .debug_macro   0x00000000000213d2       0x10 Src/syscalls.o
 .debug_macro   0x00000000000213e2       0x10 Src/syscalls.o
 .debug_macro   0x00000000000213f2       0x10 Src/syscalls.o
 .debug_macro   0x0000000000021402       0x1c Src/syscalls.o
 .debug_macro   0x000000000002141e       0x52 Src/syscalls.o
 .debug_macro   0x0000000000021470       0x40 Src/syscalls.o
 .debug_macro   0x00000000000214b0       0x10 Src/syscalls.o
 .debug_macro   0x00000000000214c0       0x40 Src/syscalls.o
 .debug_macro   0x0000000000021500       0xd7 Src/syscalls.o
 .debug_macro   0x00000000000215d7       0x1c Src/syscalls.o
 .debug_macro   0x00000000000215f3       0x3d Src/syscalls.o
 .debug_macro   0x0000000000021630       0x35 Src/syscalls.o
 .debug_macro   0x0000000000021665      0x122 Src/syscalls.o
 .debug_macro   0x0000000000021787       0x10 Src/syscalls.o
 .debug_macro   0x0000000000021797      0x241 Src/syscalls.o
 .debug_macro   0x00000000000219d8       0x1c Src/syscalls.o
 .debug_macro   0x00000000000219f4       0x10 Src/syscalls.o
 .debug_macro   0x0000000000021a04       0x10 Src/syscalls.o
 .debug_macro   0x0000000000021a14       0x16 Src/syscalls.o
 .debug_macro   0x0000000000021a2a      0x16f Src/syscalls.o
 .debug_macro   0x0000000000021b99      0x189 Src/syscalls.o
 .debug_macro   0x0000000000021d22       0x16 Src/syscalls.o
 .debug_macro   0x0000000000021d38       0x88 Src/syscalls.o
 .debug_macro   0x0000000000021dc0       0xd2 Src/system_stm32f7xx.o
 .debug_macro   0x0000000000021e92      0x233 Src/test_functions.o

.debug_line     0x0000000000000000     0x57dc
 .debug_line    0x0000000000000000      0x659 Drivers/STM32F7xx_HAL_Driver/Src/stm32f7xx_ll_adc.o
 .debug_line    0x0000000000000659      0x68c Drivers/STM32F7xx_HAL_Driver/Src/stm32f7xx_ll_gpio.o
 .debug_line    0x0000000000000ce5      0xe0b Drivers/STM32F7xx_HAL_Driver/Src/stm32f7xx_ll_rcc.o
 .debug_line    0x0000000000001af0      0x657 Drivers/STM32F7xx_HAL_Driver/Src/stm32f7xx_ll_usart.o
 .debug_line    0x0000000000002147      0x719 Drivers/STM32F7xx_HAL_Driver/Src/stm32f7xx_ll_utils.o
 .debug_line    0x0000000000002860      0xa33 Src/main.o
 .debug_line    0x0000000000003293      0xaba Src/motor_control.o
 .debug_line    0x0000000000003d4d      0x763 Src/stm32f7xx_it.o
 .debug_line    0x00000000000044b0      0x609 Src/syscalls.o
 .debug_line    0x0000000000004ab9      0x467 Src/system_stm32f7xx.o
 .debug_line    0x0000000000004f20      0x83d Src/test_functions.o
 .debug_line    0x000000000000575d       0x7f startup/startup_stm32f767xx.o

.debug_str      0x0000000000000000    0xc2d0a
 .debug_str     0x0000000000000000    0xaaa5e Drivers/STM32F7xx_HAL_Driver/Src/stm32f7xx_ll_adc.o
                                      0xaac47 (size before relaxing)
 .debug_str     0x00000000000aaa5e      0xe45 Drivers/STM32F7xx_HAL_Driver/Src/stm32f7xx_ll_gpio.o
                                      0xa1892 (size before relaxing)
 .debug_str     0x00000000000ab8a3     0x8c7e Drivers/STM32F7xx_HAL_Driver/Src/stm32f7xx_ll_rcc.o
                                      0xa8650 (size before relaxing)
 .debug_str     0x00000000000b4521     0x18eb Drivers/STM32F7xx_HAL_Driver/Src/stm32f7xx_ll_usart.o
                                      0xaa12f (size before relaxing)
 .debug_str     0x00000000000b5e0c     0x3238 Drivers/STM32F7xx_HAL_Driver/Src/stm32f7xx_ll_utils.o
                                      0xaaa69 (size before relaxing)
 .debug_str     0x00000000000b9044     0x728f Src/main.o
                                      0xbae69 (size before relaxing)
 .debug_str     0x00000000000c02d3      0x2f0 Src/motor_control.o
                                      0xb9fed (size before relaxing)
 .debug_str     0x00000000000c05c3      0x12e Src/stm32f7xx_it.o
                                      0xb9d4d (size before relaxing)
 .debug_str     0x00000000000c06f1     0x23a7 Src/syscalls.o
                                       0x86d7 (size before relaxing)
 .debug_str     0x00000000000c2a98       0x61 Src/system_stm32f7xx.o
                                      0x9fb12 (size before relaxing)
 .debug_str     0x00000000000c2af9      0x1e2 Src/test_functions.o
                                      0xb9f62 (size before relaxing)
 .debug_str     0x00000000000c2cdb       0x2f startup/startup_stm32f767xx.o
                                         0x68 (size before relaxing)

.comment        0x0000000000000000       0x7f
 .comment       0x0000000000000000       0x7f Drivers/STM32F7xx_HAL_Driver/Src/stm32f7xx_ll_adc.o
                                         0x80 (size before relaxing)
 .comment       0x000000000000007f       0x80 Drivers/STM32F7xx_HAL_Driver/Src/stm32f7xx_ll_gpio.o
 .comment       0x000000000000007f       0x80 Drivers/STM32F7xx_HAL_Driver/Src/stm32f7xx_ll_rcc.o
 .comment       0x000000000000007f       0x80 Drivers/STM32F7xx_HAL_Driver/Src/stm32f7xx_ll_usart.o
 .comment       0x000000000000007f       0x80 Drivers/STM32F7xx_HAL_Driver/Src/stm32f7xx_ll_utils.o
 .comment       0x000000000000007f       0x80 Src/main.o
 .comment       0x000000000000007f       0x80 Src/motor_control.o
 .comment       0x000000000000007f       0x80 Src/stm32f7xx_it.o
 .comment       0x000000000000007f       0x80 Src/syscalls.o
 .comment       0x000000000000007f       0x80 Src/system_stm32f7xx.o
 .comment       0x000000000000007f       0x80 Src/test_functions.o

.debug_frame    0x0000000000000000      0xc8c
 .debug_frame   0x0000000000000000       0xe8 Drivers/STM32F7xx_HAL_Driver/Src/stm32f7xx_ll_adc.o
 .debug_frame   0x00000000000000e8       0x58 Drivers/STM32F7xx_HAL_Driver/Src/stm32f7xx_ll_gpio.o
 .debug_frame   0x0000000000000140      0x248 Drivers/STM32F7xx_HAL_Driver/Src/stm32f7xx_ll_rcc.o
 .debug_frame   0x0000000000000388       0x78 Drivers/STM32F7xx_HAL_Driver/Src/stm32f7xx_ll_usart.o
 .debug_frame   0x0000000000000400       0xd4 Drivers/STM32F7xx_HAL_Driver/Src/stm32f7xx_ll_utils.o
 .debug_frame   0x00000000000004d4      0x130 Src/main.o
 .debug_frame   0x0000000000000604      0x148 Src/motor_control.o
 .debug_frame   0x000000000000074c       0xc8 Src/stm32f7xx_it.o
 .debug_frame   0x0000000000000814      0x1a8 Src/syscalls.o
 .debug_frame   0x00000000000009bc       0x3c Src/system_stm32f7xx.o
 .debug_frame   0x00000000000009f8       0xfc Src/test_functions.o
 .debug_frame   0x0000000000000af4       0x20 /home/cartogan/Ac6/SystemWorkbench/plugins/fr.ac6.mcu.externaltools.arm-none.linux64_1.17.0.201812190825/tools/compiler/bin/../lib/gcc/arm-none-eabi/7.3.1/../../../../arm-none-eabi/lib/thumb/v7e-m/fpv5/hard/libc_nano.a(lib_a-errno.o)
 .debug_frame   0x0000000000000b14       0x2c /home/cartogan/Ac6/SystemWorkbench/plugins/fr.ac6.mcu.externaltools.arm-none.linux64_1.17.0.201812190825/tools/compiler/bin/../lib/gcc/arm-none-eabi/7.3.1/../../../../arm-none-eabi/lib/thumb/v7e-m/fpv5/hard/libc_nano.a(lib_a-init.o)
 .debug_frame   0x0000000000000b40       0x30 /home/cartogan/Ac6/SystemWorkbench/plugins/fr.ac6.mcu.externaltools.arm-none.linux64_1.17.0.201812190825/tools/compiler/bin/../lib/gcc/arm-none-eabi/7.3.1/../../../../arm-none-eabi/lib/thumb/v7e-m/fpv5/hard/libc_nano.a(lib_a-malloc.o)
 .debug_frame   0x0000000000000b70       0x38 /home/cartogan/Ac6/SystemWorkbench/plugins/fr.ac6.mcu.externaltools.arm-none.linux64_1.17.0.201812190825/tools/compiler/bin/../lib/gcc/arm-none-eabi/7.3.1/../../../../arm-none-eabi/lib/thumb/v7e-m/fpv5/hard/libc_nano.a(lib_a-nano-freer.o)
 .debug_frame   0x0000000000000ba8       0x2c /home/cartogan/Ac6/SystemWorkbench/plugins/fr.ac6.mcu.externaltools.arm-none.linux64_1.17.0.201812190825/tools/compiler/bin/../lib/gcc/arm-none-eabi/7.3.1/../../../../arm-none-eabi/lib/thumb/v7e-m/fpv5/hard/libc_nano.a(lib_a-nano-mallocr.o)
 .debug_frame   0x0000000000000bd4       0x2c /home/cartogan/Ac6/SystemWorkbench/plugins/fr.ac6.mcu.externaltools.arm-none.linux64_1.17.0.201812190825/tools/compiler/bin/../lib/gcc/arm-none-eabi/7.3.1/../../../../arm-none-eabi/lib/thumb/v7e-m/fpv5/hard/libc_nano.a(lib_a-sbrkr.o)
 .debug_frame   0x0000000000000c00       0x30 /home/cartogan/Ac6/SystemWorkbench/plugins/fr.ac6.mcu.externaltools.arm-none.linux64_1.17.0.201812190825/tools/compiler/bin/../lib/gcc/arm-none-eabi/7.3.1/../../../../arm-none-eabi/lib/thumb/v7e-m/fpv5/hard/libc_nano.a(lib_a-mlock.o)
 .debug_frame   0x0000000000000c30       0x5c /home/cartogan/Ac6/SystemWorkbench/plugins/fr.ac6.mcu.externaltools.arm-none.linux64_1.17.0.201812190825/tools/compiler/bin/../lib/gcc/arm-none-eabi/7.3.1/../../../../arm-none-eabi/lib/thumb/v7e-m/fpv5/hard/libc_nano.a(lib_a-reent.o)
