Archive member included to satisfy reference by file (symbol)

/home/cartogan/Ac6/SystemWorkbench/plugins/fr.ac6.mcu.externaltools.arm-none.linux64_1.15.0.201708311556/tools/compiler/bin/../lib/gcc/arm-none-eabi/6.3.1/../../../../arm-none-eabi/lib/thumb/v7e-m/fpv4-sp/hard/libc.a(lib_a-errno.o)
                              src/syscalls.o (__errno)
/home/cartogan/Ac6/SystemWorkbench/plugins/fr.ac6.mcu.externaltools.arm-none.linux64_1.15.0.201708311556/tools/compiler/bin/../lib/gcc/arm-none-eabi/6.3.1/../../../../arm-none-eabi/lib/thumb/v7e-m/fpv4-sp/hard/libc.a(lib_a-exit.o)
                              /home/cartogan/Ac6/SystemWorkbench/plugins/fr.ac6.mcu.externaltools.arm-none.linux64_1.15.0.201708311556/tools/compiler/bin/../lib/gcc/arm-none-eabi/6.3.1/../../../../arm-none-eabi/lib/thumb/v7e-m/fpv4-sp/hard/crt0.o (exit)
/home/cartogan/Ac6/SystemWorkbench/plugins/fr.ac6.mcu.externaltools.arm-none.linux64_1.15.0.201708311556/tools/compiler/bin/../lib/gcc/arm-none-eabi/6.3.1/../../../../arm-none-eabi/lib/thumb/v7e-m/fpv4-sp/hard/libc.a(lib_a-impure.o)
                              /home/cartogan/Ac6/SystemWorkbench/plugins/fr.ac6.mcu.externaltools.arm-none.linux64_1.15.0.201708311556/tools/compiler/bin/../lib/gcc/arm-none-eabi/6.3.1/../../../../arm-none-eabi/lib/thumb/v7e-m/fpv4-sp/hard/libc.a(lib_a-exit.o) (_global_impure_ptr)
/home/cartogan/Ac6/SystemWorkbench/plugins/fr.ac6.mcu.externaltools.arm-none.linux64_1.15.0.201708311556/tools/compiler/bin/../lib/gcc/arm-none-eabi/6.3.1/../../../../arm-none-eabi/lib/thumb/v7e-m/fpv4-sp/hard/libc.a(lib_a-init.o)
                              /home/cartogan/Ac6/SystemWorkbench/plugins/fr.ac6.mcu.externaltools.arm-none.linux64_1.15.0.201708311556/tools/compiler/bin/../lib/gcc/arm-none-eabi/6.3.1/../../../../arm-none-eabi/lib/thumb/v7e-m/fpv4-sp/hard/crt0.o (__libc_init_array)
/home/cartogan/Ac6/SystemWorkbench/plugins/fr.ac6.mcu.externaltools.arm-none.linux64_1.15.0.201708311556/tools/compiler/bin/../lib/gcc/arm-none-eabi/6.3.1/../../../../arm-none-eabi/lib/thumb/v7e-m/fpv4-sp/hard/libc.a(lib_a-malloc.o)
                              src/motor_control.o (malloc)
/home/cartogan/Ac6/SystemWorkbench/plugins/fr.ac6.mcu.externaltools.arm-none.linux64_1.15.0.201708311556/tools/compiler/bin/../lib/gcc/arm-none-eabi/6.3.1/../../../../arm-none-eabi/lib/thumb/v7e-m/fpv4-sp/hard/libc.a(lib_a-mallocr.o)
                              /home/cartogan/Ac6/SystemWorkbench/plugins/fr.ac6.mcu.externaltools.arm-none.linux64_1.15.0.201708311556/tools/compiler/bin/../lib/gcc/arm-none-eabi/6.3.1/../../../../arm-none-eabi/lib/thumb/v7e-m/fpv4-sp/hard/libc.a(lib_a-malloc.o) (_malloc_r)
/home/cartogan/Ac6/SystemWorkbench/plugins/fr.ac6.mcu.externaltools.arm-none.linux64_1.15.0.201708311556/tools/compiler/bin/../lib/gcc/arm-none-eabi/6.3.1/../../../../arm-none-eabi/lib/thumb/v7e-m/fpv4-sp/hard/libc.a(lib_a-memset.o)
                              /home/cartogan/Ac6/SystemWorkbench/plugins/fr.ac6.mcu.externaltools.arm-none.linux64_1.15.0.201708311556/tools/compiler/bin/../lib/gcc/arm-none-eabi/6.3.1/../../../../arm-none-eabi/lib/thumb/v7e-m/fpv4-sp/hard/crt0.o (memset)
/home/cartogan/Ac6/SystemWorkbench/plugins/fr.ac6.mcu.externaltools.arm-none.linux64_1.15.0.201708311556/tools/compiler/bin/../lib/gcc/arm-none-eabi/6.3.1/../../../../arm-none-eabi/lib/thumb/v7e-m/fpv4-sp/hard/libc.a(lib_a-mlock.o)
                              /home/cartogan/Ac6/SystemWorkbench/plugins/fr.ac6.mcu.externaltools.arm-none.linux64_1.15.0.201708311556/tools/compiler/bin/../lib/gcc/arm-none-eabi/6.3.1/../../../../arm-none-eabi/lib/thumb/v7e-m/fpv4-sp/hard/libc.a(lib_a-mallocr.o) (__malloc_lock)
/home/cartogan/Ac6/SystemWorkbench/plugins/fr.ac6.mcu.externaltools.arm-none.linux64_1.15.0.201708311556/tools/compiler/bin/../lib/gcc/arm-none-eabi/6.3.1/../../../../arm-none-eabi/lib/thumb/v7e-m/fpv4-sp/hard/libc.a(lib_a-sbrkr.o)
                              /home/cartogan/Ac6/SystemWorkbench/plugins/fr.ac6.mcu.externaltools.arm-none.linux64_1.15.0.201708311556/tools/compiler/bin/../lib/gcc/arm-none-eabi/6.3.1/../../../../arm-none-eabi/lib/thumb/v7e-m/fpv4-sp/hard/libc.a(lib_a-mallocr.o) (_sbrk_r)
/home/cartogan/Ac6/SystemWorkbench/plugins/fr.ac6.mcu.externaltools.arm-none.linux64_1.15.0.201708311556/tools/compiler/bin/../lib/gcc/arm-none-eabi/6.3.1/../../../../arm-none-eabi/lib/thumb/v7e-m/fpv4-sp/hard/libc.a(lib_a-strcmp.o)
                              src/test_functions.o (strcmp)
/home/cartogan/Ac6/SystemWorkbench/plugins/fr.ac6.mcu.externaltools.arm-none.linux64_1.15.0.201708311556/tools/compiler/bin/../lib/gcc/arm-none-eabi/6.3.1/../../../../arm-none-eabi/lib/thumb/v7e-m/fpv4-sp/hard/libc.a(lib_a-strlen.o)
                              src/test_functions.o (strlen)
/home/cartogan/Ac6/SystemWorkbench/plugins/fr.ac6.mcu.externaltools.arm-none.linux64_1.15.0.201708311556/tools/compiler/bin/../lib/gcc/arm-none-eabi/6.3.1/../../../../arm-none-eabi/lib/thumb/v7e-m/fpv4-sp/hard/libc.a(lib_a-__call_atexit.o)
[...]
Memory Configuration

Name             Origin             Length             Attributes
FLASH            0x0000000008000000 0x0000000000100000 xr
RAM              0x0000000020000000 0x0000000000018000 xrw
*default*        0x0000000000000000 0xffffffffffffffff

Linker script and memory map

LOAD /home/cartogan/Ac6/SystemWorkbench/plugins/fr.ac6.mcu.externaltools.arm-none.linux64_1.15.0.201708311556/tools/compiler/bin/../lib/gcc/arm-none-eabi/6.3.1/thumb/v7e-m/fpv4-sp/hard/crti.o
LOAD /home/cartogan/Ac6/SystemWorkbench/plugins/fr.ac6.mcu.externaltools.arm-none.linux64_1.15.0.201708311556/tools/compiler/bin/../lib/gcc/arm-none-eabi/6.3.1/thumb/v7e-m/fpv4-sp/hard/crtbegin.o
LOAD /home/cartogan/Ac6/SystemWorkbench/plugins/fr.ac6.mcu.externaltools.arm-none.linux64_1.15.0.201708311556/tools/compiler/bin/../lib/gcc/arm-none-eabi/6.3.1/../../../../arm-none-eabi/lib/thumb/v7e-m/fpv4-sp/hard/crt0.o
LOAD HAL_Driver/Src/stm32l4xx_hal.o
LOAD HAL_Driver/Src/stm32l4xx_hal_cortex.o
LOAD HAL_Driver/Src/stm32l4xx_hal_dma.o
LOAD HAL_Driver/Src/stm32l4xx_hal_dma2d.o
LOAD HAL_Driver/Src/stm32l4xx_hal_flash.o
LOAD HAL_Driver/Src/stm32l4xx_hal_flash_ex.o
LOAD HAL_Driver/Src/stm32l4xx_hal_flash_ramfunc.o
LOAD HAL_Driver/Src/stm32l4xx_hal_gpio.o
LOAD HAL_Driver/Src/stm32l4xx_hal_pwr.o
LOAD HAL_Driver/Src/stm32l4xx_hal_pwr_ex.o
LOAD HAL_Driver/Src/stm32l4xx_hal_rcc.o
LOAD HAL_Driver/Src/stm32l4xx_hal_rcc_ex.o
LOAD HAL_Driver/Src/stm32l4xx_hal_tim.o
LOAD HAL_Driver/Src/stm32l4xx_hal_tim_ex.o
LOAD HAL_Driver/Src/stm32l4xx_hal_timebase_tim_template.o
LOAD HAL_Driver/Src/stm32l4xx_ll_adc.o
LOAD HAL_Driver/Src/stm32l4xx_ll_comp.o
LOAD HAL_Driver/Src/stm32l4xx_ll_crc.o
LOAD HAL_Driver/Src/stm32l4xx_ll_crs.o
LOAD HAL_Driver/Src/stm32l4xx_ll_dac.o
LOAD HAL_Driver/Src/stm32l4xx_ll_dma.o
LOAD HAL_Driver/Src/stm32l4xx_ll_dma2d.o
LOAD HAL_Driver/Src/stm32l4xx_ll_exti.o
LOAD HAL_Driver/Src/stm32l4xx_ll_fmc.o
LOAD HAL_Driver/Src/stm32l4xx_ll_gpio.o
LOAD HAL_Driver/Src/stm32l4xx_ll_i2c.o
LOAD HAL_Driver/Src/stm32l4xx_ll_lptim.o
LOAD HAL_Driver/Src/stm32l4xx_ll_lpuart.o
LOAD HAL_Driver/Src/stm32l4xx_ll_opamp.o
LOAD HAL_Driver/Src/stm32l4xx_ll_pwr.o
LOAD HAL_Driver/Src/stm32l4xx_ll_rcc.o
LOAD HAL_Driver/Src/stm32l4xx_ll_rng.o
LOAD HAL_Driver/Src/stm32l4xx_ll_rtc.o
LOAD HAL_Driver/Src/stm32l4xx_ll_sdmmc.o
LOAD HAL_Driver/Src/stm32l4xx_ll_spi.o
LOAD HAL_Driver/Src/stm32l4xx_ll_swpmi.o
LOAD HAL_Driver/Src/stm32l4xx_ll_tim.o
LOAD HAL_Driver/Src/stm32l4xx_ll_usart.o
LOAD HAL_Driver/Src/stm32l4xx_ll_usb.o
LOAD HAL_Driver/Src/stm32l4xx_ll_utils.o
LOAD Utilities/STM32L4xx_Nucleo/stm32l4xx_nucleo.o
LOAD src/main.o
LOAD src/motor_control.o
LOAD src/stm32l4xx_it.o
LOAD src/syscalls.o
LOAD src/system_stm32l4xx.o
LOAD src/test_functions.o
LOAD startup/startup_stm32l476xx.o
LOAD /home/cartogan/Ac6/SystemWorkbench/plugins/fr.ac6.mcu.externaltools.arm-none.linux64_1.15.0.201708311556/tools/compiler/bin/../lib/gcc/arm-none-eabi/6.3.1/../../../../arm-none-eabi/lib/thumb/v7e-m/fpv4-sp/hard/libm.a
START GROUP
LOAD /home/cartogan/Ac6/SystemWorkbench/plugins/fr.ac6.mcu.externaltools.arm-none.linux64_1.15.0.201708311556/tools/compiler/bin/../lib/gcc/arm-none-eabi/6.3.1/thumb/v7e-m/fpv4-sp/hard/libgcc.a
LOAD /home/cartogan/Ac6/SystemWorkbench/plugins/fr.ac6.mcu.externaltools.arm-none.linux64_1.15.0.201708311556/tools/compiler/bin/../lib/gcc/arm-none-eabi/6.3.1/../../../../arm-none-eabi/lib/thumb/v7e-m/fpv4-sp/hard/libc.a
END GROUP
LOAD /home/cartogan/Ac6/SystemWorkbench/plugins/fr.ac6.mcu.externaltools.arm-none.linux64_1.15.0.201708311556/tools/compiler/bin/../lib/gcc/arm-none-eabi/6.3.1/thumb/v7e-m/fpv4-sp/hard/crtend.o
LOAD /home/cartogan/Ac6/SystemWorkbench/plugins/fr.ac6.mcu.externaltools.arm-none.linux64_1.15.0.201708311556/tools/compiler/bin/../lib/gcc/arm-none-eabi/6.3.1/thumb/v7e-m/fpv4-sp/hard/crtn.o
                0x0000000020018000                _estack = 0x20018000
                0x0000000000000200                _Min_Heap_Size = 0x200
                0x0000000000000400                _Min_Stack_Size = 0x400

.isr_vector     0x0000000008000000      0x188
                0x0000000008000000                . = ALIGN (0x8)
 *(.isr_vector)
 .isr_vector    0x0000000008000000      0x188 startup/startup_stm32l476xx.o
                0x0000000008000000                g_pfnVectors
                0x0000000008000188                . = ALIGN (0x8)

.text           0x0000000008000188     0x1248
                0x0000000008000188                . = ALIGN (0x8)
 *(.text)
 .text          0x0000000008000188       0x6c /home/cartogan/Ac6/SystemWorkbench/plugins/fr.ac6.mcu.externaltools.arm-none.linux64_1.15.0.201708311556/tools/compiler/bin/../lib/gcc/arm-none-eabi/6.3.1/thumb/v7e-m/fpv4-sp/hard/crtbegin.o
 *(.text*)
 .text.HAL_IncTick
                0x00000000080001f4       0x1c HAL_Driver/Src/stm32l4xx_hal.o
                0x00000000080001f4                HAL_IncTick
 .text.HAL_SYSTICK_IRQHandler
                0x0000000008000210        0xc HAL_Driver/Src/stm32l4xx_hal_cortex.o
                0x0000000008000210                HAL_SYSTICK_IRQHandler
 .text.HAL_SYSTICK_Callback
                0x000000000800021c        0xe HAL_Driver/Src/stm32l4xx_hal_cortex.o
                0x000000000800021c                HAL_SYSTICK_Callback
 .text.HAL_TIM_IRQHandler
                0x000000000800022a      0x210 HAL_Driver/Src/stm32l4xx_hal_tim.o
                0x000000000800022a                HAL_TIM_IRQHandler
 .text.HAL_TIM_OC_DelayElapsedCallback
                0x000000000800043a       0x14 HAL_Driver/Src/stm32l4xx_hal_tim.o
                0x000000000800043a                HAL_TIM_OC_DelayElapsedCallback
 .text.HAL_TIM_IC_CaptureCallback
                0x000000000800044e       0x14 HAL_Driver/Src/stm32l4xx_hal_tim.o
                0x000000000800044e                HAL_TIM_IC_CaptureCallback
 .text.HAL_TIM_PWM_PulseFinishedCallback
                0x0000000008000462       0x14 HAL_Driver/Src/stm32l4xx_hal_tim.o
                0x0000000008000462                HAL_TIM_PWM_PulseFinishedCallback
 .text.HAL_TIM_TriggerCallback
                0x0000000008000476       0x14 HAL_Driver/Src/stm32l4xx_hal_tim.o
                0x0000000008000476                HAL_TIM_TriggerCallback
 .text.HAL_TIMEx_CommutationCallback
                0x000000000800048a       0x14 HAL_Driver/Src/stm32l4xx_hal_tim_ex.o
                0x000000000800048a                HAL_TIMEx_CommutationCallback
 .text.HAL_TIMEx_BreakCallback
                0x000000000800049e       0x14 HAL_Driver/Src/stm32l4xx_hal_tim_ex.o
                0x000000000800049e                HAL_TIMEx_BreakCallback
 .text.HAL_TIM_PeriodElapsedCallback
                0x00000000080004b2       0x14 HAL_Driver/Src/stm32l4xx_hal_timebase_tim_template.o
                0x00000000080004b2                HAL_TIM_PeriodElapsedCallback
 *fill*         0x00000000080004c6        0x2 
 .text.TIM6_DAC_IRQHandler
                0x00000000080004c8       0x14 HAL_Driver/Src/stm32l4xx_hal_timebase_tim_template.o
                0x00000000080004c8                TIM6_DAC_IRQHandler
 .text.main     0x00000000080004dc        0x6 src/main.o
                0x00000000080004dc                main
 .text.LL_USART_ReceiveData9
                0x00000000080004e2       0x20 src/motor_control.o
 .text.LL_GPIO_SetOutputPin
                0x0000000008000502       0x1c src/motor_control.o
 .text.LL_GPIO_ResetOutputPin
                0x000000000800051e       0x1c src/motor_control.o
 *fill*         0x000000000800053a        0x2 
 .text.set_addr
                0x000000000800053c       0x64 src/motor_control.o
                0x000000000800053c                set_addr
 .text.stop_motor
                0x00000000080005a0       0x70 src/motor_control.o
                0x00000000080005a0                stop_motor
 .text.read_cmd
                0x0000000008000610      0x1a0 src/motor_control.o
                0x0000000008000610                read_cmd
 .text.LL_USART_IsActiveFlag_RXNE
                0x00000000080007b0       0x26 src/stm32l4xx_it.o
 .text.SysTick_Handler
                0x00000000080007d6       0x10 src/stm32l4xx_it.o
                0x00000000080007d6                SysTick_Handler
 *fill*         0x00000000080007e6        0x2 
 .text.USART1_IRQHandler
                0x00000000080007e8       0x1c src/stm32l4xx_it.o
                0x00000000080007e8                USART1_IRQHandler
 .text.DMA1_Channel1_IRQHandler
                0x0000000008000804        0xe src/stm32l4xx_it.o
                0x0000000008000804                DMA1_Channel1_IRQHandler
 *fill*         0x0000000008000812        0x2 
 .text._sbrk    0x0000000008000814       0x58 src/syscalls.o
                0x0000000008000814                _sbrk
 .text.SystemInit
                0x000000000800086c       0x6c src/system_stm32l4xx.o
                0x000000000800086c                SystemInit
 .text.DWT_Delay
                0x00000000080008d8       0x4c src/test_functions.o
                0x00000000080008d8                DWT_Delay
 .text.Reset_Handler
                0x0000000008000924       0x50 startup/startup_stm32l476xx.o
                0x0000000008000924                Reset_Handler
 .text.Default_Handler
                0x0000000008000974        0x2 startup/startup_stm32l476xx.o
                0x0000000008000974                RTC_Alarm_IRQHandler
                0x0000000008000974                EXTI2_IRQHandler
                0x0000000008000974                TIM8_TRG_COM_IRQHandler
                0x0000000008000974                TIM8_CC_IRQHandler
                0x0000000008000974                DebugMon_Handler
                0x0000000008000974                TIM1_CC_IRQHandler
                0x0000000008000974                TSC_IRQHandler
                0x0000000008000974                HardFault_Handler
                0x0000000008000974                TAMP_STAMP_IRQHandler
                0x0000000008000974                PendSV_Handler
                0x0000000008000974                NMI_Handler
                0x0000000008000974                EXTI3_IRQHandler
                0x0000000008000974                LPTIM2_IRQHandler
                0x0000000008000974                DFSDM1_FLT1_IRQHandler
                0x0000000008000974                I2C3_ER_IRQHandler
                0x0000000008000974                DFSDM1_FLT2_IRQHandler
                0x0000000008000974                EXTI0_IRQHandler
                0x0000000008000974                I2C2_EV_IRQHandler
                0x0000000008000974                CAN1_RX0_IRQHandler
                0x0000000008000974                FPU_IRQHandler
                0x0000000008000974                TIM1_UP_TIM16_IRQHandler
                0x0000000008000974                UsageFault_Handler
                0x0000000008000974                ADC1_2_IRQHandler
                0x0000000008000974                SPI1_IRQHandler
                0x0000000008000974                TIM8_UP_IRQHandler
                0x0000000008000974                DMA2_Channel2_IRQHandler
                0x0000000008000974                DMA1_Channel4_IRQHandler
                0x0000000008000974                SAI2_IRQHandler
                0x0000000008000974                DFSDM1_FLT3_IRQHandler
                0x0000000008000974                USART3_IRQHandler
                0x0000000008000974                DMA1_Channel7_IRQHandler
                0x0000000008000974                CAN1_RX1_IRQHandler
                0x0000000008000974                LCD_IRQHandler
                0x0000000008000974                UART5_IRQHandler
                0x0000000008000974                ADC3_IRQHandler
                0x0000000008000974                TIM4_IRQHandler
                0x0000000008000974                DMA2_Channel1_IRQHandler
                0x0000000008000974                QUADSPI_IRQHandler
                0x0000000008000974                I2C1_EV_IRQHandler
                0x0000000008000974                DMA1_Channel6_IRQHandler
                0x0000000008000974                UART4_IRQHandler
                0x0000000008000974                DMA2_Channel4_IRQHandler
                0x0000000008000974                TIM3_IRQHandler
                0x0000000008000974                RCC_IRQHandler
                0x0000000008000974                Default_Handler
                0x0000000008000974                DMA2_Channel7_IRQHandler
                0x0000000008000974                EXTI15_10_IRQHandler
                0x0000000008000974                TIM7_IRQHandler
                0x0000000008000974                SDMMC1_IRQHandler
                0x0000000008000974                TIM5_IRQHandler
                0x0000000008000974                I2C3_EV_IRQHandler
                0x0000000008000974                EXTI9_5_IRQHandler
                0x0000000008000974                RTC_WKUP_IRQHandler
                0x0000000008000974                PVD_PVM_IRQHandler
                0x0000000008000974                SPI2_IRQHandler
                0x0000000008000974                MemManage_Handler
                0x0000000008000974                CAN1_TX_IRQHandler
                0x0000000008000974                SVC_Handler
                0x0000000008000974                DMA2_Channel5_IRQHandler
                0x0000000008000974                DMA1_Channel5_IRQHandler
                0x0000000008000974                EXTI4_IRQHandler
                0x0000000008000974                RNG_IRQHandler
                0x0000000008000974                TIM1_TRG_COM_TIM17_IRQHandler
                0x0000000008000974                DMA1_Channel3_IRQHandler
                0x0000000008000974                COMP_IRQHandler
                0x0000000008000974                WWDG_IRQHandler
                0x0000000008000974                LPUART1_IRQHandler
                0x0000000008000974                DMA2_Channel6_IRQHandler
                0x0000000008000974                TIM2_IRQHandler
                0x0000000008000974                EXTI1_IRQHandler
                0x0000000008000974                USART2_IRQHandler
                0x0000000008000974                DFSDM1_FLT0_IRQHandler
                0x0000000008000974                I2C2_ER_IRQHandler
                0x0000000008000974                DMA1_Channel2_IRQHandler
                0x0000000008000974                TIM8_BRK_IRQHandler
                0x0000000008000974                CAN1_SCE_IRQHandler
                0x0000000008000974                FLASH_IRQHandler
                0x0000000008000974                BusFault_Handler
                0x0000000008000974                OTG_FS_IRQHandler
                0x0000000008000974                SPI3_IRQHandler
                0x0000000008000974                I2C1_ER_IRQHandler
                0x0000000008000974                FMC_IRQHandler
                0x0000000008000974                SWPMI1_IRQHandler
                0x0000000008000974                LPTIM1_IRQHandler
                0x0000000008000974                SAI1_IRQHandler
                0x0000000008000974                DMA2_Channel3_IRQHandler
                0x0000000008000974                TIM1_BRK_TIM15_IRQHandler
 *fill*         0x0000000008000976        0x2 
 .text.__errno  0x0000000008000978        0xc /home/cartogan/Ac6/SystemWorkbench/plugins/fr.ac6.mcu.externaltools.arm-none.linux64_1.15.0.201708311556/tools/compiler/bin/../lib/gcc/arm-none-eabi/6.3.1/../../../../arm-none-eabi/lib/thumb/v7e-m/fpv4-sp/hard/libc.a(lib_a-errno.o)
                0x0000000008000978                __errno
 .text.__libc_init_array
                0x0000000008000984       0x50 /home/cartogan/Ac6/SystemWorkbench/plugins/fr.ac6.mcu.externaltools.arm-none.linux64_1.15.0.201708311556/tools/compiler/bin/../lib/gcc/arm-none-eabi/6.3.1/../../../../arm-none-eabi/lib/thumb/v7e-m/fpv4-sp/hard/libc.a(lib_a-init.o)
                0x0000000008000984                __libc_init_array
 .text.malloc   0x00000000080009d4       0x10 /home/cartogan/Ac6/SystemWorkbench/plugins/fr.ac6.mcu.externaltools.arm-none.linux64_1.15.0.201708311556/tools/compiler/bin/../lib/gcc/arm-none-eabi/6.3.1/../../../../arm-none-eabi/lib/thumb/v7e-m/fpv4-sp/hard/libc.a(lib_a-malloc.o)
                0x00000000080009d4                malloc
 .text.free     0x00000000080009e4       0x10 /home/cartogan/Ac6/SystemWorkbench/plugins/fr.ac6.mcu.externaltools.arm-none.linux64_1.15.0.201708311556/tools/compiler/bin/../lib/gcc/arm-none-eabi/6.3.1/../../../../arm-none-eabi/lib/thumb/v7e-m/fpv4-sp/hard/libc.a(lib_a-malloc.o)
                0x00000000080009e4                free
 .text._malloc_r
                0x00000000080009f4      0x560 /home/cartogan/Ac6/SystemWorkbench/plugins/fr.ac6.mcu.externaltools.arm-none.linux64_1.15.0.201708311556/tools/compiler/bin/../lib/gcc/arm-none-eabi/6.3.1/../../../../arm-none-eabi/lib/thumb/v7e-m/fpv4-sp/hard/libc.a(lib_a-mallocr.o)
                0x00000000080009f4                _malloc_r
 .text.memset   0x0000000008000f54       0x9c /home/cartogan/Ac6/SystemWorkbench/plugins/fr.ac6.mcu.externaltools.arm-none.linux64_1.15.0.201708311556/tools/compiler/bin/../lib/gcc/arm-none-eabi/6.3.1/../../../../arm-none-eabi/lib/thumb/v7e-m/fpv4-sp/hard/libc.a(lib_a-memset.o)
                0x0000000008000f54                memset
 .text.__malloc_lock
                0x0000000008000ff0        0xc /home/cartogan/Ac6/SystemWorkbench/plugins/fr.ac6.mcu.externaltools.arm-none.linux64_1.15.0.201708311556/tools/compiler/bin/../lib/gcc/arm-none-eabi/6.3.1/../../../../arm-none-eabi/lib/thumb/v7e-m/fpv4-sp/hard/libc.a(lib_a-mlock.o)
                0x0000000008000ff0                __malloc_lock
 .text.__malloc_unlock
                0x0000000008000ffc        0xc /home/cartogan/Ac6/SystemWorkbench/plugins/fr.ac6.mcu.externaltools.arm-none.linux64_1.15.0.201708311556/tools/compiler/bin/../lib/gcc/arm-none-eabi/6.3.1/../../../../arm-none-eabi/lib/thumb/v7e-m/fpv4-sp/hard/libc.a(lib_a-mlock.o)
                0x0000000008000ffc                __malloc_unlock
 .text._sbrk_r  0x0000000008001008       0x24 /home/cartogan/Ac6/SystemWorkbench/plugins/fr.ac6.mcu.externaltools.arm-none.linux64_1.15.0.201708311556/tools/compiler/bin/../lib/gcc/arm-none-eabi/6.3.1/../../../../arm-none-eabi/lib/thumb/v7e-m/fpv4-sp/hard/libc.a(lib_a-sbrkr.o)
                0x0000000008001008                _sbrk_r
 .text.startup.register_fini
                0x000000000800102c       0x14 /home/cartogan/Ac6/SystemWorkbench/plugins/fr.ac6.mcu.externaltools.arm-none.linux64_1.15.0.201708311556/tools/compiler/bin/../lib/gcc/arm-none-eabi/6.3.1/../../../../arm-none-eabi/lib/thumb/v7e-m/fpv4-sp/hard/libc.a(lib_a-__call_atexit.o)
 .text.atexit   0x0000000008001040        0xc /home/cartogan/Ac6/SystemWorkbench/plugins/fr.ac6.mcu.externaltools.arm-none.linux64_1.15.0.201708311556/tools/compiler/bin/../lib/gcc/arm-none-eabi/6.3.1/../../../../arm-none-eabi/lib/thumb/v7e-m/fpv4-sp/hard/libc.a(lib_a-atexit.o)
                0x0000000008001040                atexit
 .text.__libc_fini_array
                0x000000000800104c       0x34 /home/cartogan/Ac6/SystemWorkbench/plugins/fr.ac6.mcu.externaltools.arm-none.linux64_1.15.0.201708311556/tools/compiler/bin/../lib/gcc/arm-none-eabi/6.3.1/../../../../arm-none-eabi/lib/thumb/v7e-m/fpv4-sp/hard/libc.a(lib_a-fini.o)
                0x000000000800104c                __libc_fini_array
 .text._malloc_trim_r
                0x0000000008001080       0xa0 /home/cartogan/Ac6/SystemWorkbench/plugins/fr.ac6.mcu.externaltools.arm-none.linux64_1.15.0.201708311556/tools/compiler/bin/../lib/gcc/arm-none-eabi/6.3.1/../../../../arm-none-eabi/lib/thumb/v7e-m/fpv4-sp/hard/libc.a(lib_a-freer.o)
                0x0000000008001080                _malloc_trim_r
 .text._free_r  0x0000000008001120      0x1cc /home/cartogan/Ac6/SystemWorkbench/plugins/fr.ac6.mcu.externaltools.arm-none.linux64_1.15.0.201708311556/tools/compiler/bin/../lib/gcc/arm-none-eabi/6.3.1/../../../../arm-none-eabi/lib/thumb/v7e-m/fpv4-sp/hard/libc.a(lib_a-freer.o)
                0x0000000008001120                _free_r
 .text.__retarget_lock_acquire_recursive
                0x00000000080012ec        0x4 /home/cartogan/Ac6/SystemWorkbench/plugins/fr.ac6.mcu.externaltools.arm-none.linux64_1.15.0.201708311556/tools/compiler/bin/../lib/gcc/arm-none-eabi/6.3.1/../../../../arm-none-eabi/lib/thumb/v7e-m/fpv4-sp/hard/libc.a(lib_a-lock.o)
                0x00000000080012ec                __retarget_lock_acquire_recursive
 .text.__retarget_lock_release_recursive
                0x00000000080012f0        0x4 /home/cartogan/Ac6/SystemWorkbench/plugins/fr.ac6.mcu.externaltools.arm-none.linux64_1.15.0.201708311556/tools/compiler/bin/../lib/gcc/arm-none-eabi/6.3.1/../../../../arm-none-eabi/lib/thumb/v7e-m/fpv4-sp/hard/libc.a(lib_a-lock.o)
                0x00000000080012f0                __retarget_lock_release_recursive
 .text.__register_exitproc
                0x00000000080012f4       0xc4 /home/cartogan/Ac6/SystemWorkbench/plugins/fr.ac6.mcu.externaltools.arm-none.linux64_1.15.0.201708311556/tools/compiler/bin/../lib/gcc/arm-none-eabi/6.3.1/../../../../arm-none-eabi/lib/thumb/v7e-m/fpv4-sp/hard/libc.a(lib_a-__atexit.o)
                0x00000000080012f4                __register_exitproc
 *(.glue_7)
 .glue_7        0x00000000080013b8        0x0 linker stubs
 *(.glue_7t)
 .glue_7t       0x00000000080013b8        0x0 linker stubs
 *(.eh_frame)
 .eh_frame      0x00000000080013b8        0x0 /home/cartogan/Ac6/SystemWorkbench/plugins/fr.ac6.mcu.externaltools.arm-none.linux64_1.15.0.201708311556/tools/compiler/bin/../lib/gcc/arm-none-eabi/6.3.1/thumb/v7e-m/fpv4-sp/hard/crtbegin.o
 *(.init)
 .init          0x00000000080013b8        0x4 /home/cartogan/Ac6/SystemWorkbench/plugins/fr.ac6.mcu.externaltools.arm-none.linux64_1.15.0.201708311556/tools/compiler/bin/../lib/gcc/arm-none-eabi/6.3.1/thumb/v7e-m/fpv4-sp/hard/crti.o
                0x00000000080013b8                _init
 .init          0x00000000080013bc        0x8 /home/cartogan/Ac6/SystemWorkbench/plugins/fr.ac6.mcu.externaltools.arm-none.linux64_1.15.0.201708311556/tools/compiler/bin/../lib/gcc/arm-none-eabi/6.3.1/thumb/v7e-m/fpv4-sp/hard/crtn.o
 *(.fini)
 .fini          0x00000000080013c4        0x4 /home/cartogan/Ac6/SystemWorkbench/plugins/fr.ac6.mcu.externaltools.arm-none.linux64_1.15.0.201708311556/tools/compiler/bin/../lib/gcc/arm-none-eabi/6.3.1/thumb/v7e-m/fpv4-sp/hard/crti.o
                0x00000000080013c4                _fini
 .fini          0x00000000080013c8        0x8 /home/cartogan/Ac6/SystemWorkbench/plugins/fr.ac6.mcu.externaltools.arm-none.linux64_1.15.0.201708311556/tools/compiler/bin/../lib/gcc/arm-none-eabi/6.3.1/thumb/v7e-m/fpv4-sp/hard/crtn.o
                0x00000000080013d0                . = ALIGN (0x8)
                0x00000000080013d0                _etext = .

.vfp11_veneer   0x00000000080013d0        0x0
 .vfp11_veneer  0x00000000080013d0        0x0 linker stubs

.v4_bx          0x00000000080013d0        0x0
 .v4_bx         0x00000000080013d0        0x0 linker stubs

.iplt           0x00000000080013d0        0x0
 .iplt          0x00000000080013d0        0x0 /home/cartogan/Ac6/SystemWorkbench/plugins/fr.ac6.mcu.externaltools.arm-none.linux64_1.15.0.201708311556/tools/compiler/bin/../lib/gcc/arm-none-eabi/6.3.1/thumb/v7e-m/fpv4-sp/hard/crtbegin.o

.rodata         0x00000000080013d0        0x8
                0x00000000080013d0                . = ALIGN (0x8)
 *(.rodata)
 *(.rodata*)
 .rodata._global_impure_ptr
                0x00000000080013d0        0x4 /home/cartogan/Ac6/SystemWorkbench/plugins/fr.ac6.mcu.externaltools.arm-none.linux64_1.15.0.201708311556/tools/compiler/bin/../lib/gcc/arm-none-eabi/6.3.1/../../../../arm-none-eabi/lib/thumb/v7e-m/fpv4-sp/hard/libc.a(lib_a-impure.o)
                0x00000000080013d0                _global_impure_ptr
                0x00000000080013d8                . = ALIGN (0x8)
 *fill*         0x00000000080013d4        0x4 

.rel.dyn        0x00000000080013d8        0x0
 .rel.iplt      0x00000000080013d8        0x0 /home/cartogan/Ac6/SystemWorkbench/plugins/fr.ac6.mcu.externaltools.arm-none.linux64_1.15.0.201708311556/tools/compiler/bin/../lib/gcc/arm-none-eabi/6.3.1/thumb/v7e-m/fpv4-sp/hard/crtbegin.o

.ARM.extab      0x00000000080013d8        0x0
                0x00000000080013d8                . = ALIGN (0x8)
 *(.ARM.extab* .gnu.linkonce.armextab.*)
                0x00000000080013d8                . = ALIGN (0x8)

.ARM            0x00000000080013d8        0x0
                0x00000000080013d8                . = ALIGN (0x8)
                0x00000000080013d8                __exidx_start = .
 *(.ARM.exidx*)
                0x00000000080013d8                __exidx_end = .
                0x00000000080013d8                . = ALIGN (0x8)

.preinit_array  0x00000000080013d8        0x0
                0x00000000080013d8                . = ALIGN (0x8)
                0x00000000080013d8                PROVIDE (__preinit_array_start, .)
 *(.preinit_array*)
                0x00000000080013d8                PROVIDE (__preinit_array_end, .)
                0x00000000080013d8                . = ALIGN (0x8)

.init_array     0x00000000080013d8        0x8
                0x00000000080013d8                . = ALIGN (0x8)
                0x00000000080013d8                PROVIDE (__init_array_start, .)
 *(SORT(.init_array.*))
 .init_array.00000
                0x00000000080013d8        0x4 /home/cartogan/Ac6/SystemWorkbench/plugins/fr.ac6.mcu.externaltools.arm-none.linux64_1.15.0.201708311556/tools/compiler/bin/../lib/gcc/arm-none-eabi/6.3.1/../../../../arm-none-eabi/lib/thumb/v7e-m/fpv4-sp/hard/libc.a(lib_a-__call_atexit.o)
 *(.init_array*)
 .init_array    0x00000000080013dc        0x4 /home/cartogan/Ac6/SystemWorkbench/plugins/fr.ac6.mcu.externaltools.arm-none.linux64_1.15.0.201708311556/tools/compiler/bin/../lib/gcc/arm-none-eabi/6.3.1/thumb/v7e-m/fpv4-sp/hard/crtbegin.o
                0x00000000080013e0                PROVIDE (__init_array_end, .)
                0x00000000080013e0                . = ALIGN (0x8)

.fini_array     0x00000000080013e0        0x8
                0x00000000080013e0                . = ALIGN (0x8)
                0x00000000080013e0                PROVIDE (__fini_array_start, .)
 *(SORT(.fini_array.*))
 *(.fini_array*)
 .fini_array    0x00000000080013e0        0x4 /home/cartogan/Ac6/SystemWorkbench/plugins/fr.ac6.mcu.externaltools.arm-none.linux64_1.15.0.201708311556/tools/compiler/bin/../lib/gcc/arm-none-eabi/6.3.1/thumb/v7e-m/fpv4-sp/hard/crtbegin.o
                0x00000000080013e4                PROVIDE (__fini_array_end, .)
                0x00000000080013e8                . = ALIGN (0x8)
 *fill*         0x00000000080013e4        0x4 
                0x00000000080013e8                _sidata = LOADADDR (.data)

.data           0x0000000020000000      0x848 load address 0x00000000080013e8
                0x0000000020000000                . = ALIGN (0x8)
                0x0000000020000000                _sdata = .
 *(.data)
 .data          0x0000000020000000        0x4 src/system_stm32l4xx.o
                0x0000000020000000                SystemCoreClock
 *(.data*)
 .data._impure_ptr
                0x0000000020000004        0x4 /home/cartogan/Ac6/SystemWorkbench/plugins/fr.ac6.mcu.externaltools.arm-none.linux64_1.15.0.201708311556/tools/compiler/bin/../lib/gcc/arm-none-eabi/6.3.1/../../../../arm-none-eabi/lib/thumb/v7e-m/fpv4-sp/hard/libc.a(lib_a-impure.o)
                0x0000000020000004                _impure_ptr
 .data.impure_data
                0x0000000020000008      0x428 /home/cartogan/Ac6/SystemWorkbench/plugins/fr.ac6.mcu.externaltools.arm-none.linux64_1.15.0.201708311556/tools/compiler/bin/../lib/gcc/arm-none-eabi/6.3.1/../../../../arm-none-eabi/lib/thumb/v7e-m/fpv4-sp/hard/libc.a(lib_a-impure.o)
 .data.__malloc_av_
                0x0000000020000430      0x408 /home/cartogan/Ac6/SystemWorkbench/plugins/fr.ac6.mcu.externaltools.arm-none.linux64_1.15.0.201708311556/tools/compiler/bin/../lib/gcc/arm-none-eabi/6.3.1/../../../../arm-none-eabi/lib/thumb/v7e-m/fpv4-sp/hard/libc.a(lib_a-mallocr.o)
                0x0000000020000430                __malloc_av_
 .data.__malloc_sbrk_base
                0x0000000020000838        0x4 /home/cartogan/Ac6/SystemWorkbench/plugins/fr.ac6.mcu.externaltools.arm-none.linux64_1.15.0.201708311556/tools/compiler/bin/../lib/gcc/arm-none-eabi/6.3.1/../../../../arm-none-eabi/lib/thumb/v7e-m/fpv4-sp/hard/libc.a(lib_a-mallocr.o)
                0x0000000020000838                __malloc_sbrk_base
 .data.__malloc_trim_threshold
                0x000000002000083c        0x4 /home/cartogan/Ac6/SystemWorkbench/plugins/fr.ac6.mcu.externaltools.arm-none.linux64_1.15.0.201708311556/tools/compiler/bin/../lib/gcc/arm-none-eabi/6.3.1/../../../../arm-none-eabi/lib/thumb/v7e-m/fpv4-sp/hard/libc.a(lib_a-mallocr.o)
                0x000000002000083c                __malloc_trim_threshold
 .data.__atexit_recursive_mutex
                0x0000000020000840        0x4 /home/cartogan/Ac6/SystemWorkbench/plugins/fr.ac6.mcu.externaltools.arm-none.linux64_1.15.0.201708311556/tools/compiler/bin/../lib/gcc/arm-none-eabi/6.3.1/../../../../arm-none-eabi/lib/thumb/v7e-m/fpv4-sp/hard/libc.a(lib_a-__call_atexit.o)
                0x0000000020000840                __atexit_recursive_mutex
                0x0000000020000848                . = ALIGN (0x8)
 *fill*         0x0000000020000844        0x4 
                0x0000000020000848                _edata = .

.jcr            0x0000000020000848        0x0 load address 0x0000000008001c30
 .jcr           0x0000000020000848        0x0 /home/cartogan/Ac6/SystemWorkbench/plugins/fr.ac6.mcu.externaltools.arm-none.linux64_1.15.0.201708311556/tools/compiler/bin/../lib/gcc/arm-none-eabi/6.3.1/thumb/v7e-m/fpv4-sp/hard/crtbegin.o

.igot.plt       0x0000000020000848        0x0 load address 0x0000000008001c30
 .igot.plt      0x0000000020000848        0x0 /home/cartogan/Ac6/SystemWorkbench/plugins/fr.ac6.mcu.externaltools.arm-none.linux64_1.15.0.201708311556/tools/compiler/bin/../lib/gcc/arm-none-eabi/6.3.1/thumb/v7e-m/fpv4-sp/hard/crtbegin.o
                0x0000000020000848                . = ALIGN (0x4)

.bss            0x0000000020000848       0xd4 load address 0x0000000008001c30
                0x0000000020000848                _sbss = .
                0x0000000020000848                __bss_start__ = _sbss
 *(.bss)
 .bss           0x0000000020000848       0x1c /home/cartogan/Ac6/SystemWorkbench/plugins/fr.ac6.mcu.externaltools.arm-none.linux64_1.15.0.201708311556/tools/compiler/bin/../lib/gcc/arm-none-eabi/6.3.1/thumb/v7e-m/fpv4-sp/hard/crtbegin.o
 .bss           0x0000000020000864       0x14 src/motor_control.o
                0x0000000020000864                current_cmd
                0x0000000020000868                last_cmd
                0x000000002000086c                motor_status
                0x0000000020000872                move_until
                0x0000000020000874                remote_step_time
 .bss           0x0000000020000878        0x8 src/syscalls.o
                0x0000000020000878                __env
 *(.bss*)
 .bss.__malloc_current_mallinfo
                0x0000000020000880       0x28 /home/cartogan/Ac6/SystemWorkbench/plugins/fr.ac6.mcu.externaltools.arm-none.linux64_1.15.0.201708311556/tools/compiler/bin/../lib/gcc/arm-none-eabi/6.3.1/../../../../arm-none-eabi/lib/thumb/v7e-m/fpv4-sp/hard/libc.a(lib_a-mallocr.o)
                0x0000000020000880                __malloc_current_mallinfo
 .bss.__malloc_max_sbrked_mem
                0x00000000200008a8        0x4 /home/cartogan/Ac6/SystemWorkbench/plugins/fr.ac6.mcu.externaltools.arm-none.linux64_1.15.0.201708311556/tools/compiler/bin/../lib/gcc/arm-none-eabi/6.3.1/../../../../arm-none-eabi/lib/thumb/v7e-m/fpv4-sp/hard/libc.a(lib_a-mallocr.o)
                0x00000000200008a8                __malloc_max_sbrked_mem
 .bss.__malloc_max_total_mem
                0x00000000200008ac        0x4 /home/cartogan/Ac6/SystemWorkbench/plugins/fr.ac6.mcu.externaltools.arm-none.linux64_1.15.0.201708311556/tools/compiler/bin/../lib/gcc/arm-none-eabi/6.3.1/../../../../arm-none-eabi/lib/thumb/v7e-m/fpv4-sp/hard/libc.a(lib_a-mallocr.o)
                0x00000000200008ac                __malloc_max_total_mem
 .bss.__malloc_top_pad
                0x00000000200008b0        0x4 /home/cartogan/Ac6/SystemWorkbench/plugins/fr.ac6.mcu.externaltools.arm-none.linux64_1.15.0.201708311556/tools/compiler/bin/../lib/gcc/arm-none-eabi/6.3.1/../../../../arm-none-eabi/lib/thumb/v7e-m/fpv4-sp/hard/libc.a(lib_a-mallocr.o)
                0x00000000200008b0                __malloc_top_pad
 *(COMMON)
 COMMON         0x00000000200008b4        0x4 HAL_Driver/Src/stm32l4xx_hal.o
                0x00000000200008b4                uwTick
 COMMON         0x00000000200008b8       0x3c HAL_Driver/Src/stm32l4xx_hal_timebase_tim_template.o
                0x00000000200008b8                TimHandle
 COMMON         0x00000000200008f4       0x21 /home/cartogan/Ac6/SystemWorkbench/plugins/fr.ac6.mcu.externaltools.arm-none.linux64_1.15.0.201708311556/tools/compiler/bin/../lib/gcc/arm-none-eabi/6.3.1/../../../../arm-none-eabi/lib/thumb/v7e-m/fpv4-sp/hard/libc.a(lib_a-lock.o)
                0x00000000200008f4                __lock___atexit_recursive_mutex
                0x00000000200008f8                __lock___arc4random_mutex
                0x00000000200008fc                __lock___env_recursive_mutex
                0x0000000020000900                __lock___sinit_recursive_mutex
                0x0000000020000904                __lock___malloc_recursive_mutex
                0x0000000020000908                __lock___at_quick_exit_mutex
                0x000000002000090c                __lock___dd_hash_mutex
                0x0000000020000910                __lock___tz_mutex
                0x0000000020000914                __lock___sfp_recursive_mutex
 *fill*         0x0000000020000915        0x3 
 COMMON         0x0000000020000918        0x4 /home/cartogan/Ac6/SystemWorkbench/plugins/fr.ac6.mcu.externaltools.arm-none.linux64_1.15.0.201708311556/tools/compiler/bin/../lib/gcc/arm-none-eabi/6.3.1/../../../../arm-none-eabi/lib/thumb/v7e-m/fpv4-sp/hard/libc.a(lib_a-reent.o)
                0x0000000020000918                errno
                0x000000002000091c                . = ALIGN (0x4)
                0x000000002000091c                _ebss = .
                0x000000002000091c                __bss_end__ = _ebss

._user_heap_stack
                0x000000002000091c      0x604 load address 0x0000000008001c30
                0x0000000020000920                . = ALIGN (0x8)
 *fill*         0x000000002000091c        0x4 
                0x0000000020000920                PROVIDE (end, .)
                [!provide]                        PROVIDE (_end, .)
                0x0000000020000b20                . = (. + _Min_Heap_Size)
 *fill*         0x0000000020000920      0x200 
                0x0000000020000f20                . = (. + _Min_Stack_Size)
 *fill*         0x0000000020000b20      0x400 
                0x0000000020000f20                . = ALIGN (0x8)

/DISCARD/
 libc.a(*)
 libm.a(*)
 libgcc.a(*)

.ARM.attributes
                0x0000000000000000       0x30
 *(.ARM.attributes)
 .ARM.attributes
                0x0000000000000000       0x22 /home/cartogan/Ac6/SystemWorkbench/plugins/fr.ac6.mcu.externaltools.arm-none.linux64_1.15.0.201708311556/tools/compiler/bin/../lib/gcc/arm-none-eabi/6.3.1/thumb/v7e-m/fpv4-sp/hard/crti.o
 .ARM.attributes
                0x0000000000000022       0x34 /home/cartogan/Ac6/SystemWorkbench/plugins/fr.ac6.mcu.externaltools.arm-none.linux64_1.15.0.201708311556/tools/compiler/bin/../lib/gcc/arm-none-eabi/6.3.1/thumb/v7e-m/fpv4-sp/hard/crtbegin.o
 .ARM.attributes
                0x0000000000000056       0x39 HAL_Driver/Src/stm32l4xx_hal.o
 .ARM.attributes
                0x000000000000008f       0x39 HAL_Driver/Src/stm32l4xx_hal_cortex.o
 .ARM.attributes
                0x00000000000000c8       0x39 HAL_Driver/Src/stm32l4xx_hal_tim.o
 .ARM.attributes
                0x0000000000000101       0x39 HAL_Driver/Src/stm32l4xx_hal_tim_ex.o
 .ARM.attributes
                0x000000000000013a       0x39 HAL_Driver/Src/stm32l4xx_hal_timebase_tim_template.o
 .ARM.attributes
                0x0000000000000173       0x39 src/main.o
 .ARM.attributes
                0x00000000000001ac       0x39 src/motor_control.o
 .ARM.attributes
                0x00000000000001e5       0x39 src/stm32l4xx_it.o
 .ARM.attributes
                0x000000000000021e       0x39 src/syscalls.o
 .ARM.attributes
                0x0000000000000257       0x39 src/system_stm32l4xx.o
 .ARM.attributes
                0x0000000000000290       0x39 src/test_functions.o
 .ARM.attributes
                0x00000000000002c9       0x21 startup/startup_stm32l476xx.o
 .ARM.attributes
                0x00000000000002ea       0x34 /home/cartogan/Ac6/SystemWorkbench/plugins/fr.ac6.mcu.externaltools.arm-none.linux64_1.15.0.201708311556/tools/compiler/bin/../lib/gcc/arm-none-eabi/6.3.1/../../../../arm-none-eabi/lib/thumb/v7e-m/fpv4-sp/hard/libc.a(lib_a-errno.o)
 .ARM.attributes
                0x000000000000031e       0x34 /home/cartogan/Ac6/SystemWorkbench/plugins/fr.ac6.mcu.externaltools.arm-none.linux64_1.15.0.201708311556/tools/compiler/bin/../lib/gcc/arm-none-eabi/6.3.1/../../../../arm-none-eabi/lib/thumb/v7e-m/fpv4-sp/hard/libc.a(lib_a-impure.o)
 .ARM.attributes
                0x0000000000000352       0x34 /home/cartogan/Ac6/SystemWorkbench/plugins/fr.ac6.mcu.externaltools.arm-none.linux64_1.15.0.201708311556/tools/compiler/bin/../lib/gcc/arm-none-eabi/6.3.1/../../../../arm-none-eabi/lib/thumb/v7e-m/fpv4-sp/hard/libc.a(lib_a-init.o)
 .ARM.attributes
                0x0000000000000386       0x34 /home/cartogan/Ac6/SystemWorkbench/plugins/fr.ac6.mcu.externaltools.arm-none.linux64_1.15.0.201708311556/tools/compiler/bin/../lib/gcc/arm-none-eabi/6.3.1/../../../../arm-none-eabi/lib/thumb/v7e-m/fpv4-sp/hard/libc.a(lib_a-malloc.o)
 .ARM.attributes
                0x00000000000003ba       0x34 /home/cartogan/Ac6/SystemWorkbench/plugins/fr.ac6.mcu.externaltools.arm-none.linux64_1.15.0.201708311556/tools/compiler/bin/../lib/gcc/arm-none-eabi/6.3.1/../../../../arm-none-eabi/lib/thumb/v7e-m/fpv4-sp/hard/libc.a(lib_a-mallocr.o)
 .ARM.attributes
                0x00000000000003ee       0x34 /home/cartogan/Ac6/SystemWorkbench/plugins/fr.ac6.mcu.externaltools.arm-none.linux64_1.15.0.201708311556/tools/compiler/bin/../lib/gcc/arm-none-eabi/6.3.1/../../../../arm-none-eabi/lib/thumb/v7e-m/fpv4-sp/hard/libc.a(lib_a-memset.o)
 .ARM.attributes
                0x0000000000000422       0x34 /home/cartogan/Ac6/SystemWorkbench/plugins/fr.ac6.mcu.externaltools.arm-none.linux64_1.15.0.201708311556/tools/compiler/bin/../lib/gcc/arm-none-eabi/6.3.1/../../../../arm-none-eabi/lib/thumb/v7e-m/fpv4-sp/hard/libc.a(lib_a-mlock.o)
 .ARM.attributes
                0x0000000000000456       0x34 /home/cartogan/Ac6/SystemWorkbench/plugins/fr.ac6.mcu.externaltools.arm-none.linux64_1.15.0.201708311556/tools/compiler/bin/../lib/gcc/arm-none-eabi/6.3.1/../../../../arm-none-eabi/lib/thumb/v7e-m/fpv4-sp/hard/libc.a(lib_a-sbrkr.o)
 .ARM.attributes
                0x000000000000048a       0x34 /home/cartogan/Ac6/SystemWorkbench/plugins/fr.ac6.mcu.externaltools.arm-none.linux64_1.15.0.201708311556/tools/compiler/bin/../lib/gcc/arm-none-eabi/6.3.1/../../../../arm-none-eabi/lib/thumb/v7e-m/fpv4-sp/hard/libc.a(lib_a-__call_atexit.o)
 .ARM.attributes
                0x00000000000004be       0x34 /home/cartogan/Ac6/SystemWorkbench/plugins/fr.ac6.mcu.externaltools.arm-none.linux64_1.15.0.201708311556/tools/compiler/bin/../lib/gcc/arm-none-eabi/6.3.1/../../../../arm-none-eabi/lib/thumb/v7e-m/fpv4-sp/hard/libc.a(lib_a-atexit.o)
 .ARM.attributes
                0x00000000000004f2       0x34 /home/cartogan/Ac6/SystemWorkbench/plugins/fr.ac6.mcu.externaltools.arm-none.linux64_1.15.0.201708311556/tools/compiler/bin/../lib/gcc/arm-none-eabi/6.3.1/../../../../arm-none-eabi/lib/thumb/v7e-m/fpv4-sp/hard/libc.a(lib_a-fini.o)
 .ARM.attributes
                0x0000000000000526       0x34 /home/cartogan/Ac6/SystemWorkbench/plugins/fr.ac6.mcu.externaltools.arm-none.linux64_1.15.0.201708311556/tools/compiler/bin/../lib/gcc/arm-none-eabi/6.3.1/../../../../arm-none-eabi/lib/thumb/v7e-m/fpv4-sp/hard/libc.a(lib_a-freer.o)
 .ARM.attributes
                0x000000000000055a       0x34 /home/cartogan/Ac6/SystemWorkbench/plugins/fr.ac6.mcu.externaltools.arm-none.linux64_1.15.0.201708311556/tools/compiler/bin/../lib/gcc/arm-none-eabi/6.3.1/../../../../arm-none-eabi/lib/thumb/v7e-m/fpv4-sp/hard/libc.a(lib_a-lock.o)
 .ARM.attributes
                0x000000000000058e       0x34 /home/cartogan/Ac6/SystemWorkbench/plugins/fr.ac6.mcu.externaltools.arm-none.linux64_1.15.0.201708311556/tools/compiler/bin/../lib/gcc/arm-none-eabi/6.3.1/../../../../arm-none-eabi/lib/thumb/v7e-m/fpv4-sp/hard/libc.a(lib_a-reent.o)
 .ARM.attributes
                0x00000000000005c2       0x34 /home/cartogan/Ac6/SystemWorkbench/plugins/fr.ac6.mcu.externaltools.arm-none.linux64_1.15.0.201708311556/tools/compiler/bin/../lib/gcc/arm-none-eabi/6.3.1/../../../../arm-none-eabi/lib/thumb/v7e-m/fpv4-sp/hard/libc.a(lib_a-__atexit.o)
 .ARM.attributes
                0x00000000000005f6       0x22 /home/cartogan/Ac6/SystemWorkbench/plugins/fr.ac6.mcu.externaltools.arm-none.linux64_1.15.0.201708311556/tools/compiler/bin/../lib/gcc/arm-none-eabi/6.3.1/thumb/v7e-m/fpv4-sp/hard/crtn.o
OUTPUT(ROBKO_01.elf elf32-littlearm)

.debug_info     0x0000000000000000     0xeec7
 .debug_info    0x0000000000000000     0x1265 HAL_Driver/Src/stm32l4xx_hal.o
 .debug_info    0x0000000000001265     0x15a4 HAL_Driver/Src/stm32l4xx_hal_cortex.o
 .debug_info    0x0000000000002809     0x2b21 HAL_Driver/Src/stm32l4xx_hal_tim.o
 .debug_info    0x000000000000532a     0x19cf HAL_Driver/Src/stm32l4xx_hal_tim_ex.o
 .debug_info    0x0000000000006cf9     0x13d3 HAL_Driver/Src/stm32l4xx_hal_timebase_tim_template.o
 .debug_info    0x00000000000080cc     0x253e src/main.o
 .debug_info    0x000000000000a60a     0x1024 src/motor_control.o
 .debug_info    0x000000000000b62e      0xaf5 src/stm32l4xx_it.o
 .debug_info    0x000000000000c123      0xf2a src/syscalls.o
 .debug_info    0x000000000000d04d      0xde3 src/system_stm32l4xx.o
 .debug_info    0x000000000000de30     0x1026 src/test_functions.o
 .debug_info    0x000000000000ee56       0x71 startup/startup_stm32l476xx.o

.debug_abbrev   0x0000000000000000     0x1e4f
 .debug_abbrev  0x0000000000000000      0x2b5 HAL_Driver/Src/stm32l4xx_hal.o
 .debug_abbrev  0x00000000000002b5      0x381 HAL_Driver/Src/stm32l4xx_hal_cortex.o
 .debug_abbrev  0x0000000000000636      0x2e6 HAL_Driver/Src/stm32l4xx_hal_tim.o
 .debug_abbrev  0x000000000000091c      0x2c3 HAL_Driver/Src/stm32l4xx_hal_tim_ex.o
 .debug_abbrev  0x0000000000000bdf      0x274 HAL_Driver/Src/stm32l4xx_hal_timebase_tim_template.o
 .debug_abbrev  0x0000000000000e53      0x38d src/main.o
 .debug_abbrev  0x00000000000011e0      0x2c0 src/motor_control.o
 .debug_abbrev  0x00000000000014a0      0x210 src/stm32l4xx_it.o
 .debug_abbrev  0x00000000000016b0      0x2aa src/syscalls.o
 .debug_abbrev  0x000000000000195a      0x226 src/system_stm32l4xx.o
 .debug_abbrev  0x0000000000001b80      0x2bd src/test_functions.o
 .debug_abbrev  0x0000000000001e3d       0x12 startup/startup_stm32l476xx.o

.debug_aranges  0x0000000000000000      0xb98
 .debug_aranges
                0x0000000000000000      0x118 HAL_Driver/Src/stm32l4xx_hal.o
 .debug_aranges
                0x0000000000000118      0x108 HAL_Driver/Src/stm32l4xx_hal_cortex.o
 .debug_aranges
                0x0000000000000220      0x378 HAL_Driver/Src/stm32l4xx_hal_tim.o
 .debug_aranges
                0x0000000000000598      0x150 HAL_Driver/Src/stm32l4xx_hal_tim_ex.o
 .debug_aranges
                0x00000000000006e8       0x40 HAL_Driver/Src/stm32l4xx_hal_timebase_tim_template.o
 .debug_aranges
                0x0000000000000728      0x208 src/main.o
 .debug_aranges
                0x0000000000000930       0x90 src/motor_control.o
 .debug_aranges
                0x00000000000009c0       0x38 src/stm32l4xx_it.o
 .debug_aranges
                0x00000000000009f8       0xb0 src/syscalls.o
 .debug_aranges
                0x0000000000000aa8       0x28 src/system_stm32l4xx.o
 .debug_aranges
                0x0000000000000ad0       0xa0 src/test_functions.o
 .debug_aranges
                0x0000000000000b70       0x28 startup/startup_stm32l476xx.o

.debug_ranges   0x0000000000000000      0xae0
 .debug_ranges  0x0000000000000000      0x108 HAL_Driver/Src/stm32l4xx_hal.o
 .debug_ranges  0x0000000000000108       0xf8 HAL_Driver/Src/stm32l4xx_hal_cortex.o
 .debug_ranges  0x0000000000000200      0x368 HAL_Driver/Src/stm32l4xx_hal_tim.o
 .debug_ranges  0x0000000000000568      0x140 HAL_Driver/Src/stm32l4xx_hal_tim_ex.o
 .debug_ranges  0x00000000000006a8       0x30 HAL_Driver/Src/stm32l4xx_hal_timebase_tim_template.o
 .debug_ranges  0x00000000000006d8      0x1f8 src/main.o
 .debug_ranges  0x00000000000008d0       0x80 src/motor_control.o
 .debug_ranges  0x0000000000000950       0x28 src/stm32l4xx_it.o
 .debug_ranges  0x0000000000000978       0xa0 src/syscalls.o
 .debug_ranges  0x0000000000000a18       0x18 src/system_stm32l4xx.o
 .debug_ranges  0x0000000000000a30       0x90 src/test_functions.o
 .debug_ranges  0x0000000000000ac0       0x20 startup/startup_stm32l476xx.o

.debug_macro    0x0000000000000000    0x284d8
 .debug_macro   0x0000000000000000      0x330 HAL_Driver/Src/stm32l4xx_hal.o
 .debug_macro   0x0000000000000330      0x8ce HAL_Driver/Src/stm32l4xx_hal.o
 .debug_macro   0x0000000000000bfe       0xa6 HAL_Driver/Src/stm32l4xx_hal.o
 .debug_macro   0x0000000000000ca4       0x28 HAL_Driver/Src/stm32l4xx_hal.o
 .debug_macro   0x0000000000000ccc       0x28 HAL_Driver/Src/stm32l4xx_hal.o
 .debug_macro   0x0000000000000cf4       0x22 HAL_Driver/Src/stm32l4xx_hal.o
 .debug_macro   0x0000000000000d16       0x87 HAL_Driver/Src/stm32l4xx_hal.o
 .debug_macro   0x0000000000000d9d       0x51 HAL_Driver/Src/stm32l4xx_hal.o
 .debug_macro   0x0000000000000dee       0xef HAL_Driver/Src/stm32l4xx_hal.o
 .debug_macro   0x0000000000000edd       0x6a HAL_Driver/Src/stm32l4xx_hal.o
 .debug_macro   0x0000000000000f47      0x1df HAL_Driver/Src/stm32l4xx_hal.o
 .debug_macro   0x0000000000001126       0x35 HAL_Driver/Src/stm32l4xx_hal.o
 .debug_macro   0x000000000000115b       0x50 HAL_Driver/Src/stm32l4xx_hal.o
 .debug_macro   0x00000000000011ab      0xe66 HAL_Driver/Src/stm32l4xx_hal.o
 .debug_macro   0x0000000000002011    0x1a193 HAL_Driver/Src/stm32l4xx_hal.o
 .debug_macro   0x000000000001c1a4       0x43 HAL_Driver/Src/stm32l4xx_hal.o
 .debug_macro   0x000000000001c1e7     0x36a1 HAL_Driver/Src/stm32l4xx_hal.o
 .debug_macro   0x000000000001f888       0x58 HAL_Driver/Src/stm32l4xx_hal.o
 .debug_macro   0x000000000001f8e0       0x35 HAL_Driver/Src/stm32l4xx_hal.o
 .debug_macro   0x000000000001f915       0x9c HAL_Driver/Src/stm32l4xx_hal.o
 .debug_macro   0x000000000001f9b1       0x16 HAL_Driver/Src/stm32l4xx_hal.o
 .debug_macro   0x000000000001f9c7       0x97 HAL_Driver/Src/stm32l4xx_hal.o
 .debug_macro   0x000000000001fa5e      0x330 HAL_Driver/Src/stm32l4xx_hal.o
 .debug_macro   0x000000000001fd8e       0xfd HAL_Driver/Src/stm32l4xx_hal.o
 .debug_macro   0x000000000001fe8b       0x10 HAL_Driver/Src/stm32l4xx_hal.o
 .debug_macro   0x000000000001fe9b       0x58 HAL_Driver/Src/stm32l4xx_hal.o
 .debug_macro   0x000000000001fef3       0x1f HAL_Driver/Src/stm32l4xx_hal.o
 .debug_macro   0x000000000001ff12       0x43 HAL_Driver/Src/stm32l4xx_hal.o
 .debug_macro   0x000000000001ff55       0x20 HAL_Driver/Src/stm32l4xx_hal.o
 .debug_macro   0x000000000001ff75      0x187 HAL_Driver/Src/stm32l4xx_hal.o
 .debug_macro   0x00000000000200fc       0x10 HAL_Driver/Src/stm32l4xx_hal.o
 .debug_macro   0x000000000002010c       0x1c HAL_Driver/Src/stm32l4xx_hal.o
 .debug_macro   0x0000000000020128       0x52 HAL_Driver/Src/stm32l4xx_hal.o
 .debug_macro   0x000000000002017a       0x40 HAL_Driver/Src/stm32l4xx_hal.o
 .debug_macro   0x00000000000201ba       0x10 HAL_Driver/Src/stm32l4xx_hal.o
 .debug_macro   0x00000000000201ca       0x40 HAL_Driver/Src/stm32l4xx_hal.o
 .debug_macro   0x000000000002020a       0xd7 HAL_Driver/Src/stm32l4xx_hal.o
 .debug_macro   0x00000000000202e1       0x16 HAL_Driver/Src/stm32l4xx_hal.o
 .debug_macro   0x00000000000202f7      0x18b HAL_Driver/Src/stm32l4xx_hal.o
 .debug_macro   0x0000000000020482       0x57 HAL_Driver/Src/stm32l4xx_hal.o
 .debug_macro   0x00000000000204d9     0x1566 HAL_Driver/Src/stm32l4xx_hal.o
 .debug_macro   0x0000000000021a3f      0x59e HAL_Driver/Src/stm32l4xx_hal.o
 .debug_macro   0x0000000000021fdd      0x148 HAL_Driver/Src/stm32l4xx_hal.o
 .debug_macro   0x0000000000022125      0x18b HAL_Driver/Src/stm32l4xx_hal.o
 .debug_macro   0x00000000000222b0      0x25d HAL_Driver/Src/stm32l4xx_hal.o
 .debug_macro   0x000000000002250d      0x23a HAL_Driver/Src/stm32l4xx_hal.o
 .debug_macro   0x0000000000022747      0x367 HAL_Driver/Src/stm32l4xx_hal.o
 .debug_macro   0x0000000000022aae       0x10 HAL_Driver/Src/stm32l4xx_hal.o
 .debug_macro   0x0000000000022abe       0xe4 HAL_Driver/Src/stm32l4xx_hal.o
 .debug_macro   0x0000000000022ba2      0x126 HAL_Driver/Src/stm32l4xx_hal.o
 .debug_macro   0x0000000000022cc8      0x3dc HAL_Driver/Src/stm32l4xx_hal.o
 .debug_macro   0x00000000000230a4      0x9cd HAL_Driver/Src/stm32l4xx_hal.o
 .debug_macro   0x0000000000023a71      0x1e0 HAL_Driver/Src/stm32l4xx_hal.o
 .debug_macro   0x0000000000023c51      0x320 HAL_Driver/Src/stm32l4xx_hal.o
 .debug_macro   0x0000000000023f71      0x2e2 HAL_Driver/Src/stm32l4xx_hal_cortex.o
 .debug_macro   0x0000000000024253      0x2e3 HAL_Driver/Src/stm32l4xx_hal_tim.o
 .debug_macro   0x0000000000024536      0x2f4 HAL_Driver/Src/stm32l4xx_hal_tim_ex.o
 .debug_macro   0x000000000002482a      0x2e2 HAL_Driver/Src/stm32l4xx_hal_timebase_tim_template.o
 .debug_macro   0x0000000000024b0c      0x3b8 src/main.o
 .debug_macro   0x0000000000024ec4       0x1c src/main.o
 .debug_macro   0x0000000000024ee0      0x16b src/main.o
 .debug_macro   0x000000000002504b      0x1b2 src/main.o
 .debug_macro   0x00000000000251fd       0x84 src/main.o
 .debug_macro   0x0000000000025281      0x2cb src/main.o
 .debug_macro   0x000000000002554c      0x2f7 src/main.o
 .debug_macro   0x0000000000025843      0x176 src/main.o
 .debug_macro   0x00000000000259b9       0x16 src/main.o
 .debug_macro   0x00000000000259cf       0x35 src/main.o
 .debug_macro   0x0000000000025a04       0x16 src/main.o
 .debug_macro   0x0000000000025a1a       0x16 src/main.o
 .debug_macro   0x0000000000025a30       0x29 src/main.o
 .debug_macro   0x0000000000025a59      0x252 src/main.o
 .debug_macro   0x0000000000025cab      0x3b8 src/motor_control.o
 .debug_macro   0x0000000000026063      0x3bc src/stm32l4xx_it.o
 .debug_macro   0x000000000002641f      0xf3d src/stm32l4xx_it.o
 .debug_macro   0x000000000002735c      0x236 src/syscalls.o
 .debug_macro   0x0000000000027592       0x52 src/syscalls.o
 .debug_macro   0x00000000000275e4       0x8d src/syscalls.o
 .debug_macro   0x0000000000027671       0x57 src/syscalls.o
 .debug_macro   0x00000000000276c8      0x174 src/syscalls.o
 .debug_macro   0x000000000002783c       0x10 src/syscalls.o
 .debug_macro   0x000000000002784c       0x10 src/syscalls.o
 .debug_macro   0x000000000002785c       0x10 src/syscalls.o
 .debug_macro   0x000000000002786c       0x35 src/syscalls.o
 .debug_macro   0x00000000000278a1      0x122 src/syscalls.o
 .debug_macro   0x00000000000279c3       0x10 src/syscalls.o
 .debug_macro   0x00000000000279d3      0x241 src/syscalls.o
 .debug_macro   0x0000000000027c14       0x1c src/syscalls.o
 .debug_macro   0x0000000000027c30       0x10 src/syscalls.o
 .debug_macro   0x0000000000027c40      0x159 src/syscalls.o
 .debug_macro   0x0000000000027d99       0x16 src/syscalls.o
 .debug_macro   0x0000000000027daf       0x88 src/syscalls.o
 .debug_macro   0x0000000000027e37      0x2e9 src/system_stm32l4xx.o
 .debug_macro   0x0000000000028120      0x3b8 src/test_functions.o

.debug_line     0x0000000000000000     0x8032
 .debug_line    0x0000000000000000      0x9b1 HAL_Driver/Src/stm32l4xx_hal.o
 .debug_line    0x00000000000009b1      0xa2c HAL_Driver/Src/stm32l4xx_hal_cortex.o
 .debug_line    0x00000000000013dd     0x1a6b HAL_Driver/Src/stm32l4xx_hal_tim.o
 .debug_line    0x0000000000002e48      0xd9c HAL_Driver/Src/stm32l4xx_hal_tim_ex.o
 .debug_line    0x0000000000003be4      0x7d3 HAL_Driver/Src/stm32l4xx_hal_timebase_tim_template.o
 .debug_line    0x00000000000043b7      0xef5 src/main.o
 .debug_line    0x00000000000052ac      0xbb7 src/motor_control.o
 .debug_line    0x0000000000005e63      0x93d src/stm32l4xx_it.o
 .debug_line    0x00000000000067a0      0x60c src/syscalls.o
 .debug_line    0x0000000000006dac      0x78e src/system_stm32l4xx.o
 .debug_line    0x000000000000753a      0xa79 src/test_functions.o
 .debug_line    0x0000000000007fb3       0x7f startup/startup_stm32l476xx.o

.debug_str      0x0000000000000000    0xfada0
 .debug_str     0x0000000000000000    0xe175f HAL_Driver/Src/stm32l4xx_hal.o
                                      0xe2604 (size before relaxing)
 .debug_str     0x00000000000e175f      0x3aa HAL_Driver/Src/stm32l4xx_hal_cortex.o
                                      0xe2331 (size before relaxing)
 .debug_str     0x00000000000e1b09     0x1044 HAL_Driver/Src/stm32l4xx_hal_tim.o
                                      0xe2ac6 (size before relaxing)
 .debug_str     0x00000000000e2b4d      0x67f HAL_Driver/Src/stm32l4xx_hal_tim_ex.o
                                      0xe24f3 (size before relaxing)
 .debug_str     0x00000000000e31cc       0xec HAL_Driver/Src/stm32l4xx_hal_timebase_tim_template.o
                                      0xe24b6 (size before relaxing)
 .debug_str     0x00000000000e32b8    0x16565 src/main.o
                                      0xf875d (size before relaxing)
 .debug_str     0x00000000000f981d      0x200 src/motor_control.o
                                      0xf77ad (size before relaxing)
 .debug_str     0x00000000000f9a1d       0x7e src/stm32l4xx_it.o
                                      0xf7593 (size before relaxing)
 .debug_str     0x00000000000f9a9b     0x10d2 src/syscalls.o
                                       0x7d4f (size before relaxing)
 .debug_str     0x00000000000fab6d       0x74 src/system_stm32l4xx.o
                                      0xe1b32 (size before relaxing)
 .debug_str     0x00000000000fabe1      0x1bf src/test_functions.o
                                      0xf77ce (size before relaxing)

.comment        0x0000000000000000       0x7f
 .comment       0x0000000000000000       0x7f HAL_Driver/Src/stm32l4xx_hal.o
                                         0x80 (size before relaxing)
 .comment       0x000000000000007f       0x80 HAL_Driver/Src/stm32l4xx_hal_cortex.o
 .comment       0x000000000000007f       0x80 HAL_Driver/Src/stm32l4xx_hal_tim.o
 .comment       0x000000000000007f       0x80 HAL_Driver/Src/stm32l4xx_hal_tim_ex.o
 .comment       0x000000000000007f       0x80 HAL_Driver/Src/stm32l4xx_hal_timebase_tim_template.o
 .comment       0x000000000000007f       0x80 src/main.o
 .comment       0x000000000000007f       0x80 src/motor_control.o
 .comment       0x000000000000007f       0x80 src/stm32l4xx_it.o
 .comment       0x000000000000007f       0x80 src/syscalls.o
 .comment       0x000000000000007f       0x80 src/system_stm32l4xx.o
 .comment       0x000000000000007f       0x80 src/test_functions.o

.debug_frame    0x0000000000000000     0x346c
 .debug_frame   0x0000000000000000      0x42c HAL_Driver/Src/stm32l4xx_hal.o
 .debug_frame   0x000000000000042c      0x450 HAL_Driver/Src/stm32l4xx_hal_cortex.o
 .debug_frame   0x000000000000087c     0x100c HAL_Driver/Src/stm32l4xx_hal_tim.o
 .debug_frame   0x0000000000001888      0x5c4 HAL_Driver/Src/stm32l4xx_hal_tim_ex.o
 .debug_frame   0x0000000000001e4c       0xb4 HAL_Driver/Src/stm32l4xx_hal_timebase_tim_template.o
 .debug_frame   0x0000000000001f00      0x91c src/main.o
 .debug_frame   0x000000000000281c      0x248 src/motor_control.o
 .debug_frame   0x0000000000002a64       0x90 src/stm32l4xx_it.o
 .debug_frame   0x0000000000002af4      0x2d4 src/syscalls.o
 .debug_frame   0x0000000000002dc8       0x58 src/system_stm32l4xx.o
 .debug_frame   0x0000000000002e20      0x288 src/test_functions.o
 .debug_frame   0x00000000000030a8       0x20 /home/cartogan/Ac6/SystemWorkbench/plugins/fr.ac6.mcu.externaltools.arm-none.linux64_1.15.0.201708311556/tools/compiler/bin/../lib/gcc/arm-none-eabi/6.3.1/../../../../arm-none-eabi/lib/thumb/v7e-m/fpv4-sp/hard/libc.a(lib_a-errno.o)
 .debug_frame   0x00000000000030c8       0x2c /home/cartogan/Ac6/SystemWorkbench/plugins/fr.ac6.mcu.externaltools.arm-none.linux64_1.15.0.201708311556/tools/compiler/bin/../lib/gcc/arm-none-eabi/6.3.1/../../../../arm-none-eabi/lib/thumb/v7e-m/fpv4-sp/hard/libc.a(lib_a-init.o)
 .debug_frame   0x00000000000030f4       0x30 /home/cartogan/Ac6/SystemWorkbench/plugins/fr.ac6.mcu.externaltools.arm-none.linux64_1.15.0.201708311556/tools/compiler/bin/../lib/gcc/arm-none-eabi/6.3.1/../../../../arm-none-eabi/lib/thumb/v7e-m/fpv4-sp/hard/libc.a(lib_a-malloc.o)
 .debug_frame   0x0000000000003124       0x58 /home/cartogan/Ac6/SystemWorkbench/plugins/fr.ac6.mcu.externaltools.arm-none.linux64_1.15.0.201708311556/tools/compiler/bin/../lib/gcc/arm-none-eabi/6.3.1/../../../../arm-none-eabi/lib/thumb/v7e-m/fpv4-sp/hard/libc.a(lib_a-mallocr.o)
 .debug_frame   0x000000000000317c       0x34 /home/cartogan/Ac6/SystemWorkbench/plugins/fr.ac6.mcu.externaltools.arm-none.linux64_1.15.0.201708311556/tools/compiler/bin/../lib/gcc/arm-none-eabi/6.3.1/../../../../arm-none-eabi/lib/thumb/v7e-m/fpv4-sp/hard/libc.a(lib_a-memset.o)
 .debug_frame   0x00000000000031b0       0x30 /home/cartogan/Ac6/SystemWorkbench/plugins/fr.ac6.mcu.externaltools.arm-none.linux64_1.15.0.201708311556/tools/compiler/bin/../lib/gcc/arm-none-eabi/6.3.1/../../../../arm-none-eabi/lib/thumb/v7e-m/fpv4-sp/hard/libc.a(lib_a-mlock.o)
 .debug_frame   0x00000000000031e0       0x2c /home/cartogan/Ac6/SystemWorkbench/plugins/fr.ac6.mcu.externaltools.arm-none.linux64_1.15.0.201708311556/tools/compiler/bin/../lib/gcc/arm-none-eabi/6.3.1/../../../../arm-none-eabi/lib/thumb/v7e-m/fpv4-sp/hard/libc.a(lib_a-sbrkr.o)
 .debug_frame   0x000000000000320c       0x5c /home/cartogan/Ac6/SystemWorkbench/plugins/fr.ac6.mcu.externaltools.arm-none.linux64_1.15.0.201708311556/tools/compiler/bin/../lib/gcc/arm-none-eabi/6.3.1/../../../../arm-none-eabi/lib/thumb/v7e-m/fpv4-sp/hard/libc.a(lib_a-__call_atexit.o)
 .debug_frame   0x0000000000003268       0x20 /home/cartogan/Ac6/SystemWorkbench/plugins/fr.ac6.mcu.externaltools.arm-none.linux64_1.15.0.201708311556/tools/compiler/bin/../lib/gcc/arm-none-eabi/6.3.1/../../../../arm-none-eabi/lib/thumb/v7e-m/fpv4-sp/hard/libc.a(lib_a-atexit.o)
 .debug_frame   0x0000000000003288       0x34 /home/cartogan/Ac6/SystemWorkbench/plugins/fr.ac6.mcu.externaltools.arm-none.linux64_1.15.0.201708311556/tools/compiler/bin/../lib/gcc/arm-none-eabi/6.3.1/../../../../arm-none-eabi/lib/thumb/v7e-m/fpv4-sp/hard/libc.a(lib_a-fini.o)
 .debug_frame   0x00000000000032bc       0x74 /home/cartogan/Ac6/SystemWorkbench/plugins/fr.ac6.mcu.externaltools.arm-none.linux64_1.15.0.201708311556/tools/compiler/bin/../lib/gcc/arm-none-eabi/6.3.1/../../../../arm-none-eabi/lib/thumb/v7e-m/fpv4-sp/hard/libc.a(lib_a-freer.o)
 .debug_frame   0x0000000000003330       0xb0 /home/cartogan/Ac6/SystemWorkbench/plugins/fr.ac6.mcu.externaltools.arm-none.linux64_1.15.0.201708311556/tools/compiler/bin/../lib/gcc/arm-none-eabi/6.3.1/../../../../arm-none-eabi/lib/thumb/v7e-m/fpv4-sp/hard/libc.a(lib_a-lock.o)
 .debug_frame   0x00000000000033e0       0x58 /home/cartogan/Ac6/SystemWorkbench/plugins/fr.ac6.mcu.externaltools.arm-none.linux64_1.15.0.201708311556/tools/compiler/bin/../lib/gcc/arm-none-eabi/6.3.1/../../../../arm-none-eabi/lib/thumb/v7e-m/fpv4-sp/hard/libc.a(lib_a-reent.o)
 .debug_frame   0x0000000000003438       0x34 /home/cartogan/Ac6/SystemWorkbench/plugins/fr.ac6.mcu.externaltools.arm-none.linux64_1.15.0.201708311556/tools/compiler/bin/../lib/gcc/arm-none-eabi/6.3.1/../../../../arm-none-eabi/lib/thumb/v7e-m/fpv4-sp/hard/libc.a(lib_a-__atexit.o)
